Archive member included because of file (symbol)

/home/fred/workspace/pinguino32/p32/obj/non-free/usb/libcdc.a(usb_device.o)
                              /home/fred/workspace/pinguino32/source/main32.o (USBDeviceInit)
/home/fred/workspace/pinguino32/p32/obj/non-free/usb/libcdc.a(usb_function_cdc.o)
                              /home/fred/workspace/pinguino32/source/main32.o (USBCheckCDCRequest)
/home/fred/workspace/pinguino32/p32/obj/non-free/usb/libcdc.a(usb_descriptors.o)
                              /home/fred/workspace/pinguino32/p32/obj/non-free/usb/libcdc.a(usb_device.o) (device_dsc)
/usr/lib/gcc/mipsel-elf/4.5.3/../../../../mipsel-elf/lib/libc.a(lib_a-malloc.o)
                              /home/fred/workspace/pinguino32/source/main32.o (malloc)
/usr/lib/gcc/mipsel-elf/4.5.3/../../../../mipsel-elf/lib/libc.a(lib_a-mallocr.o)
                              /usr/lib/gcc/mipsel-elf/4.5.3/../../../../mipsel-elf/lib/libc.a(lib_a-malloc.o) (_malloc_r)
/usr/lib/gcc/mipsel-elf/4.5.3/../../../../mipsel-elf/lib/libc.a(lib_a-mlock.o)
                              /usr/lib/gcc/mipsel-elf/4.5.3/../../../../mipsel-elf/lib/libc.a(lib_a-mallocr.o) (__malloc_lock)
/usr/lib/gcc/mipsel-elf/4.5.3/../../../../mipsel-elf/lib/libc.a(lib_a-sbrkr.o)
                              /usr/lib/gcc/mipsel-elf/4.5.3/../../../../mipsel-elf/lib/libc.a(lib_a-mallocr.o) (_sbrk_r)
/usr/lib/gcc/mipsel-elf/4.5.3/../../../../mipsel-elf/lib/libc.a(lib_a-strcmp.o)
                              /home/fred/workspace/pinguino32/source/main32.o (strcmp)
/usr/lib/gcc/mipsel-elf/4.5.3/../../../../mipsel-elf/lib/libc.a(lib_a-freer.o)
                              /usr/lib/gcc/mipsel-elf/4.5.3/../../../../mipsel-elf/lib/libc.a(lib_a-malloc.o) (_free_r)
/usr/lib/gcc/mipsel-elf/4.5.3/../../../../mipsel-elf/lib/libc.a(lib_a-impure.o)
                              /usr/lib/gcc/mipsel-elf/4.5.3/../../../../mipsel-elf/lib/libc.a(lib_a-malloc.o) (_impure_ptr)
/usr/lib/gcc/mipsel-elf/4.5.3/../../../../mipsel-elf/lib/libc.a(lib_a-reent.o)
                              /usr/lib/gcc/mipsel-elf/4.5.3/../../../../mipsel-elf/lib/libc.a(lib_a-sbrkr.o) (errno)

Allocating common symbols
Common symbol       size              file

pDst                0x4               /home/fred/workspace/pinguino32/p32/obj/non-free/usb/libcdc.a(usb_device.o)
control_signal_bitmap
                    0x4               /home/fred/workspace/pinguino32/p32/obj/non-free/usb/libcdc.a(usb_function_cdc.o)
BDT                 0x60              /home/fred/workspace/pinguino32/p32/obj/non-free/usb/libcdc.a(usb_device.o)
CtrlTrfData         0x8               /home/fred/workspace/pinguino32/p32/obj/non-free/usb/libcdc.a(usb_device.o)
errno               0x4               /usr/lib/gcc/mipsel-elf/4.5.3/../../../../mipsel-elf/lib/libc.a(lib_a-reent.o)
Finfo               0x18              /home/fred/workspace/pinguino32/source/main32.o
USBDeviceState      0x4               /home/fred/workspace/pinguino32/p32/obj/non-free/usb/libcdc.a(usb_device.o)
controlTransferState
                    0x1               /home/fred/workspace/pinguino32/p32/obj/non-free/usb/libcdc.a(usb_device.o)
cdc_tx_len          0x1               /home/fred/workspace/pinguino32/p32/obj/non-free/usb/libcdc.a(usb_function_cdc.o)
UART2rpointer       0x4               /home/fred/workspace/pinguino32/source/main32.o
USBInMaxPacketSize  0x4               /home/fred/workspace/pinguino32/p32/obj/non-free/usb/libcdc.a(usb_device.o)
pCDCSrc             0x4               /home/fred/workspace/pinguino32/p32/obj/non-free/usb/libcdc.a(usb_function_cdc.o)
cdc_data_tx         0x40              /home/fred/workspace/pinguino32/p32/obj/non-free/usb/libcdc.a(usb_function_cdc.o)
inPipes             0x10              /home/fred/workspace/pinguino32/p32/obj/non-free/usb/libcdc.a(usb_device.o)
pBDTEntryIn         0xc               /home/fred/workspace/pinguino32/p32/obj/non-free/usb/libcdc.a(usb_device.o)
heap_ptr            0x4               /home/fred/workspace/pinguino32/source/main32.o
CDCDataOutHandle    0x4               /home/fred/workspace/pinguino32/p32/obj/non-free/usb/libcdc.a(usb_function_cdc.o)
UART2wpointer       0x4               /home/fred/workspace/pinguino32/source/main32.o
cdc_rx_len          0x1               /home/fred/workspace/pinguino32/p32/obj/non-free/usb/libcdc.a(usb_function_cdc.o)
UART2SerialBuffer   0x80              /home/fred/workspace/pinguino32/source/main32.o
line_coding         0x8               /home/fred/workspace/pinguino32/p32/obj/non-free/usb/libcdc.a(usb_function_cdc.o)
AccSize             0x4               /home/fred/workspace/pinguino32/source/main32.o
FError              0x1               /home/fred/workspace/pinguino32/source/main32.o
Fat                 0x4               /home/fred/workspace/pinguino32/source/main32.o
BaudRateGen         0x4               /home/fred/workspace/pinguino32/p32/obj/non-free/usb/libcdc.a(usb_function_cdc.o)
pBDTEntryOut        0xc               /home/fred/workspace/pinguino32/p32/obj/non-free/usb/libcdc.a(usb_device.o)
CDCDataInHandle     0x4               /home/fred/workspace/pinguino32/p32/obj/non-free/usb/libcdc.a(usb_function_cdc.o)
BothEP0OutUOWNsSet  0x4               /home/fred/workspace/pinguino32/p32/obj/non-free/usb/libcdc.a(usb_device.o)
cdc_data_rx         0x40              /home/fred/workspace/pinguino32/p32/obj/non-free/usb/libcdc.a(usb_function_cdc.o)
cdc_notice          0x8               /home/fred/workspace/pinguino32/p32/obj/non-free/usb/libcdc.a(usb_function_cdc.o)
pBDTEntryEP0OutNext
                    0x4               /home/fred/workspace/pinguino32/p32/obj/non-free/usb/libcdc.a(usb_device.o)
cdc_trf_state       0x1               /home/fred/workspace/pinguino32/p32/obj/non-free/usb/libcdc.a(usb_function_cdc.o)
SetupPkt            0x8               /home/fred/workspace/pinguino32/p32/obj/non-free/usb/libcdc.a(usb_device.o)
pCDCDst             0x4               /home/fred/workspace/pinguino32/p32/obj/non-free/usb/libcdc.a(usb_function_cdc.o)
cdc_mem_type        0x1               /home/fred/workspace/pinguino32/p32/obj/non-free/usb/libcdc.a(usb_function_cdc.o)
UART1rpointer       0x4               /home/fred/workspace/pinguino32/source/main32.o
AccDirs             0x2               /home/fred/workspace/pinguino32/source/main32.o
UART1SerialBuffer   0x80              /home/fred/workspace/pinguino32/source/main32.o
AccFiles            0x2               /home/fred/workspace/pinguino32/source/main32.o
shortPacketStatus   0x1               /home/fred/workspace/pinguino32/p32/obj/non-free/usb/libcdc.a(usb_device.o)
pBDTEntryEP0OutCurrent
                    0x4               /home/fred/workspace/pinguino32/p32/obj/non-free/usb/libcdc.a(usb_device.o)
USBActiveConfiguration
                    0x1               /home/fred/workspace/pinguino32/p32/obj/non-free/usb/libcdc.a(usb_device.o)
RemoteWakeup        0x4               /home/fred/workspace/pinguino32/p32/obj/non-free/usb/libcdc.a(usb_device.o)
SDCS                0x1               /home/fred/workspace/pinguino32/source/main32.o
USTATcopy           0x1               /home/fred/workspace/pinguino32/p32/obj/non-free/usb/libcdc.a(usb_device.o)
USBInData           0x8               /home/fred/workspace/pinguino32/p32/obj/non-free/usb/libcdc.a(usb_device.o)
USBAlternateInterface
                    0x1               /home/fred/workspace/pinguino32/p32/obj/non-free/usb/libcdc.a(usb_device.o)
outPipes            0xb               /home/fred/workspace/pinguino32/p32/obj/non-free/usb/libcdc.a(usb_device.o)
dummy_encapsulated_cmd_response
                    0x8               /home/fred/workspace/pinguino32/p32/obj/non-free/usb/libcdc.a(usb_function_cdc.o)
UART1wpointer       0x4               /home/fred/workspace/pinguino32/source/main32.o

Discarded input sections

 .reginfo       0x0000000000000000       0x18 /usr/lib/gcc/mipsel-elf/4.5.3/crtbegin.o
 .reginfo       0x0000000000000000       0x18 /home/fred/workspace/pinguino32/source/main32.o
 .reginfo       0x0000000000000000       0x18 /tmp/cciAHdDS.o
 .reginfo       0x0000000000000000       0x18 /home/fred/workspace/pinguino32/p32/obj/non-free/32MX440F256H.o
 .reginfo       0x0000000000000000       0x18 /home/fred/workspace/pinguino32/p32/obj/non-free/usb/libcdc.a(usb_device.o)
 .reginfo       0x0000000000000000       0x18 /home/fred/workspace/pinguino32/p32/obj/non-free/usb/libcdc.a(usb_function_cdc.o)
 .reginfo       0x0000000000000000       0x18 /home/fred/workspace/pinguino32/p32/obj/non-free/usb/libcdc.a(usb_descriptors.o)
 .reginfo       0x0000000000000000       0x18 /tmp/ccv9g5FI.o
 .reginfo       0x0000000000000000       0x18 /usr/lib/gcc/mipsel-elf/4.5.3/../../../../mipsel-elf/lib/libc.a(lib_a-malloc.o)
 .reginfo       0x0000000000000000       0x18 /usr/lib/gcc/mipsel-elf/4.5.3/../../../../mipsel-elf/lib/libc.a(lib_a-mallocr.o)
 .reginfo       0x0000000000000000       0x18 /usr/lib/gcc/mipsel-elf/4.5.3/../../../../mipsel-elf/lib/libc.a(lib_a-mlock.o)
 .reginfo       0x0000000000000000       0x18 /usr/lib/gcc/mipsel-elf/4.5.3/../../../../mipsel-elf/lib/libc.a(lib_a-sbrkr.o)
 .reginfo       0x0000000000000000       0x18 /usr/lib/gcc/mipsel-elf/4.5.3/../../../../mipsel-elf/lib/libc.a(lib_a-strcmp.o)
 .reginfo       0x0000000000000000       0x18 /usr/lib/gcc/mipsel-elf/4.5.3/../../../../mipsel-elf/lib/libc.a(lib_a-freer.o)
 .reginfo       0x0000000000000000       0x18 /usr/lib/gcc/mipsel-elf/4.5.3/../../../../mipsel-elf/lib/libc.a(lib_a-impure.o)
 .reginfo       0x0000000000000000       0x18 /usr/lib/gcc/mipsel-elf/4.5.3/../../../../mipsel-elf/lib/libc.a(lib_a-reent.o)
 .reginfo       0x0000000000000000       0x18 /usr/lib/gcc/mipsel-elf/4.5.3/crtend.o
 .reginfo       0x0000000000000000       0x18 /usr/lib/gcc/mipsel-elf/4.5.3/crtn.o

Memory Configuration

Name             Origin             Length             Attributes
kseg0_program_mem 0x000000009d006a00 0x000000000007a600 xr
kseg0_boot_mem   0x000000009d006490 0x0000000000000970
exception_mem    0x000000009d005000 0x0000000000001000
kseg1_boot_mem   0x000000009d006000 0x0000000000000490
debug_exec_mem   0x00000000bfc02000 0x0000000000000ff0
config3          0x00000000bfc02ff0 0x0000000000000004
config2          0x00000000bfc02ff4 0x0000000000000004
config1          0x00000000bfc02ff8 0x0000000000000004
config0          0x00000000bfc02ffc 0x0000000000000004
boot_software_key 0x00000000a0000000 0x0000000000000004
kseg1_data_mem   0x00000000a0000004 0x0000000000007ffc w !x
sfrs             0x00000000bf800000 0x0000000000100000
*default*        0x0000000000000000 0xffffffffffffffff

Linker script and memory map

LOAD /usr/lib/gcc/mipsel-elf/4.5.3/crti.o
LOAD /usr/lib/gcc/mipsel-elf/4.5.3/crtbegin.o
                0x0000000000002000                _min_heap_size = 0x2000
LOAD /home/fred/workspace/pinguino32/source/main32.o
LOAD /tmp/cciAHdDS.o
LOAD /home/fred/workspace/pinguino32/p32/obj/non-free/32MX440F256H.o
LOAD /home/fred/workspace/pinguino32/p32/obj/non-free/usb/libcdc.a
LOAD /home/fred/workspace/pinguino32/p32/obj/non-free/usb/libadb.a
LOAD /tmp/ccv9g5FI.o
LOAD /usr/lib/gcc/mipsel-elf/4.5.3/../../../../mipsel-elf/lib/libm.a
LOAD /usr/lib/gcc/mipsel-elf/4.5.3/libgcc.a
LOAD /usr/lib/gcc/mipsel-elf/4.5.3/../../../../mipsel-elf/lib/libc.a
LOAD /usr/lib/gcc/mipsel-elf/4.5.3/libgcc.a
LOAD /usr/lib/gcc/mipsel-elf/4.5.3/libgcc.a
LOAD /usr/lib/gcc/mipsel-elf/4.5.3/crtend.o
LOAD /usr/lib/gcc/mipsel-elf/4.5.3/crtn.o
                0x00000000bf882030                BMXDUPBA = 0xbf882030
                0x00000000bf882010                BMXDKPBA = 0xbf882010
                0x00000000bf882020                BMXDUDBA = 0xbf882020
                0x0000000000000001                PROVIDE (_vector_spacing, 0x1)
                0x000000009d005000                _ebase_address = 0x9d005000
                0x000000009d006000                _RESET_ADDR = 0x9d006000
                0x000000009d006380                _BEV_EXCPT_ADDR = 0x9d006380
                0x000000009d006480                _DBG_EXCPT_ADDR = 0x9d006480
                0x00000000bfc02000                _DBG_CODE_ADDR = 0xbfc02000
                0x000000009d005180                _GEN_EXCPT_ADDR = (_ebase_address + 0x180)

.boot_software_key_sec
 *(.boot_software_key_sec)

.config_BFC02FF0
 *(.config_BFC02FF0)

.config_BFC02FF4
 *(.config_BFC02FF4)

.config_BFC02FF8
 *(.config_BFC02FF8)

.config_BFC02FFC
 *(.config_BFC02FFC)
                0x0000000000000400                PROVIDE (_min_stack_size, 0x400)
                0x0000000000000000                PROVIDE (_min_heap_size, 0x0)

.reset          0x000000009d006000       0x10
 *(.reset)
 .reset         0x000000009d006000       0x10 /tmp/cciAHdDS.o
                0x000000009d006000                _reset

.bev_excpt      0x000000009d006380        0x4
 *(.bev_handler)
 .bev_handler   0x000000009d006380        0x4 /tmp/cciAHdDS.o

.dbg_excpt      0x000000009d006480        0x0
                0x000000009d006480                . = (. + DEFINED (_DEBUGGER)?0x8:0x0)

.dbg_code       0x00000000bfc02000        0x0
                0x00000000bfc02000                . = (. + DEFINED (_DEBUGGER)?0xff0:0x0)

.app_excpt      0x000000009d005180        0x4
 *(.gen_handler)
 .gen_handler   0x000000009d005180        0x4 /tmp/cciAHdDS.o

.vector_0       0x000000009d005200        0x0
 *(.vector_0)
                0x0000000000000001                ASSERT (((_vector_spacing == 0x0) || (SIZEOF (.vector_0) <= (_vector_spacing << 0x5))), function at exception vector 0 too large)

.vector_1       0x000000009d005220        0x0
 *(.vector_1)
                0x0000000000000001                ASSERT (((_vector_spacing == 0x0) || (SIZEOF (.vector_1) <= (_vector_spacing << 0x5))), function at exception vector 1 too large)

.vector_2       0x000000009d005240        0x0
 *(.vector_2)
                0x0000000000000001                ASSERT (((_vector_spacing == 0x0) || (SIZEOF (.vector_2) <= (_vector_spacing << 0x5))), function at exception vector 2 too large)

.vector_3       0x000000009d005260        0x0
 *(.vector_3)
                0x0000000000000001                ASSERT (((_vector_spacing == 0x0) || (SIZEOF (.vector_3) <= (_vector_spacing << 0x5))), function at exception vector 3 too large)

.vector_4       0x000000009d005280        0x0
 *(.vector_4)
                0x0000000000000001                ASSERT (((_vector_spacing == 0x0) || (SIZEOF (.vector_4) <= (_vector_spacing << 0x5))), function at exception vector 4 too large)

.vector_5       0x000000009d0052a0        0x0
 *(.vector_5)
                0x0000000000000001                ASSERT (((_vector_spacing == 0x0) || (SIZEOF (.vector_5) <= (_vector_spacing << 0x5))), function at exception vector 5 too large)

.vector_6       0x000000009d0052c0        0x0
 *(.vector_6)
                0x0000000000000001                ASSERT (((_vector_spacing == 0x0) || (SIZEOF (.vector_6) <= (_vector_spacing << 0x5))), function at exception vector 6 too large)

.vector_7       0x000000009d0052e0        0x0
 *(.vector_7)
                0x0000000000000001                ASSERT (((_vector_spacing == 0x0) || (SIZEOF (.vector_7) <= (_vector_spacing << 0x5))), function at exception vector 7 too large)

.vector_8       0x000000009d005300        0xc
 *(.vector_8)
 .vector_8      0x000000009d005300        0xc /tmp/ccv9g5FI.o
                0x0000000000000001                ASSERT (((_vector_spacing == 0x0) || (SIZEOF (.vector_8) <= (_vector_spacing << 0x5))), function at exception vector 8 too large)

.vector_9       0x000000009d005320        0x0
 *(.vector_9)
                0x0000000000000001                ASSERT (((_vector_spacing == 0x0) || (SIZEOF (.vector_9) <= (_vector_spacing << 0x5))), function at exception vector 9 too large)

.vector_10      0x000000009d005340        0x0
 *(.vector_10)
                0x0000000000000001                ASSERT (((_vector_spacing == 0x0) || (SIZEOF (.vector_10) <= (_vector_spacing << 0x5))), function at exception vector 10 too large)

.vector_11      0x000000009d005360        0x0
 *(.vector_11)
                0x0000000000000001                ASSERT (((_vector_spacing == 0x0) || (SIZEOF (.vector_11) <= (_vector_spacing << 0x5))), function at exception vector 11 too large)

.vector_12      0x000000009d005380        0x0
 *(.vector_12)
                0x0000000000000001                ASSERT (((_vector_spacing == 0x0) || (SIZEOF (.vector_12) <= (_vector_spacing << 0x5))), function at exception vector 12 too large)

.vector_13      0x000000009d0053a0        0x0
 *(.vector_13)
                0x0000000000000001                ASSERT (((_vector_spacing == 0x0) || (SIZEOF (.vector_13) <= (_vector_spacing << 0x5))), function at exception vector 13 too large)

.vector_14      0x000000009d0053c0        0x0
 *(.vector_14)
                0x0000000000000001                ASSERT (((_vector_spacing == 0x0) || (SIZEOF (.vector_14) <= (_vector_spacing << 0x5))), function at exception vector 14 too large)

.vector_15      0x000000009d0053e0        0x0
 *(.vector_15)
                0x0000000000000001                ASSERT (((_vector_spacing == 0x0) || (SIZEOF (.vector_15) <= (_vector_spacing << 0x5))), function at exception vector 15 too large)

.vector_16      0x000000009d005400        0x0
 *(.vector_16)
                0x0000000000000001                ASSERT (((_vector_spacing == 0x0) || (SIZEOF (.vector_16) <= (_vector_spacing << 0x5))), function at exception vector 16 too large)

.vector_17      0x000000009d005420        0x0
 *(.vector_17)
                0x0000000000000001                ASSERT (((_vector_spacing == 0x0) || (SIZEOF (.vector_17) <= (_vector_spacing << 0x5))), function at exception vector 17 too large)

.vector_18      0x000000009d005440        0x0
 *(.vector_18)
                0x0000000000000001                ASSERT (((_vector_spacing == 0x0) || (SIZEOF (.vector_18) <= (_vector_spacing << 0x5))), function at exception vector 18 too large)

.vector_19      0x000000009d005460        0x0
 *(.vector_19)
                0x0000000000000001                ASSERT (((_vector_spacing == 0x0) || (SIZEOF (.vector_19) <= (_vector_spacing << 0x5))), function at exception vector 19 too large)

.vector_20      0x000000009d005480        0x0
 *(.vector_20)
                0x0000000000000001                ASSERT (((_vector_spacing == 0x0) || (SIZEOF (.vector_20) <= (_vector_spacing << 0x5))), function at exception vector 20 too large)

.vector_21      0x000000009d0054a0        0x0
 *(.vector_21)
                0x0000000000000001                ASSERT (((_vector_spacing == 0x0) || (SIZEOF (.vector_21) <= (_vector_spacing << 0x5))), function at exception vector 21 too large)

.vector_22      0x000000009d0054c0        0x0
 *(.vector_22)
                0x0000000000000001                ASSERT (((_vector_spacing == 0x0) || (SIZEOF (.vector_22) <= (_vector_spacing << 0x5))), function at exception vector 22 too large)

.vector_23      0x000000009d0054e0        0x0
 *(.vector_23)
                0x0000000000000001                ASSERT (((_vector_spacing == 0x0) || (SIZEOF (.vector_23) <= (_vector_spacing << 0x5))), function at exception vector 23 too large)

.vector_24      0x000000009d005500        0xc
 *(.vector_24)
 .vector_24     0x000000009d005500        0xc /tmp/ccv9g5FI.o
                0x0000000000000001                ASSERT (((_vector_spacing == 0x0) || (SIZEOF (.vector_24) <= (_vector_spacing << 0x5))), function at exception vector 24 too large)

.vector_25      0x000000009d005520        0x0
 *(.vector_25)
                0x0000000000000001                ASSERT (((_vector_spacing == 0x0) || (SIZEOF (.vector_25) <= (_vector_spacing << 0x5))), function at exception vector 25 too large)

.vector_26      0x000000009d005540        0x0
 *(.vector_26)
                0x0000000000000001                ASSERT (((_vector_spacing == 0x0) || (SIZEOF (.vector_26) <= (_vector_spacing << 0x5))), function at exception vector 26 too large)

.vector_27      0x000000009d005560        0x0
 *(.vector_27)
                0x0000000000000001                ASSERT (((_vector_spacing == 0x0) || (SIZEOF (.vector_27) <= (_vector_spacing << 0x5))), function at exception vector 27 too large)

.vector_28      0x000000009d005580        0x0
 *(.vector_28)
                0x0000000000000001                ASSERT (((_vector_spacing == 0x0) || (SIZEOF (.vector_28) <= (_vector_spacing << 0x5))), function at exception vector 28 too large)

.vector_29      0x000000009d0055a0        0x0
 *(.vector_29)
                0x0000000000000001                ASSERT (((_vector_spacing == 0x0) || (SIZEOF (.vector_29) <= (_vector_spacing << 0x5))), function at exception vector 29 too large)

.vector_30      0x000000009d0055c0        0x0
 *(.vector_30)
                0x0000000000000001                ASSERT (((_vector_spacing == 0x0) || (SIZEOF (.vector_30) <= (_vector_spacing << 0x5))), function at exception vector 30 too large)

.vector_31      0x000000009d0055e0        0x0
 *(.vector_31)
                0x0000000000000001                ASSERT (((_vector_spacing == 0x0) || (SIZEOF (.vector_31) <= (_vector_spacing << 0x5))), function at exception vector 31 too large)

.vector_32      0x000000009d005600        0xc
 *(.vector_32)
 .vector_32     0x000000009d005600        0xc /tmp/ccv9g5FI.o
                0x0000000000000001                ASSERT (((_vector_spacing == 0x0) || (SIZEOF (.vector_32) <= (_vector_spacing << 0x5))), function at exception vector 32 too large)

.vector_33      0x000000009d005620        0x0
 *(.vector_33)
                0x0000000000000001                ASSERT (((_vector_spacing == 0x0) || (SIZEOF (.vector_33) <= (_vector_spacing << 0x5))), function at exception vector 33 too large)

.vector_34      0x000000009d005640        0x0
 *(.vector_34)
                0x0000000000000001                ASSERT (((_vector_spacing == 0x0) || (SIZEOF (.vector_34) <= (_vector_spacing << 0x5))), function at exception vector 34 too large)

.vector_35      0x000000009d005660        0xc
 *(.vector_35)
 .vector_35     0x000000009d005660        0xc /tmp/ccv9g5FI.o
                0x0000000000000001                ASSERT (((_vector_spacing == 0x0) || (SIZEOF (.vector_35) <= (_vector_spacing << 0x5))), function at exception vector 35 too large)

.vector_36      0x000000009d005680        0x0
 *(.vector_36)
                0x0000000000000001                ASSERT (((_vector_spacing == 0x0) || (SIZEOF (.vector_36) <= (_vector_spacing << 0x5))), function at exception vector 36 too large)

.vector_37      0x000000009d0056a0        0x0
 *(.vector_37)
                0x0000000000000001                ASSERT (((_vector_spacing == 0x0) || (SIZEOF (.vector_37) <= (_vector_spacing << 0x5))), function at exception vector 37 too large)

.vector_38      0x000000009d0056c0        0x0
 *(.vector_38)
                0x0000000000000001                ASSERT (((_vector_spacing == 0x0) || (SIZEOF (.vector_38) <= (_vector_spacing << 0x5))), function at exception vector 38 too large)

.vector_39      0x000000009d0056e0        0x0
 *(.vector_39)
                0x0000000000000001                ASSERT (((_vector_spacing == 0x0) || (SIZEOF (.vector_39) <= (_vector_spacing << 0x5))), function at exception vector 39 too large)

.vector_40      0x000000009d005700        0x0
 *(.vector_40)
                0x0000000000000001                ASSERT (((_vector_spacing == 0x0) || (SIZEOF (.vector_40) <= (_vector_spacing << 0x5))), function at exception vector 40 too large)

.vector_41      0x000000009d005720        0x0
 *(.vector_41)
                0x0000000000000001                ASSERT (((_vector_spacing == 0x0) || (SIZEOF (.vector_41) <= (_vector_spacing << 0x5))), function at exception vector 41 too large)

.vector_42      0x000000009d005740        0x0
 *(.vector_42)
                0x0000000000000001                ASSERT (((_vector_spacing == 0x0) || (SIZEOF (.vector_42) <= (_vector_spacing << 0x5))), function at exception vector 42 too large)

.vector_43      0x000000009d005760        0x0
 *(.vector_43)
                0x0000000000000001                ASSERT (((_vector_spacing == 0x0) || (SIZEOF (.vector_43) <= (_vector_spacing << 0x5))), function at exception vector 43 too large)

.vector_44      0x000000009d005780        0x0
 *(.vector_44)
                0x0000000000000001                ASSERT (((_vector_spacing == 0x0) || (SIZEOF (.vector_44) <= (_vector_spacing << 0x5))), function at exception vector 44 too large)

.vector_45      0x000000009d0057a0        0x8
 *(.vector_45)
 .vector_45     0x000000009d0057a0        0x8 /home/fred/workspace/pinguino32/p32/obj/non-free/usb/libcdc.a(usb_device.o)
                0x0000000000000001                ASSERT (((_vector_spacing == 0x0) || (SIZEOF (.vector_45) <= (_vector_spacing << 0x5))), function at exception vector 45 too large)

.vector_46      0x000000009d0057c0        0x0
 *(.vector_46)
                0x0000000000000001                ASSERT (((_vector_spacing == 0x0) || (SIZEOF (.vector_46) <= (_vector_spacing << 0x5))), function at exception vector 46 too large)

.vector_47      0x000000009d0057e0        0x0
 *(.vector_47)
                0x0000000000000001                ASSERT (((_vector_spacing == 0x0) || (SIZEOF (.vector_47) <= (_vector_spacing << 0x5))), function at exception vector 47 too large)

.vector_48      0x000000009d005800        0x0
 *(.vector_48)
                0x0000000000000001                ASSERT (((_vector_spacing == 0x0) || (SIZEOF (.vector_48) <= (_vector_spacing << 0x5))), function at exception vector 48 too large)

.vector_49      0x000000009d005820        0x0
 *(.vector_49)
                0x0000000000000001                ASSERT (((_vector_spacing == 0x0) || (SIZEOF (.vector_49) <= (_vector_spacing << 0x5))), function at exception vector 49 too large)

.vector_50      0x000000009d005840        0x0
 *(.vector_50)
                0x0000000000000001                ASSERT (((_vector_spacing == 0x0) || (SIZEOF (.vector_50) <= (_vector_spacing << 0x5))), function at exception vector 50 too large)

.vector_51      0x000000009d005860        0x0
 *(.vector_51)
                0x0000000000000001                ASSERT (((_vector_spacing == 0x0) || (SIZEOF (.vector_51) <= (_vector_spacing << 0x5))), function at exception vector 51 too large)

.vector_52      0x000000009d005880        0x0
 *(.vector_52)
                0x0000000000000001                ASSERT (((_vector_spacing == 0x0) || (SIZEOF (.vector_52) <= (_vector_spacing << 0x5))), function at exception vector 52 too large)

.vector_53      0x000000009d0058a0        0x0
 *(.vector_53)
                0x0000000000000001                ASSERT (((_vector_spacing == 0x0) || (SIZEOF (.vector_53) <= (_vector_spacing << 0x5))), function at exception vector 53 too large)

.vector_54      0x000000009d0058c0        0x0
 *(.vector_54)
                0x0000000000000001                ASSERT (((_vector_spacing == 0x0) || (SIZEOF (.vector_54) <= (_vector_spacing << 0x5))), function at exception vector 54 too large)

.vector_55      0x000000009d0058e0        0x0
 *(.vector_55)
                0x0000000000000001                ASSERT (((_vector_spacing == 0x0) || (SIZEOF (.vector_55) <= (_vector_spacing << 0x5))), function at exception vector 55 too large)

.vector_56      0x000000009d005900        0x0
 *(.vector_56)
                0x0000000000000001                ASSERT (((_vector_spacing == 0x0) || (SIZEOF (.vector_56) <= (_vector_spacing << 0x5))), function at exception vector 56 too large)

.vector_57      0x000000009d005920        0x0
 *(.vector_57)
                0x0000000000000001                ASSERT (((_vector_spacing == 0x0) || (SIZEOF (.vector_57) <= (_vector_spacing << 0x5))), function at exception vector 57 too large)

.vector_58      0x000000009d005940        0x0
 *(.vector_58)
                0x0000000000000001                ASSERT (((_vector_spacing == 0x0) || (SIZEOF (.vector_58) <= (_vector_spacing << 0x5))), function at exception vector 58 too large)

.vector_59      0x000000009d005960        0x0
 *(.vector_59)
                0x0000000000000001                ASSERT (((_vector_spacing == 0x0) || (SIZEOF (.vector_59) <= (_vector_spacing << 0x5))), function at exception vector 59 too large)

.vector_60      0x000000009d005980        0x0
 *(.vector_60)
                0x0000000000000001                ASSERT (((_vector_spacing == 0x0) || (SIZEOF (.vector_60) <= (_vector_spacing << 0x5))), function at exception vector 60 too large)

.vector_61      0x000000009d0059a0        0x0
 *(.vector_61)
                0x0000000000000001                ASSERT (((_vector_spacing == 0x0) || (SIZEOF (.vector_61) <= (_vector_spacing << 0x5))), function at exception vector 61 too large)

.vector_62      0x000000009d0059c0        0x0
 *(.vector_62)
                0x0000000000000001                ASSERT (((_vector_spacing == 0x0) || (SIZEOF (.vector_62) <= (_vector_spacing << 0x5))), function at exception vector 62 too large)

.vector_63      0x000000009d0059e0        0x0
 *(.vector_63)
                0x0000000000000001                ASSERT (((_vector_spacing == 0x0) || (SIZEOF (.vector_63) <= (_vector_spacing << 0x5))), function at exception vector 63 too large)

.startup        0x000000009d006490      0x1bc
 *(.startup)
 .startup       0x000000009d006490      0x1bc /tmp/cciAHdDS.o

.text           0x000000009d006a00     0xd0a0
                0x000000009d006a00                _text_begin = .
 *(.text .stub .text.* .gnu.linkonce.t.*)
 .text          0x000000009d006a00        0x0 /usr/lib/gcc/mipsel-elf/4.5.3/crti.o
 .text          0x000000009d006a00      0x124 /usr/lib/gcc/mipsel-elf/4.5.3/crtbegin.o
 .text          0x000000009d006b24     0x8894 /home/fred/workspace/pinguino32/source/main32.o
                0x000000009d007134                RTCC_OutputDisable
                0x000000009d00714c                SerialUART1WriteChar
                0x000000009d007170                SerialUART2WriteChar
                0x000000009d0072e0                SystemUnlock
                0x000000009d007308                SystemLock
                0x000000009d007320                Reset
                0x000000009d00735c                GetSystemClock
                0x000000009d0073f0                GetPeripheralClock
                0x000000009d00741c                SetFlashWaitStates
                0x000000009d00748c                SetSystemClock
                0x000000009d0076cc                SetPeripheralClock
                0x000000009d007710                SystemConfig
                0x000000009d007788                GetCP0Count
                0x000000009d007790                SetCP0Count
                0x000000009d0077a0                IntSetVectorPriority
                0x000000009d0078f8                IntGetVectorPriority
                0x000000009d00794c                IntGetVectorSubPriority
                0x000000009d0079a0                IntClearFlag
                0x000000009d0079f4                IntGetFlag
                0x000000009d007a40                IntEnable
                0x000000009d007a8c                IntDisable
                0x000000009d007ae0                IntGetInterruptVectorNumber
                0x000000009d007af0                IntGetInterruptVectorPriority
                0x000000009d007b00                IntDisableInterrupts
                0x000000009d007b0c                IntEnableInterrupts
                0x000000009d007b18                IntRestoreInterrupts
                0x000000009d007b28                IntSetEBASE
                0x000000009d007b38                IntConfigureSystem
                0x000000009d007bd4                Delayus
                0x000000009d007f9c                Delayms
                0x000000009d007fd4                pprintf
                0x000000009d007fe0                psprintf
                0x000000009d008000                INTEnableSystemMultiVectoredInt
                0x000000009d008008                INTEnableInterrupts
                0x000000009d008010                mySetLineCodingHandler
                0x000000009d008018                USER_USB_CALLBACK_EVENT_HANDLER
                0x000000009d008044                CDC_init
                0x000000009d00806c                CDCputs
                0x000000009d0080e4                CDCgets
                0x000000009d0080ec                CDCwrite
                0x000000009d0080f8                CDCprintf
                0x000000009d00814c                CDCprint
                0x000000009d008224                CDCprintln
                0x000000009d008254                CDCgetkey
                0x000000009d008284                CDCgetstring
                0x000000009d008314                pinmode
                0x000000009d0084d4                pinread
                0x000000009d0085ec                digitalwrite
                0x000000009d0087ac                digitalread
                0x000000009d0088c8                toggle
                0x000000009d0088fc                writeSPI
                0x000000009d008928                initSD
                0x000000009d00898c                disableSD
                0x000000009d0089cc                enableSD
                0x000000009d008bec                sendSDCmd
                0x000000009d008cf0                initMedia
                0x000000009d008d4c                readSECTOR
                0x000000009d008e68                writeSECTOR
                0x000000009d008fa4                getCD
                0x000000009d008fac                getWP
                0x000000009d008fb4                clust2sect
                0x000000009d008fe8                f_mount
                0x000000009d00901c                bin2bcd
                0x000000009d00904c                bcd2bin
                0x000000009d009068                RTCC_ConvertTime
                0x000000009d0090d0                RTCC_ConvertDate
                0x000000009d009158                RTCC_SetWriteEnable
                0x000000009d009198                RTCC_SetWriteDisable
                0x000000009d0091d8                RTCC_GetWriteEnable
                0x000000009d0091e8                RTCC_Enable
                0x000000009d009274                RTCC_Disable
                0x000000009d009300                RTCC_GetEnable
                0x000000009d009310                RTCC_GetClockStatus
                0x000000009d00935c                RTCC_StartClock
                0x000000009d0093a8                RTCC_StopClock
                0x000000009d0093ec                RTCC_init
                0x000000009d00945c                RTCC_Shutdown
                0x000000009d009504                RTCC_SetTime
                0x000000009d0095e0                RTCC_GetTime
                0x000000009d009600                RTCC_SetDate
                0x000000009d0096a8                RTCC_GetDate
                0x000000009d0096c8                RTCC_SetTimeDate
                0x000000009d009778                RTCC_GetTimeDate
                0x000000009d0097b0                RTCC_SetCalibration
                0x000000009d009880                RTCC_GetCalibration
                0x000000009d009890                RTCC_Open
                0x000000009d009930                RTCC_SetAlarmEnable
                0x000000009d00999c                RTCC_AlarmDisable
                0x000000009d0099a4                RTCC_AlarmEnable
                0x000000009d0099ac                RTCC_GetAlarmEnable
                0x000000009d0099d0                RTCC_SetChimeEnable
                0x000000009d009a18                RTCC_ChimeEnable
                0x000000009d009a44                RTCC_ChimeDisable
                0x000000009d009a6c                RTCC_GetChimeEnable
                0x000000009d009a90                RTCC_SetAlarmRepeat
                0x000000009d009ab8                RTCC_AlarmRepeatEveryHalfSecond
                0x000000009d009ae0                RTCC_AlarmRepeatEverySecond
                0x000000009d009b0c                RTCC_AlarmRepeatEveryTenSeconds
                0x000000009d009b38                RTCC_AlarmRepeatEveryMinute
                0x000000009d009b64                RTCC_AlarmRepeatEveryTenMinutes
                0x000000009d009b90                RTCC_AlarmRepeatEveryHour
                0x000000009d009bbc                RTCC_AlarmRepeatEveryDay
                0x000000009d009be8                RTCC_AlarmRepeatEveryWeek
                0x000000009d009c14                RTCC_AlarmRepeatEveryMonth
                0x000000009d009c40                RTCC_AlarmRepeatEveryYear
                0x000000009d009c6c                RTCC_GetAlarmRepeat
                0x000000009d009c90                RTCC_SetAlarmRepeatCount
                0x000000009d009cb4                RTCC_GetAlarmRepeatCount
                0x000000009d009cd8                RTCC_SetAlarmTime
                0x000000009d009d04                RTCC_GetAlarmTime
                0x000000009d009d18                RTCC_SetAlarmDate
                0x000000009d009d44                RTCC_GetAlarmDate
                0x000000009d009d58                RTCC_SetAlarmTimeDate
                0x000000009d009d8c                RTCC_GetAlarmTimeDate
                0x000000009d009da8                RTCC_SetSync
                0x000000009d009ddc                RTCC_GetSync
                0x000000009d009dec                RTCC_SetAlarmSync
                0x000000009d009e20                RTCC_GetAlarmSync
                0x000000009d009e30                RTCC_GetHalfSecond
                0x000000009d009e40                RTCC_SecondsPulseOutput
                0x000000009d009e5c                RTCC_AlarmPulseOutput
                0x000000009d009e74                RTCC_SetAlarmInitialPulse
                0x000000009d009f04                RTCC_AlarmInitialPulseHigh
                0x000000009d009f0c                RTCC_AlarmInitialPulseLow
                0x000000009d009f14                RTCC_GetAlarmInitialPulse
                0x000000009d009f24                RTCC_AlarmInitialPulseToggle
                0x000000009d009f48                RTCC_SetOutputEnable
                0x000000009d009f7c                RTCC_OutputEnable
                0x000000009d009f98                RTCC_GetOutputEnable
                0x000000009d009fa8                RTCC_SetAlarmIntEnable
                0x000000009d009ff4                RTCC_AlarmIntEnable
                0x000000009d009ffc                RTCC_AlarmIntDisable
                0x000000009d00a004                OnRTCC
                0x000000009d00a00c                RTCCInterrupt
                0x000000009d00a044                disk_initialize
                0x000000009d00a2dc                disk_status
                0x000000009d00a2fc                disk_read
                0x000000009d00a9f8                disk_write
                0x000000009d00ac98                put_fat
                0x000000009d00ae94                get_fat
                0x000000009d00b4a4                f_truncate
                0x000000009d00bd24                f_stat
                0x000000009d00bdbc                f_opendir
                0x000000009d00c02c                f_readdir
                0x000000009d00c110                f_getfree
                0x000000009d00c33c                f_lseek
                0x000000009d00c868                f_write
                0x000000009d00cc94                f_read
                0x000000009d00d05c                disk_ioctl
                0x000000009d00d53c                f_rename
                0x000000009d00d78c                f_utime
                0x000000009d00d848                f_chmod
                0x000000009d00d90c                f_unlink
                0x000000009d00da7c                disk_timerproc
                0x000000009d00dac0                get_fattime
                0x000000009d00db18                f_mkdir
                0x000000009d00de5c                f_sync
                0x000000009d00dfc8                f_close
                0x000000009d00dff4                f_open
                0x000000009d00e38c                mount
                0x000000009d00e3e4                unmount
                0x000000009d00e41c                SD_present
                0x000000009d00e458                listTYPE
                0x000000009d00e460                listDir
                0x000000009d00e5f0                isDirectory
                0x000000009d00e610                isReadOnly
                0x000000009d00e630                isHidden
                0x000000009d00e650                isSystem
                0x000000009d00e670                isArchive
                0x000000009d00e690                SerialSetDataRate
                0x000000009d00e754                SerialGetDataRate
                0x000000009d00e834                SerialEnable
                0x000000009d00e870                SerialSetLineControl
                0x000000009d00e8ac                SerialFlush
                0x000000009d00e8e0                SerialPinConfigure
                0x000000009d00e944                SerialIntConfigure
                0x000000009d00e9cc                SerialConfigure
                0x000000009d00eb5c                SerialPrintf
                0x000000009d00ebc4                SerialAvailable
                0x000000009d00ec08                SerialRead
                0x000000009d00eca4                SerialGetKey
                0x000000009d00ed18                SerialGetString
                0x000000009d00edb0                SerialGetDataBuffer
                0x000000009d00ee7c                Serial1Interrupt
                0x000000009d00eed0                Serial2Interrupt
                0x000000009d00ef24                sbrk
                0x000000009d00ef40                open
                0x000000009d00efd4                close
                0x000000009d00efdc                fstat
                0x000000009d00efe4                isatty
                0x000000009d00efec                lseek
                0x000000009d00eff4                read
                0x000000009d00f07c                write
                0x000000009d00f130                setup
                0x000000009d00f138                loop
                0x000000009d00f310                main
                0x000000009d00f37c                Serial3Interrupt
                0x000000009d00f388                Serial4Interrupt
                0x000000009d00f394                Serial5Interrupt
                0x000000009d00f3a0                Serial6Interrupt
                0x000000009d00f3ac                Tmr2Interrupt
 .text          0x000000009d00f3b8       0x14 /tmp/cciAHdDS.o
 .text          0x000000009d00f3cc        0x0 /home/fred/workspace/pinguino32/p32/obj/non-free/32MX440F256H.o
 .text          0x000000009d00f3cc     0x29cc /home/fred/workspace/pinguino32/p32/obj/non-free/usb/libcdc.a(usb_device.o)
                0x000000009d00f3cc                USBDeviceInit
                0x000000009d00f684                _USB1Interrupt
                0x000000009d00fb04                USBStallHandler
                0x000000009d00fbd0                USBSuspend
                0x000000009d00fc28                USBWakeFromSuspend
                0x000000009d00fc84                USBCtrlEPService
                0x000000009d00fde4                USBCtrlTrfSetupHandler
                0x000000009d00fe88                USBCtrlTrfOutHandler
                0x000000009d00ff5c                USBCtrlTrfInHandler
                0x000000009d0100f4                USBPrepareForNextSetupTrf
                0x000000009d0101d8                USBCheckStdRequest
                0x000000009d0103b4                USBStdFeatureReqHandler
                0x000000009d01061c                USBStdGetDscHandler
                0x000000009d0107b8                USBStdGetStatusHandler
                0x000000009d01098c                USBCtrlEPServiceComplete
                0x000000009d010de8                USBCtrlTrfTxService
                0x000000009d010fbc                USBCtrlTrfRxService
                0x000000009d0112d4                USBStdSetCfgHandler
                0x000000009d011468                USBConfigureEndpoint
                0x000000009d01154c                USBEnableEndpoint
                0x000000009d0115f0                USBStallEndpoint
                0x000000009d0117d0                USBTransferOnePacket
                0x000000009d011a2c                USBCancelIO
                0x000000009d011c70                USBDeviceDetach
                0x000000009d011ca4                USBDeviceAttach
 .text          0x000000009d011d98      0x864 /home/fred/workspace/pinguino32/p32/obj/non-free/usb/libcdc.a(usb_function_cdc.o)
                0x000000009d011d98                USBCheckCDCRequest
                0x000000009d011fd0                CDCInitEP
                0x000000009d01205c                getsUSBUSART
                0x000000009d012174                putUSBUSART
                0x000000009d0121f0                putsUSBUSART
                0x000000009d0122d4                putrsUSBUSART
                0x000000009d0123b4                CDCTxService
 .text          0x000000009d0125fc        0x0 /home/fred/workspace/pinguino32/p32/obj/non-free/usb/libcdc.a(usb_descriptors.o)
 .text          0x000000009d0125fc      0x430 /tmp/ccv9g5FI.o
                0x000000009d0125fc                vector_8_ISR_wrapper
                0x000000009d012708                vector_24_ISR_wrapper
                0x000000009d012814                vector_32_ISR_wrapper
                0x000000009d012920                vector_35_ISR_wrapper
 .text          0x000000009d012a2c       0x20 /usr/lib/gcc/mipsel-elf/4.5.3/../../../../mipsel-elf/lib/libc.a(lib_a-malloc.o)
                0x000000009d012a2c                malloc
                0x000000009d012a3c                free
 .text          0x000000009d012a4c      0x860 /usr/lib/gcc/mipsel-elf/4.5.3/../../../../mipsel-elf/lib/libc.a(lib_a-mallocr.o)
                0x000000009d012a4c                _malloc_r
 .text          0x000000009d0132ac       0x10 /usr/lib/gcc/mipsel-elf/4.5.3/../../../../mipsel-elf/lib/libc.a(lib_a-mlock.o)
                0x000000009d0132ac                __malloc_lock
                0x000000009d0132b4                __malloc_unlock
 .text          0x000000009d0132bc       0x5c /usr/lib/gcc/mipsel-elf/4.5.3/../../../../mipsel-elf/lib/libc.a(lib_a-sbrkr.o)
                0x000000009d0132bc                _sbrk_r
 .text          0x000000009d013318       0x94 /usr/lib/gcc/mipsel-elf/4.5.3/../../../../mipsel-elf/lib/libc.a(lib_a-strcmp.o)
                0x000000009d013318                strcmp
 .text          0x000000009d0133ac      0x434 /usr/lib/gcc/mipsel-elf/4.5.3/../../../../mipsel-elf/lib/libc.a(lib_a-freer.o)
                0x000000009d0133ac                _malloc_trim_r
                0x000000009d0134e8                _free_r
 .text          0x000000009d0137e0        0x0 /usr/lib/gcc/mipsel-elf/4.5.3/../../../../mipsel-elf/lib/libc.a(lib_a-impure.o)
 .text          0x000000009d0137e0      0x268 /usr/lib/gcc/mipsel-elf/4.5.3/../../../../mipsel-elf/lib/libc.a(lib_a-reent.o)
                0x000000009d0137e0                cleanup_glue
                0x000000009d013824                _reclaim_reent
                0x000000009d01397c                _wrapup_reent
 .text          0x000000009d013a48       0x58 /usr/lib/gcc/mipsel-elf/4.5.3/crtend.o
 .text          0x000000009d013aa0        0x0 /usr/lib/gcc/mipsel-elf/4.5.3/crtn.o
 *(.text.*personality*)
 *(.gnu.warning)
 *(.mips16.fn.*)
 *(.mips16.call.*)
                0x000000009d013aa0                _text_end = .

.init           0x000000009d013aa0       0x38
 .init          0x000000009d013aa0        0x8 /usr/lib/gcc/mipsel-elf/4.5.3/crti.o
                0x000000009d013aa0                _init
 .init          0x000000009d013aa8       0x10 /usr/lib/gcc/mipsel-elf/4.5.3/crtbegin.o
 .init          0x000000009d013ab8       0x10 /usr/lib/gcc/mipsel-elf/4.5.3/crtend.o
 .init          0x000000009d013ac8       0x10 /usr/lib/gcc/mipsel-elf/4.5.3/crtn.o

.fini           0x000000009d013ad8       0x28
 .fini          0x000000009d013ad8        0x8 /usr/lib/gcc/mipsel-elf/4.5.3/crti.o
                0x000000009d013ad8                _fini
 .fini          0x000000009d013ae0       0x10 /usr/lib/gcc/mipsel-elf/4.5.3/crtbegin.o
 .fini          0x000000009d013af0       0x10 /usr/lib/gcc/mipsel-elf/4.5.3/crtn.o

.rodata         0x000000009d013b00      0x4b4
 *(.rodata .rodata.* .gnu.linkonce.r.*)
 .rodata.str1.4
                0x000000009d013b00      0x10d /home/fred/workspace/pinguino32/source/main32.o
                                        0x118 (size before relaxing)
 *fill*         0x000000009d013c0d        0x3 00
 .rodata        0x000000009d013c10      0x210 /home/fred/workspace/pinguino32/source/main32.o
                0x000000009d013d18                portmask
                0x000000009d013d9c                pinmask
 .rodata        0x000000009d013e20       0x30 /home/fred/workspace/pinguino32/p32/obj/non-free/usb/libcdc.a(usb_device.o)
 .rodata        0x000000009d013e50       0x8c /home/fred/workspace/pinguino32/p32/obj/non-free/usb/libcdc.a(usb_function_cdc.o)
 .rodata        0x000000009d013edc       0xd4 /home/fred/workspace/pinguino32/p32/obj/non-free/usb/libcdc.a(usb_descriptors.o)
                0x000000009d013edc                device_dsc
                0x000000009d013ef0                configDescriptor1
                0x000000009d013f34                sd000
                0x000000009d013f38                sd001
                0x000000009d013f6c                sd002
                0x000000009d013fa0                USB_CD_Ptr
                0x000000009d013fa4                USB_SD_Ptr
 .rodata.str1.4
                0x000000009d013fb0        0x4 /usr/lib/gcc/mipsel-elf/4.5.3/../../../../mipsel-elf/lib/libc.a(lib_a-impure.o)
 *(.rodata1)
                0x000000009d013fb4                . = ALIGN (0x4)

.sdata2         0x000000009d013fb4        0x0
 *(.sdata2 .sdata2.* .gnu.linkonce.s2.*)
                0x000000009d013fb4                . = ALIGN (0x4)

.sbss2          0x000000009d013fb4        0x0
 *(.sbss2 .sbss2.* .gnu.linkonce.sb2.*)
                0x000000009d013fb4                . = ALIGN (0x4)

.eh_frame_hdr
 *(.eh_frame_hdr)

.eh_frame       0x000000009d013fb4        0x4
 *(.eh_frame)
 .eh_frame      0x000000009d013fb4        0x0 /usr/lib/gcc/mipsel-elf/4.5.3/crtbegin.o
 .eh_frame      0x000000009d013fb4        0x4 /usr/lib/gcc/mipsel-elf/4.5.3/crtend.o

.rel.dyn        0x000000009d013fb8        0x0
 .rel.dyn       0x0000000000000000        0x0 /usr/lib/gcc/mipsel-elf/4.5.3/../../../../mipsel-elf/lib/libc.a(lib_a-mallocr.o)

.dbg_data       0x00000000a0000004        0x0
                0x00000000a0000004                . = (. + DEFINED (_DEBUGGER)?0x200:0x0)

.data           0x00000000a0000008      0x830 load address 0x000000009d013fb8
                0x00000000a0000008                _data_begin = .
 *(.data .data.* .gnu.linkonce.d.*)
 .data          0x00000000a0000008        0x0 /usr/lib/gcc/mipsel-elf/4.5.3/crti.o
 .data          0x00000000a0000008        0x0 /usr/lib/gcc/mipsel-elf/4.5.3/crtbegin.o
 .data          0x00000000a0000008        0x0 /home/fred/workspace/pinguino32/source/main32.o
 .data          0x00000000a0000008        0x0 /tmp/cciAHdDS.o
 .data          0x00000000a0000008        0x0 /home/fred/workspace/pinguino32/p32/obj/non-free/32MX440F256H.o
 .data          0x00000000a0000008        0x0 /home/fred/workspace/pinguino32/p32/obj/non-free/usb/libcdc.a(usb_device.o)
 .data          0x00000000a0000008        0x0 /home/fred/workspace/pinguino32/p32/obj/non-free/usb/libcdc.a(usb_function_cdc.o)
 .data          0x00000000a0000008        0x0 /home/fred/workspace/pinguino32/p32/obj/non-free/usb/libcdc.a(usb_descriptors.o)
 .data          0x00000000a0000008        0x0 /tmp/ccv9g5FI.o
 .data          0x00000000a0000008        0x0 /usr/lib/gcc/mipsel-elf/4.5.3/../../../../mipsel-elf/lib/libc.a(lib_a-malloc.o)
 .data          0x00000000a0000008      0x408 /usr/lib/gcc/mipsel-elf/4.5.3/../../../../mipsel-elf/lib/libc.a(lib_a-mallocr.o)
                0x00000000a0000008                __malloc_av_
 .data          0x00000000a0000410        0x0 /usr/lib/gcc/mipsel-elf/4.5.3/../../../../mipsel-elf/lib/libc.a(lib_a-mlock.o)
 .data          0x00000000a0000410        0x0 /usr/lib/gcc/mipsel-elf/4.5.3/../../../../mipsel-elf/lib/libc.a(lib_a-sbrkr.o)
 .data          0x00000000a0000410        0x0 /usr/lib/gcc/mipsel-elf/4.5.3/../../../../mipsel-elf/lib/libc.a(lib_a-strcmp.o)
 .data          0x00000000a0000410        0x0 /usr/lib/gcc/mipsel-elf/4.5.3/../../../../mipsel-elf/lib/libc.a(lib_a-freer.o)
 .data          0x00000000a0000410      0x428 /usr/lib/gcc/mipsel-elf/4.5.3/../../../../mipsel-elf/lib/libc.a(lib_a-impure.o)
 .data          0x00000000a0000838        0x0 /usr/lib/gcc/mipsel-elf/4.5.3/../../../../mipsel-elf/lib/libc.a(lib_a-reent.o)
 .data          0x00000000a0000838        0x0 /usr/lib/gcc/mipsel-elf/4.5.3/crtend.o
 .data          0x00000000a0000838        0x0 /usr/lib/gcc/mipsel-elf/4.5.3/crtn.o
 *(.gnu.linkonce.d.*personality*)
 *(.data1)
                0x000000009d013fb8                _data_image_begin = LOADADDR (.data)

.ctors          0x00000000a0000838        0x8 load address 0x000000009d0147e8
 .ctors         0x00000000a0000838        0x4 /usr/lib/gcc/mipsel-elf/4.5.3/crtbegin.o
 .ctors         0x00000000a000083c        0x4 /usr/lib/gcc/mipsel-elf/4.5.3/crtend.o

.dtors          0x00000000a0000840        0x8 load address 0x000000009d0147f0
 .dtors         0x00000000a0000840        0x4 /usr/lib/gcc/mipsel-elf/4.5.3/crtbegin.o
 .dtors         0x00000000a0000844        0x4 /usr/lib/gcc/mipsel-elf/4.5.3/crtend.o
                0x00000000a0000844                __DTOR_END__

.jcr            0x00000000a0000848        0x4 load address 0x000000009d0147f8
 .jcr           0x00000000a0000848        0x0 /usr/lib/gcc/mipsel-elf/4.5.3/crtbegin.o
 .jcr           0x00000000a0000848        0x4 /usr/lib/gcc/mipsel-elf/4.5.3/crtend.o

.eh_frame
 *(.eh_frame)
                0x00000000a0008840                _gp = (ALIGN (0x10) + 0x7ff0)

.got
 *(.got.plt)
 *(.got)

.sdata          0x00000000a000084c       0x18 load address 0x000000009d0147fc
                0x00000000a000084c                _sdata_begin = .
 *(.sdata .sdata.* .gnu.linkonce.s.*)
 .sdata         0x00000000a000084c        0x4 /usr/lib/gcc/mipsel-elf/4.5.3/crtbegin.o
                0x00000000a000084c                __dso_handle
 .sdata         0x00000000a0000850        0x1 /home/fred/workspace/pinguino32/source/main32.o
 *fill*         0x00000000a0000851        0x3 00
 .sdata         0x00000000a0000854        0x8 /usr/lib/gcc/mipsel-elf/4.5.3/../../../../mipsel-elf/lib/libc.a(lib_a-mallocr.o)
                0x00000000a0000854                __malloc_trim_threshold
                0x00000000a0000858                __malloc_sbrk_base
 .sdata         0x00000000a000085c        0x8 /usr/lib/gcc/mipsel-elf/4.5.3/../../../../mipsel-elf/lib/libc.a(lib_a-impure.o)
                0x00000000a000085c                _impure_ptr
                0x00000000a0000860                _global_impure_ptr
                0x00000000a0000864                _sdata_end = .

.lit8
 *(.lit8)

.lit4
 *(.lit4)
                0x00000000a0000864                . = ALIGN (0x4)
                0x00000000a0000864                _data_end = .
                0x00000000a0000864                _bss_begin = .

.sbss           0x00000000a0000864       0xe0 load address 0x000000009d014814
                0x00000000a0000864                _sbss_begin = .
 *(.dynsbss)
 *(.sbss .sbss.* .gnu.linkonce.sb.*)
 .sbss          0x00000000a0000864       0x20 /home/fred/workspace/pinguino32/source/main32.o
 .sbss          0x00000000a0000884        0xc /usr/lib/gcc/mipsel-elf/4.5.3/../../../../mipsel-elf/lib/libc.a(lib_a-mallocr.o)
                0x00000000a0000884                __malloc_top_pad
                0x00000000a0000888                __malloc_max_sbrked_mem
                0x00000000a000088c                __malloc_max_total_mem
 *(.scommon)
 .scommon       0x00000000a0000890       0x28 /home/fred/workspace/pinguino32/source/main32.o
                0x00000000a0000890                UART2rpointer
                0x00000000a0000894                heap_ptr
                0x00000000a0000898                UART2wpointer
                0x00000000a000089c                AccSize
                0x00000000a00008a0                FError
                0x00000000a00008a4                Fat
                0x00000000a00008a8                UART1rpointer
                0x00000000a00008ac                AccDirs
                0x00000000a00008ae                AccFiles
                0x00000000a00008b0                SDCS
                0x00000000a00008b4                UART1wpointer
 .scommon       0x00000000a00008b8       0x45 /home/fred/workspace/pinguino32/p32/obj/non-free/usb/libcdc.a(usb_device.o)
                0x00000000a00008b8                pDst
                0x00000000a00008bc                CtrlTrfData
                0x00000000a00008c4                USBDeviceState
                0x00000000a00008c8                controlTransferState
                0x00000000a00008cc                USBInMaxPacketSize
                0x00000000a00008d0                BothEP0OutUOWNsSet
                0x00000000a00008d4                pBDTEntryEP0OutNext
                0x00000000a00008d8                SetupPkt
                0x00000000a00008e0                shortPacketStatus
                0x00000000a00008e4                pBDTEntryEP0OutCurrent
                0x00000000a00008e8                USBActiveConfiguration
                0x00000000a00008ec                RemoteWakeup
                0x00000000a00008f0                USTATcopy
                0x00000000a00008f4                USBInData
                0x00000000a00008fc                USBAlternateInterface
 *fill*         0x00000000a00008fd        0x3 00
 .scommon       0x00000000a0000900       0x40 /home/fred/workspace/pinguino32/p32/obj/non-free/usb/libcdc.a(usb_function_cdc.o)
                0x00000000a0000900                control_signal_bitmap
                0x00000000a0000904                cdc_tx_len
                0x00000000a0000908                pCDCSrc
                0x00000000a000090c                CDCDataOutHandle
                0x00000000a0000910                cdc_rx_len
                0x00000000a0000914                line_coding
                0x00000000a000091c                BaudRateGen
                0x00000000a0000920                CDCDataInHandle
                0x00000000a0000924                cdc_notice
                0x00000000a000092c                cdc_trf_state
                0x00000000a0000930                pCDCDst
                0x00000000a0000934                cdc_mem_type
                0x00000000a0000938                dummy_encapsulated_cmd_response
 .scommon       0x00000000a0000940        0x4 /usr/lib/gcc/mipsel-elf/4.5.3/../../../../mipsel-elf/lib/libc.a(lib_a-reent.o)
                0x00000000a0000940                errno
                0x00000000a0000944                _sbss_end = .

.bss            0x00000000a0000a00      0x314 load address 0x000000009d014a00
 *(.dynbss)
 *(.bss .bss.* .gnu.linkonce.b.*)
 .bss           0x00000000a0000a00        0x0 /usr/lib/gcc/mipsel-elf/4.5.3/crti.o
 .bss           0x00000000a0000a00       0x20 /usr/lib/gcc/mipsel-elf/4.5.3/crtbegin.o
 .bss           0x00000000a0000a20       0xa0 /home/fred/workspace/pinguino32/source/main32.o
 .bss           0x00000000a0000ac0        0x0 /tmp/cciAHdDS.o
 .bss           0x00000000a0000ac0        0x0 /home/fred/workspace/pinguino32/p32/obj/non-free/32MX440F256H.o
 .bss           0x00000000a0000ac0        0x0 /home/fred/workspace/pinguino32/p32/obj/non-free/usb/libcdc.a(usb_device.o)
 .bss           0x00000000a0000ac0        0x0 /home/fred/workspace/pinguino32/p32/obj/non-free/usb/libcdc.a(usb_function_cdc.o)
 .bss           0x00000000a0000ac0        0x0 /home/fred/workspace/pinguino32/p32/obj/non-free/usb/libcdc.a(usb_descriptors.o)
 .bss           0x00000000a0000ac0        0x0 /tmp/ccv9g5FI.o
 .bss           0x00000000a0000ac0        0x0 /usr/lib/gcc/mipsel-elf/4.5.3/../../../../mipsel-elf/lib/libc.a(lib_a-malloc.o)
 .bss           0x00000000a0000ac0       0x28 /usr/lib/gcc/mipsel-elf/4.5.3/../../../../mipsel-elf/lib/libc.a(lib_a-mallocr.o)
                0x00000000a0000ac0                __malloc_current_mallinfo
 .bss           0x00000000a0000ae8        0x0 /usr/lib/gcc/mipsel-elf/4.5.3/../../../../mipsel-elf/lib/libc.a(lib_a-mlock.o)
 .bss           0x00000000a0000ae8        0x0 /usr/lib/gcc/mipsel-elf/4.5.3/../../../../mipsel-elf/lib/libc.a(lib_a-sbrkr.o)
 .bss           0x00000000a0000ae8        0x0 /usr/lib/gcc/mipsel-elf/4.5.3/../../../../mipsel-elf/lib/libc.a(lib_a-strcmp.o)
 .bss           0x00000000a0000ae8        0x0 /usr/lib/gcc/mipsel-elf/4.5.3/../../../../mipsel-elf/lib/libc.a(lib_a-freer.o)
 .bss           0x00000000a0000ae8        0x0 /usr/lib/gcc/mipsel-elf/4.5.3/../../../../mipsel-elf/lib/libc.a(lib_a-impure.o)
 .bss           0x00000000a0000ae8        0x0 /usr/lib/gcc/mipsel-elf/4.5.3/../../../../mipsel-elf/lib/libc.a(lib_a-reent.o)
 .bss           0x00000000a0000ae8        0x0 /usr/lib/gcc/mipsel-elf/4.5.3/crtend.o
 .bss           0x00000000a0000ae8        0x0 /usr/lib/gcc/mipsel-elf/4.5.3/crtn.o
 *(COMMON)
 COMMON         0x00000000a0000ae8      0x118 /home/fred/workspace/pinguino32/source/main32.o
                0x00000000a0000ae8                Finfo
                0x00000000a0000b00                UART2SerialBuffer
                0x00000000a0000b80                UART1SerialBuffer
 COMMON         0x00000000a0000c00       0x93 /home/fred/workspace/pinguino32/p32/obj/non-free/usb/libcdc.a(usb_device.o)
                0x00000000a0000c00                BDT
                0x00000000a0000c60                inPipes
                0x00000000a0000c70                pBDTEntryIn
                0x00000000a0000c7c                pBDTEntryOut
                0x00000000a0000c88                outPipes
 *fill*         0x00000000a0000c93        0x1 00
 COMMON         0x00000000a0000c94       0x80 /home/fred/workspace/pinguino32/p32/obj/non-free/usb/libcdc.a(usb_function_cdc.o)
                0x00000000a0000c94                cdc_data_tx
                0x00000000a0000cd4                cdc_data_rx
                0x00000000a0000d14                . = ALIGN (0x4)
                0x00000000a0000d14                . = ALIGN (0x4)
                0x00000000a0000d14                _end = .
                0x00000000a0000d14                _bss_end = .

.heap           0x00000000a0000d14     0x2000
                0x00000000a0000d14                _heap = .
                0x00000000a0002d14                . = (. + _min_heap_size)
 *fill*         0x00000000a0000d14     0x2000 00

.stack          0x00000000a0002d14      0x400
                0x00000000a0002d14                _splim = .
                0x00000000a0002d14                _SPLIM = .
                0x00000000a0003114                . = (. + _min_stack_size)
 *fill*         0x00000000a0002d14      0x400 00

.ramfunc        0x00000000a0003800        0x0 load address 0x000000009d014814
                0x00000000a0003800                _ramfunc_begin = .
 *(.ramfunc .ramfunc.*)
                0x00000000a0003800                . = ALIGN (0x4)
                0x00000000a0003800                _ramfunc_end = .
                0x000000009d014814                _ramfunc_image_begin = LOADADDR (.ramfunc)
                0x0000000000000000                _ramfunc_length = SIZEOF (.ramfunc)
                0x00000000000037fc                _bmxdkpba_address = (_ramfunc_begin - ORIGIN (kseg1_data_mem))
                0x0000000000007ffc                _bmxdudba_address = 0x7ffc
                0x0000000000007ffc                _bmxdupba_address = 0x7ffc
                0x00000000a0008000                _stack = (_ramfunc_length > 0x0)?(_ramfunc_begin - 0x4):(ORIGIN (kseg1_data_mem) + 0x7ffc)
                0x0000000000000001                ASSERT (((_min_stack_size + _min_heap_size) <= (_stack - _heap)), Not enough space to allocate both stack and heap.  Reduce heap and/or stack size.)

.pdr            0x0000000000000000     0x22a0
 *(.pdr)
 .pdr           0x0000000000000000        0x0 /usr/lib/gcc/mipsel-elf/4.5.3/crti.o
 .pdr           0x0000000000000000        0x0 /usr/lib/gcc/mipsel-elf/4.5.3/crtbegin.o
 .pdr           0x0000000000000000     0x1be0 /home/fred/workspace/pinguino32/source/main32.o
 .pdr           0x0000000000001be0       0xa0 /tmp/cciAHdDS.o
 .pdr           0x0000000000001c80        0x0 /home/fred/workspace/pinguino32/p32/obj/non-free/32MX440F256H.o
 .pdr           0x0000000000001c80      0x340 /home/fred/workspace/pinguino32/p32/obj/non-free/usb/libcdc.a(usb_device.o)
 .pdr           0x0000000000001fc0       0xe0 /home/fred/workspace/pinguino32/p32/obj/non-free/usb/libcdc.a(usb_function_cdc.o)
 .pdr           0x00000000000020a0        0x0 /home/fred/workspace/pinguino32/p32/obj/non-free/usb/libcdc.a(usb_descriptors.o)
 .pdr           0x00000000000020a0       0x80 /tmp/ccv9g5FI.o
 .pdr           0x0000000000002120       0x40 /usr/lib/gcc/mipsel-elf/4.5.3/../../../../mipsel-elf/lib/libc.a(lib_a-malloc.o)
 .pdr           0x0000000000002160       0x20 /usr/lib/gcc/mipsel-elf/4.5.3/../../../../mipsel-elf/lib/libc.a(lib_a-mallocr.o)
 .pdr           0x0000000000002180       0x40 /usr/lib/gcc/mipsel-elf/4.5.3/../../../../mipsel-elf/lib/libc.a(lib_a-mlock.o)
 .pdr           0x00000000000021c0       0x20 /usr/lib/gcc/mipsel-elf/4.5.3/../../../../mipsel-elf/lib/libc.a(lib_a-sbrkr.o)
 .pdr           0x00000000000021e0       0x20 /usr/lib/gcc/mipsel-elf/4.5.3/../../../../mipsel-elf/lib/libc.a(lib_a-strcmp.o)
 .pdr           0x0000000000002200       0x40 /usr/lib/gcc/mipsel-elf/4.5.3/../../../../mipsel-elf/lib/libc.a(lib_a-freer.o)
 .pdr           0x0000000000002240        0x0 /usr/lib/gcc/mipsel-elf/4.5.3/../../../../mipsel-elf/lib/libc.a(lib_a-impure.o)
 .pdr           0x0000000000002240       0x60 /usr/lib/gcc/mipsel-elf/4.5.3/../../../../mipsel-elf/lib/libc.a(lib_a-reent.o)
 .pdr           0x00000000000022a0        0x0 /usr/lib/gcc/mipsel-elf/4.5.3/crtend.o
 .pdr           0x00000000000022a0        0x0 /usr/lib/gcc/mipsel-elf/4.5.3/crtn.o

.reginfo        0x0000000000000000       0x18
 *(.reginfo)
 .reginfo       0x0000000000000000       0x18 /usr/lib/gcc/mipsel-elf/4.5.3/crti.o

.stab
 *(.stab)

.stabstr
 *(.stabstr)

.stab.excl
 *(.stab.excl)

.stab.exclstr
 *(.stab.exclstr)

.stab.index
 *(.stab.index)

.stab.indexstr
 *(.stab.indexstr)

.comment        0x0000000000000000      0x11d
 *(.comment)
 .comment       0x0000000000000000       0x2d /usr/lib/gcc/mipsel-elf/4.5.3/crtbegin.o
                                         0x2e (size before relaxing)
 .comment       0x0000000000000000       0x2e /home/fred/workspace/pinguino32/source/main32.o
 .comment       0x000000000000002d       0x50 /home/fred/workspace/pinguino32/p32/obj/non-free/usb/libcdc.a(usb_device.o)
 .comment       0x000000000000007d       0x50 /home/fred/workspace/pinguino32/p32/obj/non-free/usb/libcdc.a(usb_function_cdc.o)
 .comment       0x00000000000000cd       0x50 /home/fred/workspace/pinguino32/p32/obj/non-free/usb/libcdc.a(usb_descriptors.o)
 .comment       0x0000000000000000       0x2e /usr/lib/gcc/mipsel-elf/4.5.3/../../../../mipsel-elf/lib/libc.a(lib_a-malloc.o)
 .comment       0x0000000000000000       0x2e /usr/lib/gcc/mipsel-elf/4.5.3/../../../../mipsel-elf/lib/libc.a(lib_a-mallocr.o)
 .comment       0x0000000000000000       0x2e /usr/lib/gcc/mipsel-elf/4.5.3/../../../../mipsel-elf/lib/libc.a(lib_a-mlock.o)
 .comment       0x0000000000000000       0x2e /usr/lib/gcc/mipsel-elf/4.5.3/../../../../mipsel-elf/lib/libc.a(lib_a-sbrkr.o)
 .comment       0x0000000000000000       0x2e /usr/lib/gcc/mipsel-elf/4.5.3/../../../../mipsel-elf/lib/libc.a(lib_a-strcmp.o)
 .comment       0x0000000000000000       0x2e /usr/lib/gcc/mipsel-elf/4.5.3/../../../../mipsel-elf/lib/libc.a(lib_a-freer.o)
 .comment       0x0000000000000000       0x2e /usr/lib/gcc/mipsel-elf/4.5.3/../../../../mipsel-elf/lib/libc.a(lib_a-impure.o)
 .comment       0x0000000000000000       0x2e /usr/lib/gcc/mipsel-elf/4.5.3/../../../../mipsel-elf/lib/libc.a(lib_a-reent.o)
 .comment       0x0000000000000000       0x2e /usr/lib/gcc/mipsel-elf/4.5.3/crtend.o

.mdebug.abi32   0x0000000000000000        0x0
 .mdebug.abi32  0x0000000000000000        0x0 /usr/lib/gcc/mipsel-elf/4.5.3/crtbegin.o
 .mdebug.abi32  0x0000000000000000        0x0 /home/fred/workspace/pinguino32/source/main32.o
 .mdebug.abi32  0x0000000000000000        0x0 /home/fred/workspace/pinguino32/p32/obj/non-free/usb/libcdc.a(usb_device.o)
 .mdebug.abi32  0x0000000000000000        0x0 /home/fred/workspace/pinguino32/p32/obj/non-free/usb/libcdc.a(usb_function_cdc.o)
 .mdebug.abi32  0x0000000000000000        0x0 /home/fred/workspace/pinguino32/p32/obj/non-free/usb/libcdc.a(usb_descriptors.o)
 .mdebug.abi32  0x0000000000000000        0x0 /usr/lib/gcc/mipsel-elf/4.5.3/../../../../mipsel-elf/lib/libc.a(lib_a-malloc.o)
 .mdebug.abi32  0x0000000000000000        0x0 /usr/lib/gcc/mipsel-elf/4.5.3/../../../../mipsel-elf/lib/libc.a(lib_a-mallocr.o)
 .mdebug.abi32  0x0000000000000000        0x0 /usr/lib/gcc/mipsel-elf/4.5.3/../../../../mipsel-elf/lib/libc.a(lib_a-mlock.o)
 .mdebug.abi32  0x0000000000000000        0x0 /usr/lib/gcc/mipsel-elf/4.5.3/../../../../mipsel-elf/lib/libc.a(lib_a-sbrkr.o)
 .mdebug.abi32  0x0000000000000000        0x0 /usr/lib/gcc/mipsel-elf/4.5.3/../../../../mipsel-elf/lib/libc.a(lib_a-strcmp.o)
 .mdebug.abi32  0x0000000000000000        0x0 /usr/lib/gcc/mipsel-elf/4.5.3/../../../../mipsel-elf/lib/libc.a(lib_a-freer.o)
 .mdebug.abi32  0x0000000000000000        0x0 /usr/lib/gcc/mipsel-elf/4.5.3/../../../../mipsel-elf/lib/libc.a(lib_a-impure.o)
 .mdebug.abi32  0x0000000000000000        0x0 /usr/lib/gcc/mipsel-elf/4.5.3/../../../../mipsel-elf/lib/libc.a(lib_a-reent.o)
 .mdebug.abi32  0x0000000000000000        0x0 /usr/lib/gcc/mipsel-elf/4.5.3/crtend.o

.gnu.attributes
                0x0000000000000000       0x10
 .gnu.attributes
                0x0000000000000000       0x10 /usr/lib/gcc/mipsel-elf/4.5.3/crtbegin.o
 .gnu.attributes
                0x0000000000000010       0x10 /home/fred/workspace/pinguino32/source/main32.o
 .gnu.attributes
                0x0000000000000020       0x10 /usr/lib/gcc/mipsel-elf/4.5.3/../../../../mipsel-elf/lib/libc.a(lib_a-malloc.o)
 .gnu.attributes
                0x0000000000000030       0x10 /usr/lib/gcc/mipsel-elf/4.5.3/../../../../mipsel-elf/lib/libc.a(lib_a-mallocr.o)
 .gnu.attributes
                0x0000000000000040       0x10 /usr/lib/gcc/mipsel-elf/4.5.3/../../../../mipsel-elf/lib/libc.a(lib_a-mlock.o)
 .gnu.attributes
                0x0000000000000050       0x10 /usr/lib/gcc/mipsel-elf/4.5.3/../../../../mipsel-elf/lib/libc.a(lib_a-sbrkr.o)
 .gnu.attributes
                0x0000000000000060       0x10 /usr/lib/gcc/mipsel-elf/4.5.3/../../../../mipsel-elf/lib/libc.a(lib_a-strcmp.o)
 .gnu.attributes
                0x0000000000000070       0x10 /usr/lib/gcc/mipsel-elf/4.5.3/../../../../mipsel-elf/lib/libc.a(lib_a-freer.o)
 .gnu.attributes
                0x0000000000000080       0x10 /usr/lib/gcc/mipsel-elf/4.5.3/../../../../mipsel-elf/lib/libc.a(lib_a-impure.o)
 .gnu.attributes
                0x0000000000000090       0x10 /usr/lib/gcc/mipsel-elf/4.5.3/../../../../mipsel-elf/lib/libc.a(lib_a-reent.o)
 .gnu.attributes
                0x00000000000000a0       0x10 /usr/lib/gcc/mipsel-elf/4.5.3/crtend.o

.debug
 *(.debug)

.line
 *(.line)

.debug_srcinfo
 *(.debug_srcinfo)

.debug_sfnames
 *(.debug_sfnames)

.debug_aranges  0x0000000000000000       0xe0
 *(.debug_aranges)
 .debug_aranges
                0x0000000000000000       0x20 /usr/lib/gcc/mipsel-elf/4.5.3/../../../../mipsel-elf/lib/libc.a(lib_a-malloc.o)
 .debug_aranges
                0x0000000000000020       0x20 /usr/lib/gcc/mipsel-elf/4.5.3/../../../../mipsel-elf/lib/libc.a(lib_a-mallocr.o)
 .debug_aranges
                0x0000000000000040       0x20 /usr/lib/gcc/mipsel-elf/4.5.3/../../../../mipsel-elf/lib/libc.a(lib_a-mlock.o)
 .debug_aranges
                0x0000000000000060       0x20 /usr/lib/gcc/mipsel-elf/4.5.3/../../../../mipsel-elf/lib/libc.a(lib_a-sbrkr.o)
 .debug_aranges
                0x0000000000000080       0x20 /usr/lib/gcc/mipsel-elf/4.5.3/../../../../mipsel-elf/lib/libc.a(lib_a-strcmp.o)
 .debug_aranges
                0x00000000000000a0       0x20 /usr/lib/gcc/mipsel-elf/4.5.3/../../../../mipsel-elf/lib/libc.a(lib_a-freer.o)
 .debug_aranges
                0x00000000000000c0       0x20 /usr/lib/gcc/mipsel-elf/4.5.3/../../../../mipsel-elf/lib/libc.a(lib_a-reent.o)

.debug_pubnames
                0x0000000000000000      0x223
 *(.debug_pubnames)
 .debug_pubnames
                0x0000000000000000       0x26 /usr/lib/gcc/mipsel-elf/4.5.3/../../../../mipsel-elf/lib/libc.a(lib_a-malloc.o)
 .debug_pubnames
                0x0000000000000026       0xce /usr/lib/gcc/mipsel-elf/4.5.3/../../../../mipsel-elf/lib/libc.a(lib_a-mallocr.o)
 .debug_pubnames
                0x00000000000000f4       0x38 /usr/lib/gcc/mipsel-elf/4.5.3/../../../../mipsel-elf/lib/libc.a(lib_a-mlock.o)
 .debug_pubnames
                0x000000000000012c       0x1e /usr/lib/gcc/mipsel-elf/4.5.3/../../../../mipsel-elf/lib/libc.a(lib_a-sbrkr.o)
 .debug_pubnames
                0x000000000000014a       0x1d /usr/lib/gcc/mipsel-elf/4.5.3/../../../../mipsel-elf/lib/libc.a(lib_a-strcmp.o)
 .debug_pubnames
                0x0000000000000167       0x31 /usr/lib/gcc/mipsel-elf/4.5.3/../../../../mipsel-elf/lib/libc.a(lib_a-freer.o)
 .debug_pubnames
                0x0000000000000198       0x39 /usr/lib/gcc/mipsel-elf/4.5.3/../../../../mipsel-elf/lib/libc.a(lib_a-impure.o)
 .debug_pubnames
                0x00000000000001d1       0x52 /usr/lib/gcc/mipsel-elf/4.5.3/../../../../mipsel-elf/lib/libc.a(lib_a-reent.o)

.debug_info     0x0000000000000000     0x4b4b
 *(.debug_info .gnu.linkonce.wi.*)
 .debug_info    0x0000000000000000      0x9a1 /usr/lib/gcc/mipsel-elf/4.5.3/../../../../mipsel-elf/lib/libc.a(lib_a-malloc.o)
 .debug_info    0x00000000000009a1      0xd67 /usr/lib/gcc/mipsel-elf/4.5.3/../../../../mipsel-elf/lib/libc.a(lib_a-mallocr.o)
 .debug_info    0x0000000000001708      0x97c /usr/lib/gcc/mipsel-elf/4.5.3/../../../../mipsel-elf/lib/libc.a(lib_a-mlock.o)
 .debug_info    0x0000000000002084      0x9a8 /usr/lib/gcc/mipsel-elf/4.5.3/../../../../mipsel-elf/lib/libc.a(lib_a-sbrkr.o)
 .debug_info    0x0000000000002a2c      0x121 /usr/lib/gcc/mipsel-elf/4.5.3/../../../../mipsel-elf/lib/libc.a(lib_a-strcmp.o)
 .debug_info    0x0000000000002b4d      0xc3c /usr/lib/gcc/mipsel-elf/4.5.3/../../../../mipsel-elf/lib/libc.a(lib_a-freer.o)
 .debug_info    0x0000000000003789      0x962 /usr/lib/gcc/mipsel-elf/4.5.3/../../../../mipsel-elf/lib/libc.a(lib_a-impure.o)
 .debug_info    0x00000000000040eb      0xa60 /usr/lib/gcc/mipsel-elf/4.5.3/../../../../mipsel-elf/lib/libc.a(lib_a-reent.o)

.debug_abbrev   0x0000000000000000      0xca5
 *(.debug_abbrev)
 .debug_abbrev  0x0000000000000000      0x194 /usr/lib/gcc/mipsel-elf/4.5.3/../../../../mipsel-elf/lib/libc.a(lib_a-malloc.o)
 .debug_abbrev  0x0000000000000194      0x231 /usr/lib/gcc/mipsel-elf/4.5.3/../../../../mipsel-elf/lib/libc.a(lib_a-mallocr.o)
 .debug_abbrev  0x00000000000003c5      0x177 /usr/lib/gcc/mipsel-elf/4.5.3/../../../../mipsel-elf/lib/libc.a(lib_a-mlock.o)
 .debug_abbrev  0x000000000000053c      0x1ae /usr/lib/gcc/mipsel-elf/4.5.3/../../../../mipsel-elf/lib/libc.a(lib_a-sbrkr.o)
 .debug_abbrev  0x00000000000006ea       0x8b /usr/lib/gcc/mipsel-elf/4.5.3/../../../../mipsel-elf/lib/libc.a(lib_a-strcmp.o)
 .debug_abbrev  0x0000000000000775      0x1e8 /usr/lib/gcc/mipsel-elf/4.5.3/../../../../mipsel-elf/lib/libc.a(lib_a-freer.o)
 .debug_abbrev  0x000000000000095d      0x164 /usr/lib/gcc/mipsel-elf/4.5.3/../../../../mipsel-elf/lib/libc.a(lib_a-impure.o)
 .debug_abbrev  0x0000000000000ac1      0x1e4 /usr/lib/gcc/mipsel-elf/4.5.3/../../../../mipsel-elf/lib/libc.a(lib_a-reent.o)

.debug_line     0x0000000000000000      0xe5d
 *(.debug_line)
 .debug_line    0x0000000000000000      0x1a5 /usr/lib/gcc/mipsel-elf/4.5.3/../../../../mipsel-elf/lib/libc.a(lib_a-malloc.o)
 .debug_line    0x00000000000001a5      0x36d /usr/lib/gcc/mipsel-elf/4.5.3/../../../../mipsel-elf/lib/libc.a(lib_a-mallocr.o)
 .debug_line    0x0000000000000512      0x13e /usr/lib/gcc/mipsel-elf/4.5.3/../../../../mipsel-elf/lib/libc.a(lib_a-mlock.o)
 .debug_line    0x0000000000000650      0x1a9 /usr/lib/gcc/mipsel-elf/4.5.3/../../../../mipsel-elf/lib/libc.a(lib_a-sbrkr.o)
 .debug_line    0x00000000000007f9      0x14b /usr/lib/gcc/mipsel-elf/4.5.3/../../../../mipsel-elf/lib/libc.a(lib_a-strcmp.o)
 .debug_line    0x0000000000000944      0x25f /usr/lib/gcc/mipsel-elf/4.5.3/../../../../mipsel-elf/lib/libc.a(lib_a-freer.o)
 .debug_line    0x0000000000000ba3      0x12c /usr/lib/gcc/mipsel-elf/4.5.3/../../../../mipsel-elf/lib/libc.a(lib_a-impure.o)
 .debug_line    0x0000000000000ccf      0x18e /usr/lib/gcc/mipsel-elf/4.5.3/../../../../mipsel-elf/lib/libc.a(lib_a-reent.o)

.debug_frame    0x0000000000000000      0x198
 *(.debug_frame)
 .debug_frame   0x0000000000000000       0x30 /usr/lib/gcc/mipsel-elf/4.5.3/../../../../mipsel-elf/lib/libc.a(lib_a-malloc.o)
 .debug_frame   0x0000000000000030       0x38 /usr/lib/gcc/mipsel-elf/4.5.3/../../../../mipsel-elf/lib/libc.a(lib_a-mallocr.o)
 .debug_frame   0x0000000000000068       0x30 /usr/lib/gcc/mipsel-elf/4.5.3/../../../../mipsel-elf/lib/libc.a(lib_a-mlock.o)
 .debug_frame   0x0000000000000098       0x2c /usr/lib/gcc/mipsel-elf/4.5.3/../../../../mipsel-elf/lib/libc.a(lib_a-sbrkr.o)
 .debug_frame   0x00000000000000c4       0x20 /usr/lib/gcc/mipsel-elf/4.5.3/../../../../mipsel-elf/lib/libc.a(lib_a-strcmp.o)
 .debug_frame   0x00000000000000e4       0x48 /usr/lib/gcc/mipsel-elf/4.5.3/../../../../mipsel-elf/lib/libc.a(lib_a-freer.o)
 .debug_frame   0x000000000000012c       0x6c /usr/lib/gcc/mipsel-elf/4.5.3/../../../../mipsel-elf/lib/libc.a(lib_a-reent.o)

.debug_str      0x0000000000000000      0x947
 *(.debug_str)
 .debug_str     0x0000000000000000      0x450 /usr/lib/gcc/mipsel-elf/4.5.3/../../../../mipsel-elf/lib/libc.a(lib_a-malloc.o)
                                        0x4ce (size before relaxing)
 .debug_str     0x0000000000000450      0x22c /usr/lib/gcc/mipsel-elf/4.5.3/../../../../mipsel-elf/lib/libc.a(lib_a-mallocr.o)
                                        0x6a3 (size before relaxing)
 .debug_str     0x000000000000067c       0x91 /usr/lib/gcc/mipsel-elf/4.5.3/../../../../mipsel-elf/lib/libc.a(lib_a-mlock.o)
                                        0x4d5 (size before relaxing)
 .debug_str     0x000000000000070d       0x79 /usr/lib/gcc/mipsel-elf/4.5.3/../../../../mipsel-elf/lib/libc.a(lib_a-sbrkr.o)
                                        0x4c3 (size before relaxing)
 .debug_str     0x0000000000000786       0x71 /usr/lib/gcc/mipsel-elf/4.5.3/../../../../mipsel-elf/lib/libc.a(lib_a-strcmp.o)
                                        0x106 (size before relaxing)
 .debug_str     0x00000000000007f7       0x3c /usr/lib/gcc/mipsel-elf/4.5.3/../../../../mipsel-elf/lib/libc.a(lib_a-freer.o)
                                        0x5f5 (size before relaxing)
 .debug_str     0x0000000000000833       0x7d /usr/lib/gcc/mipsel-elf/4.5.3/../../../../mipsel-elf/lib/libc.a(lib_a-impure.o)
                                        0x4cd (size before relaxing)
 .debug_str     0x00000000000008b0       0x97 /usr/lib/gcc/mipsel-elf/4.5.3/../../../../mipsel-elf/lib/libc.a(lib_a-reent.o)
                                        0x4f2 (size before relaxing)

.debug_loc      0x0000000000000000     0x1337
 *(.debug_loc)
 .debug_loc     0x0000000000000000       0x3c /usr/lib/gcc/mipsel-elf/4.5.3/../../../../mipsel-elf/lib/libc.a(lib_a-malloc.o)
 .debug_loc     0x000000000000003c      0xa5b /usr/lib/gcc/mipsel-elf/4.5.3/../../../../mipsel-elf/lib/libc.a(lib_a-mallocr.o)
 .debug_loc     0x0000000000000a97       0x5c /usr/lib/gcc/mipsel-elf/4.5.3/../../../../mipsel-elf/lib/libc.a(lib_a-sbrkr.o)
 .debug_loc     0x0000000000000af3      0x16d /usr/lib/gcc/mipsel-elf/4.5.3/../../../../mipsel-elf/lib/libc.a(lib_a-strcmp.o)
 .debug_loc     0x0000000000000c60      0x4b7 /usr/lib/gcc/mipsel-elf/4.5.3/../../../../mipsel-elf/lib/libc.a(lib_a-freer.o)
 .debug_loc     0x0000000000001117      0x220 /usr/lib/gcc/mipsel-elf/4.5.3/../../../../mipsel-elf/lib/libc.a(lib_a-reent.o)

.debug_macinfo
 *(.debug_macinfo)

.debug_weaknames
 *(.debug_weaknames)

.debug_funcnames
 *(.debug_funcnames)

.debug_typenames
 *(.debug_typenames)

.debug_varnames
 *(.debug_varnames)

/DISCARD/
 *(.note.GNU-stack)
OUTPUT(/home/fred/workspace/pinguino32/source/main32.elf elf32-littlemips)

.debug_pubtypes
                0x0000000000000000      0x6bc
 .debug_pubtypes
                0x0000000000000000       0xe8 /usr/lib/gcc/mipsel-elf/4.5.3/../../../../mipsel-elf/lib/libc.a(lib_a-malloc.o)
 .debug_pubtypes
                0x00000000000000e8      0x120 /usr/lib/gcc/mipsel-elf/4.5.3/../../../../mipsel-elf/lib/libc.a(lib_a-mallocr.o)
 .debug_pubtypes
                0x0000000000000208       0xdd /usr/lib/gcc/mipsel-elf/4.5.3/../../../../mipsel-elf/lib/libc.a(lib_a-mlock.o)
 .debug_pubtypes
                0x00000000000002e5       0xeb /usr/lib/gcc/mipsel-elf/4.5.3/../../../../mipsel-elf/lib/libc.a(lib_a-sbrkr.o)
 .debug_pubtypes
                0x00000000000003d0       0x12 /usr/lib/gcc/mipsel-elf/4.5.3/../../../../mipsel-elf/lib/libc.a(lib_a-strcmp.o)
 .debug_pubtypes
                0x00000000000003e2      0x120 /usr/lib/gcc/mipsel-elf/4.5.3/../../../../mipsel-elf/lib/libc.a(lib_a-freer.o)
 .debug_pubtypes
                0x0000000000000502       0xdd /usr/lib/gcc/mipsel-elf/4.5.3/../../../../mipsel-elf/lib/libc.a(lib_a-impure.o)
 .debug_pubtypes
                0x00000000000005df       0xdd /usr/lib/gcc/mipsel-elf/4.5.3/../../../../mipsel-elf/lib/libc.a(lib_a-reent.o)

.debug_ranges   0x0000000000000000       0x50
 .debug_ranges  0x0000000000000000       0x50 /usr/lib/gcc/mipsel-elf/4.5.3/../../../../mipsel-elf/lib/libc.a(lib_a-mallocr.o)
