Archive member included because of file (symbol)

/home/fazzi/dev/Pinguino-svn/pinguino32/trunk/linux/p32/bin/../lib/gcc/mips-elf/4.5.2/../../../../mips-elf/lib/libm.a(lib_a-wf_pow.o)
                              /tmp/ccASVfed.o (powf)
/home/fazzi/dev/Pinguino-svn/pinguino32/trunk/linux/p32/bin/../lib/gcc/mips-elf/4.5.2/../../../../mips-elf/lib/libm.a(lib_a-ef_pow.o)
                              /home/fazzi/dev/Pinguino-svn/pinguino32/trunk/linux/p32/bin/../lib/gcc/mips-elf/4.5.2/../../../../mips-elf/lib/libm.a(lib_a-wf_pow.o) (__ieee754_powf)
/home/fazzi/dev/Pinguino-svn/pinguino32/trunk/linux/p32/bin/../lib/gcc/mips-elf/4.5.2/../../../../mips-elf/lib/libm.a(lib_a-ef_sqrt.o)
                              /home/fazzi/dev/Pinguino-svn/pinguino32/trunk/linux/p32/bin/../lib/gcc/mips-elf/4.5.2/../../../../mips-elf/lib/libm.a(lib_a-ef_pow.o) (__ieee754_sqrtf)
/home/fazzi/dev/Pinguino-svn/pinguino32/trunk/linux/p32/bin/../lib/gcc/mips-elf/4.5.2/../../../../mips-elf/lib/libm.a(lib_a-sf_fabs.o)
                              /home/fazzi/dev/Pinguino-svn/pinguino32/trunk/linux/p32/bin/../lib/gcc/mips-elf/4.5.2/../../../../mips-elf/lib/libm.a(lib_a-ef_pow.o) (fabsf)
/home/fazzi/dev/Pinguino-svn/pinguino32/trunk/linux/p32/bin/../lib/gcc/mips-elf/4.5.2/../../../../mips-elf/lib/libm.a(lib_a-sf_finite.o)
                              /home/fazzi/dev/Pinguino-svn/pinguino32/trunk/linux/p32/bin/../lib/gcc/mips-elf/4.5.2/../../../../mips-elf/lib/libm.a(lib_a-wf_pow.o) (finitef)
/home/fazzi/dev/Pinguino-svn/pinguino32/trunk/linux/p32/bin/../lib/gcc/mips-elf/4.5.2/../../../../mips-elf/lib/libm.a(lib_a-sf_isnan.o)
                              /home/fazzi/dev/Pinguino-svn/pinguino32/trunk/linux/p32/bin/../lib/gcc/mips-elf/4.5.2/../../../../mips-elf/lib/libm.a(lib_a-wf_pow.o) (isnanf)
/home/fazzi/dev/Pinguino-svn/pinguino32/trunk/linux/p32/bin/../lib/gcc/mips-elf/4.5.2/../../../../mips-elf/lib/libm.a(lib_a-sf_nan.o)
                              /home/fazzi/dev/Pinguino-svn/pinguino32/trunk/linux/p32/bin/../lib/gcc/mips-elf/4.5.2/../../../../mips-elf/lib/libm.a(lib_a-ef_pow.o) (nanf)
/home/fazzi/dev/Pinguino-svn/pinguino32/trunk/linux/p32/bin/../lib/gcc/mips-elf/4.5.2/../../../../mips-elf/lib/libm.a(lib_a-sf_scalbn.o)
                              /home/fazzi/dev/Pinguino-svn/pinguino32/trunk/linux/p32/bin/../lib/gcc/mips-elf/4.5.2/../../../../mips-elf/lib/libm.a(lib_a-ef_pow.o) (scalbnf)
/home/fazzi/dev/Pinguino-svn/pinguino32/trunk/linux/p32/bin/../lib/gcc/mips-elf/4.5.2/../../../../mips-elf/lib/libm.a(lib_a-s_lib_ver.o)
                              /home/fazzi/dev/Pinguino-svn/pinguino32/trunk/linux/p32/bin/../lib/gcc/mips-elf/4.5.2/../../../../mips-elf/lib/libm.a(lib_a-wf_pow.o) (__fdlib_version)
/home/fazzi/dev/Pinguino-svn/pinguino32/trunk/linux/p32/bin/../lib/gcc/mips-elf/4.5.2/../../../../mips-elf/lib/libm.a(lib_a-s_matherr.o)
                              /home/fazzi/dev/Pinguino-svn/pinguino32/trunk/linux/p32/bin/../lib/gcc/mips-elf/4.5.2/../../../../mips-elf/lib/libm.a(lib_a-wf_pow.o) (matherr)
/home/fazzi/dev/Pinguino-svn/pinguino32/trunk/linux/p32/bin/../lib/gcc/mips-elf/4.5.2/../../../../mips-elf/lib/libm.a(lib_a-s_rint.o)
                              /home/fazzi/dev/Pinguino-svn/pinguino32/trunk/linux/p32/bin/../lib/gcc/mips-elf/4.5.2/../../../../mips-elf/lib/libm.a(lib_a-wf_pow.o) (rint)
/home/fazzi/dev/Pinguino-svn/pinguino32/trunk/linux/p32/bin/../lib/gcc/mips-elf/4.5.2/../../../../mips-elf/lib/libm.a(lib_a-sf_copysign.o)
                              /home/fazzi/dev/Pinguino-svn/pinguino32/trunk/linux/p32/bin/../lib/gcc/mips-elf/4.5.2/../../../../mips-elf/lib/libm.a(lib_a-sf_scalbn.o) (copysignf)
/home/fazzi/dev/Pinguino-svn/pinguino32/trunk/linux/p32/bin/../lib/gcc/mips-elf/4.5.2/soft-float/el/libgcc.a(_addsub_sf.o)
                              /home/fazzi/dev/Pinguino-svn/pinguino32/trunk/linux/p32/bin/../lib/gcc/mips-elf/4.5.2/../../../../mips-elf/lib/libm.a(lib_a-ef_pow.o) (__addsf3)
/home/fazzi/dev/Pinguino-svn/pinguino32/trunk/linux/p32/bin/../lib/gcc/mips-elf/4.5.2/soft-float/el/libgcc.a(_mul_sf.o)
                              /tmp/ccASVfed.o (__mulsf3)
/home/fazzi/dev/Pinguino-svn/pinguino32/trunk/linux/p32/bin/../lib/gcc/mips-elf/4.5.2/soft-float/el/libgcc.a(_div_sf.o)
                              /tmp/ccASVfed.o (__divsf3)
/home/fazzi/dev/Pinguino-svn/pinguino32/trunk/linux/p32/bin/../lib/gcc/mips-elf/4.5.2/soft-float/el/libgcc.a(_eq_sf.o)
                              /home/fazzi/dev/Pinguino-svn/pinguino32/trunk/linux/p32/bin/../lib/gcc/mips-elf/4.5.2/../../../../mips-elf/lib/libm.a(lib_a-wf_pow.o) (__eqsf2)
/home/fazzi/dev/Pinguino-svn/pinguino32/trunk/linux/p32/bin/../lib/gcc/mips-elf/4.5.2/soft-float/el/libgcc.a(_gt_sf.o)
                              /home/fazzi/dev/Pinguino-svn/pinguino32/trunk/linux/p32/bin/../lib/gcc/mips-elf/4.5.2/../../../../mips-elf/lib/libm.a(lib_a-ef_pow.o) (__gtsf2)
[...]
Memory Configuration

Name             Origin             Length             Attributes
kseg0_program_mem 0x000000009d006a00 0x000000000007a600 xr
kseg0_boot_mem   0x000000009d006490 0x0000000000000970
exception_mem    0x000000009d005000 0x0000000000001000
kseg1_boot_mem   0x000000009d006000 0x0000000000000490
debug_exec_mem   0x00000000bfc02000 0x0000000000000ff0
config3          0x00000000bfc02ff0 0x0000000000000004
config2          0x00000000bfc02ff4 0x0000000000000004
config1          0x00000000bfc02ff8 0x0000000000000004
config0          0x00000000bfc02ffc 0x0000000000000004
boot_software_key 0x00000000a0000000 0x0000000000000004
kseg1_data_mem   0x00000000a0000004 0x0000000000007ffc w !x
sfrs             0x00000000bf800000 0x0000000000100000
*default*        0x0000000000000000 0xffffffffffffffff

Linker script and memory map

LOAD /home/fazzi/dev/Pinguino-svn/pinguino32/trunk/linux/p32/bin/../lib/gcc/mips-elf/4.5.2/soft-float/el/crti.o
LOAD /home/fazzi/dev/Pinguino-svn/pinguino32/trunk/linux/p32/bin/../lib/gcc/mips-elf/4.5.2/soft-float/el/crtbegin.o
                0x0000000000002000                _min_heap_size = 0x2000
LOAD /home/fazzi/dev/Pinguino-svn/pinguino32/trunk/linux/p32/bin/../lib/gcc/mips-elf/4.5.2/../../../../mips-elf/lib/libm.a
LOAD /home/fazzi/dev/Pinguino-svn/pinguino32/trunk/linux/p32/bin/../lib/gcc/mips-elf/4.5.2/soft-float/el/libgcc.a
LOAD /home/fazzi/dev/Pinguino-svn/pinguino32/trunk/linux/p32/bin/../lib/gcc/mips-elf/4.5.2/../../../../mips-elf/lib/libc.a
LOAD /tmp/ccASVfed.o
LOAD /tmp/cc359DsA.o
LOAD /home/fazzi/dev/Pinguino-svn/pinguino32/trunk/p32/obj/non-free/processor.o
LOAD /home/fazzi/dev/Pinguino-svn/pinguino32/trunk/p32/obj/non-free/usb/libcdc.a
LOAD /home/fazzi/dev/Pinguino-svn/pinguino32/trunk/p32/obj/non-free/usb/libadb.a
LOAD /tmp/ccO5qUJX.o
LOAD /home/fazzi/dev/Pinguino-svn/pinguino32/trunk/linux/p32/bin/../lib/gcc/mips-elf/4.5.2/../../../../mips-elf/lib/libm.a
LOAD /home/fazzi/dev/Pinguino-svn/pinguino32/trunk/linux/p32/bin/../lib/gcc/mips-elf/4.5.2/soft-float/el/libgcc.a
LOAD /home/fazzi/dev/Pinguino-svn/pinguino32/trunk/linux/p32/bin/../lib/gcc/mips-elf/4.5.2/../../../../mips-elf/lib/libc.a
LOAD /home/fazzi/dev/Pinguino-svn/pinguino32/trunk/linux/p32/bin/../lib/gcc/mips-elf/4.5.2/soft-float/el/libgcc.a
LOAD /home/fazzi/dev/Pinguino-svn/pinguino32/trunk/linux/p32/bin/../lib/gcc/mips-elf/4.5.2/soft-float/el/libgcc.a
LOAD /home/fazzi/dev/Pinguino-svn/pinguino32/trunk/linux/p32/bin/../lib/gcc/mips-elf/4.5.2/soft-float/el/crtend.o
LOAD /home/fazzi/dev/Pinguino-svn/pinguino32/trunk/linux/p32/bin/../lib/gcc/mips-elf/4.5.2/soft-float/el/crtn.o
                0x00000000bf882030                BMXDUPBA = 0xbf882030
                0x00000000bf882010                BMXDKPBA = 0xbf882010
                0x00000000bf882020                BMXDUDBA = 0xbf882020
                0x0000000000000001                PROVIDE (_vector_spacing, 0x1)
                0x000000009d005000                _ebase_address = 0x9d005000
                0x000000009d006000                _RESET_ADDR = 0x9d006000
                0x000000009d006380                _BEV_EXCPT_ADDR = 0x9d006380
                0x000000009d006480                _DBG_EXCPT_ADDR = 0x9d006480
                0x00000000bfc02000                _DBG_CODE_ADDR = 0xbfc02000
                0x000000009d005180                _GEN_EXCPT_ADDR = (_ebase_address + 0x180)

.boot_software_key_sec
 *(.boot_software_key_sec)

.config_BFC02FF0
 *(.config_BFC02FF0)

.config_BFC02FF4
 *(.config_BFC02FF4)

.config_BFC02FF8
 *(.config_BFC02FF8)

.config_BFC02FFC
 *(.config_BFC02FFC)
                0x0000000000000400                PROVIDE (_min_stack_size, 0x400)
                0x0000000000000000                PROVIDE (_min_heap_size, 0x0)

.reset          0x000000009d006000       0x10
 *(.reset)
 .reset         0x000000009d006000       0x10 /tmp/cc359DsA.o
                0x000000009d006000                _reset

.bev_excpt      0x000000009d006380        0x4
 *(.bev_handler)
 .bev_handler   0x000000009d006380        0x4 /tmp/cc359DsA.o

.dbg_excpt      0x000000009d006480        0x0
                0x000000009d006480                . = (. + DEFINED (_DEBUGGER)?0x8:0x0)

.dbg_code       0x00000000bfc02000        0x0
                0x00000000bfc02000                . = (. + DEFINED (_DEBUGGER)?0xff0:0x0)

.app_excpt      0x000000009d005180        0x4
 *(.gen_handler)
 .gen_handler   0x000000009d005180        0x4 /tmp/cc359DsA.o

.vector_0       0x000000009d005200        0x0
 *(.vector_0)
                0x0000000000000001                ASSERT (((_vector_spacing == 0x0) || (SIZEOF (.vector_0) <= (_vector_spacing << 0x5))), function at exception vector 0 too large)

.vector_1       0x000000009d005220        0x0
 *(.vector_1)
                0x0000000000000001                ASSERT (((_vector_spacing == 0x0) || (SIZEOF (.vector_1) <= (_vector_spacing << 0x5))), function at exception vector 1 too large)

.vector_2       0x000000009d005240        0x0
 *(.vector_2)
                0x0000000000000001                ASSERT (((_vector_spacing == 0x0) || (SIZEOF (.vector_2) <= (_vector_spacing << 0x5))), function at exception vector 2 too large)

.vector_3       0x000000009d005260        0x0
 *(.vector_3)
                0x0000000000000001                ASSERT (((_vector_spacing == 0x0) || (SIZEOF (.vector_3) <= (_vector_spacing << 0x5))), function at exception vector 3 too large)

.vector_4       0x000000009d005280        0x0
 *(.vector_4)
                0x0000000000000001                ASSERT (((_vector_spacing == 0x0) || (SIZEOF (.vector_4) <= (_vector_spacing << 0x5))), function at exception vector 4 too large)

.vector_5       0x000000009d0052a0        0x0
 *(.vector_5)
                0x0000000000000001                ASSERT (((_vector_spacing == 0x0) || (SIZEOF (.vector_5) <= (_vector_spacing << 0x5))), function at exception vector 5 too large)

.vector_6       0x000000009d0052c0        0x0
 *(.vector_6)
                0x0000000000000001                ASSERT (((_vector_spacing == 0x0) || (SIZEOF (.vector_6) <= (_vector_spacing << 0x5))), function at exception vector 6 too large)

.vector_7       0x000000009d0052e0        0x0
 *(.vector_7)
                0x0000000000000001                ASSERT (((_vector_spacing == 0x0) || (SIZEOF (.vector_7) <= (_vector_spacing << 0x5))), function at exception vector 7 too large)

.vector_8       0x000000009d005300        0xc
 *(.vector_8)
 .vector_8      0x000000009d005300        0xc /tmp/ccO5qUJX.o
                0x0000000000000001                ASSERT (((_vector_spacing == 0x0) || (SIZEOF (.vector_8) <= (_vector_spacing << 0x5))), function at exception vector 8 too large)

.vector_9       0x000000009d005320        0x0
 *(.vector_9)
                0x0000000000000001                ASSERT (((_vector_spacing == 0x0) || (SIZEOF (.vector_9) <= (_vector_spacing << 0x5))), function at exception vector 9 too large)

.vector_10      0x000000009d005340        0x0
 *(.vector_10)
                0x0000000000000001                ASSERT (((_vector_spacing == 0x0) || (SIZEOF (.vector_10) <= (_vector_spacing << 0x5))), function at exception vector 10 too large)

.vector_11      0x000000009d005360        0x0
 *(.vector_11)
                0x0000000000000001                ASSERT (((_vector_spacing == 0x0) || (SIZEOF (.vector_11) <= (_vector_spacing << 0x5))), function at exception vector 11 too large)

.vector_12      0x000000009d005380        0x0
 *(.vector_12)
                0x0000000000000001                ASSERT (((_vector_spacing == 0x0) || (SIZEOF (.vector_12) <= (_vector_spacing << 0x5))), function at exception vector 12 too large)

.vector_13      0x000000009d0053a0        0x0
 *(.vector_13)
                0x0000000000000001                ASSERT (((_vector_spacing == 0x0) || (SIZEOF (.vector_13) <= (_vector_spacing << 0x5))), function at exception vector 13 too large)

.vector_14      0x000000009d0053c0        0x0
 *(.vector_14)
                0x0000000000000001                ASSERT (((_vector_spacing == 0x0) || (SIZEOF (.vector_14) <= (_vector_spacing << 0x5))), function at exception vector 14 too large)

.vector_15      0x000000009d0053e0        0x0
 *(.vector_15)
                0x0000000000000001                ASSERT (((_vector_spacing == 0x0) || (SIZEOF (.vector_15) <= (_vector_spacing << 0x5))), function at exception vector 15 too large)

.vector_16      0x000000009d005400        0x0
 *(.vector_16)
                0x0000000000000001                ASSERT (((_vector_spacing == 0x0) || (SIZEOF (.vector_16) <= (_vector_spacing << 0x5))), function at exception vector 16 too large)

.vector_17      0x000000009d005420        0x0
 *(.vector_17)
                0x0000000000000001                ASSERT (((_vector_spacing == 0x0) || (SIZEOF (.vector_17) <= (_vector_spacing << 0x5))), function at exception vector 17 too large)

.vector_18      0x000000009d005440        0x0
 *(.vector_18)
                0x0000000000000001                ASSERT (((_vector_spacing == 0x0) || (SIZEOF (.vector_18) <= (_vector_spacing << 0x5))), function at exception vector 18 too large)

.vector_19      0x000000009d005460        0x0
 *(.vector_19)
                0x0000000000000001                ASSERT (((_vector_spacing == 0x0) || (SIZEOF (.vector_19) <= (_vector_spacing << 0x5))), function at exception vector 19 too large)

.vector_20      0x000000009d005480        0x0
 *(.vector_20)
                0x0000000000000001                ASSERT (((_vector_spacing == 0x0) || (SIZEOF (.vector_20) <= (_vector_spacing << 0x5))), function at exception vector 20 too large)

.vector_21      0x000000009d0054a0        0x0
 *(.vector_21)
                0x0000000000000001                ASSERT (((_vector_spacing == 0x0) || (SIZEOF (.vector_21) <= (_vector_spacing << 0x5))), function at exception vector 21 too large)

.vector_22      0x000000009d0054c0        0x0
 *(.vector_22)
                0x0000000000000001                ASSERT (((_vector_spacing == 0x0) || (SIZEOF (.vector_22) <= (_vector_spacing << 0x5))), function at exception vector 22 too large)

.vector_23      0x000000009d0054e0        0x0
 *(.vector_23)
                0x0000000000000001                ASSERT (((_vector_spacing == 0x0) || (SIZEOF (.vector_23) <= (_vector_spacing << 0x5))), function at exception vector 23 too large)

.vector_24      0x000000009d005500        0xc
 *(.vector_24)
 .vector_24     0x000000009d005500        0xc /tmp/ccO5qUJX.o
                0x0000000000000001                ASSERT (((_vector_spacing == 0x0) || (SIZEOF (.vector_24) <= (_vector_spacing << 0x5))), function at exception vector 24 too large)

.vector_25      0x000000009d005520        0x0
 *(.vector_25)
                0x0000000000000001                ASSERT (((_vector_spacing == 0x0) || (SIZEOF (.vector_25) <= (_vector_spacing << 0x5))), function at exception vector 25 too large)

.vector_26      0x000000009d005540        0x0
 *(.vector_26)
                0x0000000000000001                ASSERT (((_vector_spacing == 0x0) || (SIZEOF (.vector_26) <= (_vector_spacing << 0x5))), function at exception vector 26 too large)

.vector_27      0x000000009d005560        0x0
 *(.vector_27)
                0x0000000000000001                ASSERT (((_vector_spacing == 0x0) || (SIZEOF (.vector_27) <= (_vector_spacing << 0x5))), function at exception vector 27 too large)

.vector_28      0x000000009d005580        0x0
 *(.vector_28)
                0x0000000000000001                ASSERT (((_vector_spacing == 0x0) || (SIZEOF (.vector_28) <= (_vector_spacing << 0x5))), function at exception vector 28 too large)

.vector_29      0x000000009d0055a0        0x0
 *(.vector_29)
                0x0000000000000001                ASSERT (((_vector_spacing == 0x0) || (SIZEOF (.vector_29) <= (_vector_spacing << 0x5))), function at exception vector 29 too large)

.vector_30      0x000000009d0055c0        0x0
 *(.vector_30)
                0x0000000000000001                ASSERT (((_vector_spacing == 0x0) || (SIZEOF (.vector_30) <= (_vector_spacing << 0x5))), function at exception vector 30 too large)

.vector_31      0x000000009d0055e0        0xc
 *(.vector_31)
 .vector_31     0x000000009d0055e0        0xc /tmp/ccO5qUJX.o
                0x0000000000000001                ASSERT (((_vector_spacing == 0x0) || (SIZEOF (.vector_31) <= (_vector_spacing << 0x5))), function at exception vector 31 too large)

.vector_32      0x000000009d005600        0xc
 *(.vector_32)
 .vector_32     0x000000009d005600        0xc /tmp/ccO5qUJX.o
                0x0000000000000001                ASSERT (((_vector_spacing == 0x0) || (SIZEOF (.vector_32) <= (_vector_spacing << 0x5))), function at exception vector 32 too large)

.vector_33      0x000000009d005620        0x0
 *(.vector_33)
                0x0000000000000001                ASSERT (((_vector_spacing == 0x0) || (SIZEOF (.vector_33) <= (_vector_spacing << 0x5))), function at exception vector 33 too large)

.vector_34      0x000000009d005640        0x0
 *(.vector_34)
                0x0000000000000001                ASSERT (((_vector_spacing == 0x0) || (SIZEOF (.vector_34) <= (_vector_spacing << 0x5))), function at exception vector 34 too large)

.vector_35      0x000000009d005660        0xc
 *(.vector_35)
 .vector_35     0x000000009d005660        0xc /tmp/ccO5qUJX.o
                0x0000000000000001                ASSERT (((_vector_spacing == 0x0) || (SIZEOF (.vector_35) <= (_vector_spacing << 0x5))), function at exception vector 35 too large)

.vector_36      0x000000009d005680        0x0
 *(.vector_36)
                0x0000000000000001                ASSERT (((_vector_spacing == 0x0) || (SIZEOF (.vector_36) <= (_vector_spacing << 0x5))), function at exception vector 36 too large)

.vector_37      0x000000009d0056a0        0x0
 *(.vector_37)
                0x0000000000000001                ASSERT (((_vector_spacing == 0x0) || (SIZEOF (.vector_37) <= (_vector_spacing << 0x5))), function at exception vector 37 too large)

.vector_38      0x000000009d0056c0        0x0
 *(.vector_38)
                0x0000000000000001                ASSERT (((_vector_spacing == 0x0) || (SIZEOF (.vector_38) <= (_vector_spacing << 0x5))), function at exception vector 38 too large)

.vector_39      0x000000009d0056e0        0x0
 *(.vector_39)
                0x0000000000000001                ASSERT (((_vector_spacing == 0x0) || (SIZEOF (.vector_39) <= (_vector_spacing << 0x5))), function at exception vector 39 too large)

.vector_40      0x000000009d005700        0x0
 *(.vector_40)
                0x0000000000000001                ASSERT (((_vector_spacing == 0x0) || (SIZEOF (.vector_40) <= (_vector_spacing << 0x5))), function at exception vector 40 too large)

.vector_41      0x000000009d005720        0x0
 *(.vector_41)
                0x0000000000000001                ASSERT (((_vector_spacing == 0x0) || (SIZEOF (.vector_41) <= (_vector_spacing << 0x5))), function at exception vector 41 too large)

.vector_42      0x000000009d005740        0x0
 *(.vector_42)
                0x0000000000000001                ASSERT (((_vector_spacing == 0x0) || (SIZEOF (.vector_42) <= (_vector_spacing << 0x5))), function at exception vector 42 too large)

.vector_43      0x000000009d005760        0x0
 *(.vector_43)
                0x0000000000000001                ASSERT (((_vector_spacing == 0x0) || (SIZEOF (.vector_43) <= (_vector_spacing << 0x5))), function at exception vector 43 too large)

.vector_44      0x000000009d005780        0x0
 *(.vector_44)
                0x0000000000000001                ASSERT (((_vector_spacing == 0x0) || (SIZEOF (.vector_44) <= (_vector_spacing << 0x5))), function at exception vector 44 too large)

.vector_45      0x000000009d0057a0        0x0
 *(.vector_45)
                0x0000000000000001                ASSERT (((_vector_spacing == 0x0) || (SIZEOF (.vector_45) <= (_vector_spacing << 0x5))), function at exception vector 45 too large)

.vector_46      0x000000009d0057c0        0x0
 *(.vector_46)
                0x0000000000000001                ASSERT (((_vector_spacing == 0x0) || (SIZEOF (.vector_46) <= (_vector_spacing << 0x5))), function at exception vector 46 too large)

.vector_47      0x000000009d0057e0        0x0
 *(.vector_47)
                0x0000000000000001                ASSERT (((_vector_spacing == 0x0) || (SIZEOF (.vector_47) <= (_vector_spacing << 0x5))), function at exception vector 47 too large)

.vector_48      0x000000009d005800        0x0
 *(.vector_48)
                0x0000000000000001                ASSERT (((_vector_spacing == 0x0) || (SIZEOF (.vector_48) <= (_vector_spacing << 0x5))), function at exception vector 48 too large)

.vector_49      0x000000009d005820        0xc
 *(.vector_49)
 .vector_49     0x000000009d005820        0xc /tmp/ccO5qUJX.o
                0x0000000000000001                ASSERT (((_vector_spacing == 0x0) || (SIZEOF (.vector_49) <= (_vector_spacing << 0x5))), function at exception vector 49 too large)

.vector_50      0x000000009d005840        0xc
 *(.vector_50)
 .vector_50     0x000000009d005840        0xc /tmp/ccO5qUJX.o
                0x0000000000000001                ASSERT (((_vector_spacing == 0x0) || (SIZEOF (.vector_50) <= (_vector_spacing << 0x5))), function at exception vector 50 too large)

.vector_51      0x000000009d005860        0xc
 *(.vector_51)
 .vector_51     0x000000009d005860        0xc /tmp/ccO5qUJX.o
                0x0000000000000001                ASSERT (((_vector_spacing == 0x0) || (SIZEOF (.vector_51) <= (_vector_spacing << 0x5))), function at exception vector 51 too large)

.vector_52      0x000000009d005880        0x0
 *(.vector_52)
                0x0000000000000001                ASSERT (((_vector_spacing == 0x0) || (SIZEOF (.vector_52) <= (_vector_spacing << 0x5))), function at exception vector 52 too large)

.vector_53      0x000000009d0058a0        0x0
 *(.vector_53)
                0x0000000000000001                ASSERT (((_vector_spacing == 0x0) || (SIZEOF (.vector_53) <= (_vector_spacing << 0x5))), function at exception vector 53 too large)

.vector_54      0x000000009d0058c0        0x0
 *(.vector_54)
                0x0000000000000001                ASSERT (((_vector_spacing == 0x0) || (SIZEOF (.vector_54) <= (_vector_spacing << 0x5))), function at exception vector 54 too large)

.vector_55      0x000000009d0058e0        0x0
 *(.vector_55)
                0x0000000000000001                ASSERT (((_vector_spacing == 0x0) || (SIZEOF (.vector_55) <= (_vector_spacing << 0x5))), function at exception vector 55 too large)

.vector_56      0x000000009d005900        0x0
 *(.vector_56)
                0x0000000000000001                ASSERT (((_vector_spacing == 0x0) || (SIZEOF (.vector_56) <= (_vector_spacing << 0x5))), function at exception vector 56 too large)

.vector_57      0x000000009d005920        0x0
 *(.vector_57)
                0x0000000000000001                ASSERT (((_vector_spacing == 0x0) || (SIZEOF (.vector_57) <= (_vector_spacing << 0x5))), function at exception vector 57 too large)

.vector_58      0x000000009d005940        0x0
 *(.vector_58)
                0x0000000000000001                ASSERT (((_vector_spacing == 0x0) || (SIZEOF (.vector_58) <= (_vector_spacing << 0x5))), function at exception vector 58 too large)

.vector_59      0x000000009d005960        0x0
 *(.vector_59)
                0x0000000000000001                ASSERT (((_vector_spacing == 0x0) || (SIZEOF (.vector_59) <= (_vector_spacing << 0x5))), function at exception vector 59 too large)

.vector_60      0x000000009d005980        0x0
 *(.vector_60)
                0x0000000000000001                ASSERT (((_vector_spacing == 0x0) || (SIZEOF (.vector_60) <= (_vector_spacing << 0x5))), function at exception vector 60 too large)

.vector_61      0x000000009d0059a0        0x0
 *(.vector_61)
                0x0000000000000001                ASSERT (((_vector_spacing == 0x0) || (SIZEOF (.vector_61) <= (_vector_spacing << 0x5))), function at exception vector 61 too large)

.vector_62      0x000000009d0059c0        0x0
 *(.vector_62)
                0x0000000000000001                ASSERT (((_vector_spacing == 0x0) || (SIZEOF (.vector_62) <= (_vector_spacing << 0x5))), function at exception vector 62 too large)

.vector_63      0x000000009d0059e0        0x0
 *(.vector_63)
                0x0000000000000001                ASSERT (((_vector_spacing == 0x0) || (SIZEOF (.vector_63) <= (_vector_spacing << 0x5))), function at exception vector 63 too large)

.startup        0x000000009d006490      0x1bc
 *(.startup)
 .startup       0x000000009d006490      0x1bc /tmp/cc359DsA.o

.text           0x000000009d006a00    0x1277c
                0x000000009d006a00                _text_begin = .
 *(.text .stub .text.* .gnu.linkonce.t.*)
 .text          0x000000009d006a00        0x0 /home/fazzi/dev/Pinguino-svn/pinguino32/trunk/linux/p32/bin/../lib/gcc/mips-elf/4.5.2/soft-float/el/crti.o
 .text          0x000000009d006a00      0x124 /home/fazzi/dev/Pinguino-svn/pinguino32/trunk/linux/p32/bin/../lib/gcc/mips-elf/4.5.2/soft-float/el/crtbegin.o
 .text          0x000000009d006b24     0x659c /tmp/ccASVfed.o
                0x000000009d007130                SerialUART1WriteChar
                0x000000009d007154                SerialUART2WriteChar
                0x000000009d007178                SerialUART3WriteChar
                0x000000009d00719c                u5putc
                0x000000009d0071bc                SystemUnlock
                0x000000009d0071e4                SystemLock
                0x000000009d0071fc                Reset
                0x000000009d007238                GetSystemClock
                0x000000009d0072cc                GetPeripheralClock
                0x000000009d0072f8                SetFlashWaitStates
                0x000000009d007368                SetSystemClock
                0x000000009d0075a8                SetPeripheralClock
                0x000000009d0075ec                SystemConfig
                0x000000009d007664                GetCP0Count
                0x000000009d00766c                SetCP0Count
                0x000000009d00767c                Delayus
                0x000000009d007710                Delayms
                0x000000009d007748                pinmode
                0x000000009d007948                digitalwrite
                0x000000009d007b48                digitalread
                0x000000009d007c88                toggle
                0x000000009d007cbc                sini
                0x000000009d007d5c                cosi
                0x000000009d007e14                tani
                0x000000009d007e58                powi
                0x000000009d007f10                LCD_Writ_Bus
                0x000000009d007f40                LCD_Write_COM
                0x000000009d007f84                LCD_Write_DATA
                0x000000009d007fc8                InitLCD
                0x000000009d008280                setXY
                0x000000009d00833c                clrScr
                0x000000009d0083e4                fillScr
                0x000000009d0084cc                setColor
                0x000000009d0084dc                setBackColor
                0x000000009d0084ec                setPixel
                0x000000009d00850c                drawPixel
                0x000000009d0085b8                fillCircle
                0x000000009d008690                drawCircle
                0x000000009d008808                drawHLine
                0x000000009d0088c8                fillRoundRect
                0x000000009d008a38                drawVLine
                0x000000009d008af4                drawLine
                0x000000009d008fd0                fillRect
                0x000000009d009110                drawRoundRect
                0x000000009d00927c                drawRect
                0x000000009d00932c                printChar
                0x000000009d009970                rotateChar
                0x000000009d009ec0                itdb_print
                0x000000009d00a064                printNumI
                0x000000009d00a170                printNumF
                0x000000009d00a3d4                fontSize
                0x000000009d00a3dc                drawBitmap
                0x000000009d00a6d0                drawBitmapR
                0x000000009d00a8e8                touch_setTouch
                0x000000009d00a904                touch_initTouch
                0x000000009d00a984                touch_writeData
                0x000000009d00aa38                touch_readData
                0x000000009d00aaa0                touch_read
                0x000000009d00ab8c                touch_dataAvailable
                0x000000009d00abb0                touch_getX
                0x000000009d00ac28                touch_getY
                0x000000009d00ac9c                touch_setPrecision
                0x000000009d00acfc                IntSetVectorPriority
                0x000000009d00ae54                IntGetVectorPriority
                0x000000009d00aecc                IntGetVectorSubPriority
                0x000000009d00af44                IntClearFlag
                0x000000009d00afc8                IntGetFlag
                0x000000009d00b044                IntEnable
                0x000000009d00b0bc                IntDisable
                0x000000009d00b140                IntGetInterruptVectorNumber
                0x000000009d00b150                IntGetInterruptVectorPriority
                0x000000009d00b160                IntDisableInterrupts
                0x000000009d00b16c                IntEnableInterrupts
                0x000000009d00b178                IntRestoreInterrupts
                0x000000009d00b188                IntSetEBASE
                0x000000009d00b198                IntConfigureSystem
                0x000000009d00b234                millis_init
                0x000000009d00b2a0                millis
                0x000000009d00b2a8                Tmr2Interrupt
                0x000000009d00b2e8                pprintf
                0x000000009d00b2f4                psprintf
                0x000000009d00b314                SerialSetDataRate
                0x000000009d00b434                SerialGetDataRate
                0x000000009d00b548                SerialEnable
                0x000000009d00b59c                SerialSetLineControl
                0x000000009d00b5f0                SerialFlush
                0x000000009d00b63c                SerialPinConfigure
                0x000000009d00b6a8                SerialIntConfigure
                0x000000009d00b754                SerialConfigure
                0x000000009d00b870                SerialPrintf
                0x000000009d00b904                SerialAvailable
                0x000000009d00b964                SerialRead
                0x000000009d00ba3c                SerialGetKey
                0x000000009d00ba8c                SerialGetString
                0x000000009d00bb24                SerialGetDataBuffer
                0x000000009d00bc50                Serial1Interrupt
                0x000000009d00bca4                Serial2Interrupt
                0x000000009d00bcf8                Serial3Interrupt
                0x000000009d00bd4c                sbrk
                0x000000009d00bd68                open
                0x000000009d00bdfc                close
                0x000000009d00be04                fstat
                0x000000009d00be0c                isatty
                0x000000009d00be14                lseek
                0x000000009d00be1c                read
                0x000000009d00bea4                write
                0x000000009d00bf58                drawnCommands
                0x000000009d00c098                waitForIt
                0x000000009d00c128                printDEBUG
                0x000000009d00c1a0                checkOK
                0x000000009d00c2d8                u5getc
                0x000000009d00c2f8                u5setup
                0x000000009d00c324                setBluetooth
                0x000000009d00c3dc                openBluetooth
                0x000000009d00c430                loadGoogleMap
                0x000000009d00c5bc                setup
                0x000000009d00c768                loop
                0x000000009d00d048                main
                0x000000009d00d090                Serial4Interrupt
                0x000000009d00d09c                Serial5Interrupt
                0x000000009d00d0a8                Serial6Interrupt
                0x000000009d00d0b4                RTCCInterrupt
 .text          0x000000009d00d0c0       0x14 /tmp/cc359DsA.o
 .text          0x000000009d00d0d4        0x0 /home/fazzi/dev/Pinguino-svn/pinguino32/trunk/p32/obj/non-free/processor.o
 .text          0x000000009d00d0d4      0x860 /tmp/ccO5qUJX.o
                0x000000009d00d0d4                vector_8_ISR_wrapper
                0x000000009d00d1e0                vector_24_ISR_wrapper
                0x000000009d00d2ec                vector_32_ISR_wrapper
                0x000000009d00d3f8                vector_35_ISR_wrapper
                0x000000009d00d504                vector_31_ISR_wrapper
                0x000000009d00d610                vector_49_ISR_wrapper
                0x000000009d00d71c                vector_51_ISR_wrapper
                0x000000009d00d828                vector_50_ISR_wrapper
 .text          0x000000009d00d934      0x528 /home/fazzi/dev/Pinguino-svn/pinguino32/trunk/linux/p32/bin/../lib/gcc/mips-elf/4.5.2/../../../../mips-elf/lib/libm.a(lib_a-wf_pow.o)
                0x000000009d00d934                powf
 .text          0x000000009d00de5c      0xb54 /home/fazzi/dev/Pinguino-svn/pinguino32/trunk/linux/p32/bin/../lib/gcc/mips-elf/4.5.2/../../../../mips-elf/lib/libm.a(lib_a-ef_pow.o)
                0x000000009d00de5c                __ieee754_powf
 .text          0x000000009d00e9b0      0x168 /home/fazzi/dev/Pinguino-svn/pinguino32/trunk/linux/p32/bin/../lib/gcc/mips-elf/4.5.2/../../../../mips-elf/lib/libm.a(lib_a-ef_sqrt.o)
                0x000000009d00e9b0                __ieee754_sqrtf
 .text          0x000000009d00eb18       0x10 /home/fazzi/dev/Pinguino-svn/pinguino32/trunk/linux/p32/bin/../lib/gcc/mips-elf/4.5.2/../../../../mips-elf/lib/libm.a(lib_a-sf_fabs.o)
                0x000000009d00eb18                fabsf
 .text          0x000000009d00eb28       0x18 /home/fazzi/dev/Pinguino-svn/pinguino32/trunk/linux/p32/bin/../lib/gcc/mips-elf/4.5.2/../../../../mips-elf/lib/libm.a(lib_a-sf_finite.o)
                0x000000009d00eb28                finitef
 .text          0x000000009d00eb40       0x20 /home/fazzi/dev/Pinguino-svn/pinguino32/trunk/linux/p32/bin/../lib/gcc/mips-elf/4.5.2/../../../../mips-elf/lib/libm.a(lib_a-sf_isnan.o)
                0x000000009d00eb40                isnanf
 .text          0x000000009d00eb60        0x8 /home/fazzi/dev/Pinguino-svn/pinguino32/trunk/linux/p32/bin/../lib/gcc/mips-elf/4.5.2/../../../../mips-elf/lib/libm.a(lib_a-sf_nan.o)
                0x000000009d00eb60                nanf
 .text          0x000000009d00eb68      0x164 /home/fazzi/dev/Pinguino-svn/pinguino32/trunk/linux/p32/bin/../lib/gcc/mips-elf/4.5.2/../../../../mips-elf/lib/libm.a(lib_a-sf_scalbn.o)
                0x000000009d00eb68                scalbnf
 .text          0x000000009d00eccc        0x0 /home/fazzi/dev/Pinguino-svn/pinguino32/trunk/linux/p32/bin/../lib/gcc/mips-elf/4.5.2/../../../../mips-elf/lib/libm.a(lib_a-s_lib_ver.o)
 .text          0x000000009d00eccc        0x8 /home/fazzi/dev/Pinguino-svn/pinguino32/trunk/linux/p32/bin/../lib/gcc/mips-elf/4.5.2/../../../../mips-elf/lib/libm.a(lib_a-s_matherr.o)
                0x000000009d00eccc                matherr
 .text          0x000000009d00ecd4      0x210 /home/fazzi/dev/Pinguino-svn/pinguino32/trunk/linux/p32/bin/../lib/gcc/mips-elf/4.5.2/../../../../mips-elf/lib/libm.a(lib_a-s_rint.o)
                0x000000009d00ecd4                rint
 .text          0x000000009d00eee4       0x1c /home/fazzi/dev/Pinguino-svn/pinguino32/trunk/linux/p32/bin/../lib/gcc/mips-elf/4.5.2/../../../../mips-elf/lib/libm.a(lib_a-sf_copysign.o)
                0x000000009d00eee4                copysignf
 .text          0x000000009d00ef00      0x32c /home/fazzi/dev/Pinguino-svn/pinguino32/trunk/linux/p32/bin/../lib/gcc/mips-elf/4.5.2/soft-float/el/libgcc.a(_addsub_sf.o)
                0x000000009d00f158                __addsf3
                0x000000009d00f1bc                __subsf3
 .text          0x000000009d00f22c      0x210 /home/fazzi/dev/Pinguino-svn/pinguino32/trunk/linux/p32/bin/../lib/gcc/mips-elf/4.5.2/soft-float/el/libgcc.a(_mul_sf.o)
                0x000000009d00f22c                __mulsf3
 .text          0x000000009d00f43c      0x184 /home/fazzi/dev/Pinguino-svn/pinguino32/trunk/linux/p32/bin/../lib/gcc/mips-elf/4.5.2/soft-float/el/libgcc.a(_div_sf.o)
                0x000000009d00f43c                __divsf3
 .text          0x000000009d00f5c0       0x84 /home/fazzi/dev/Pinguino-svn/pinguino32/trunk/linux/p32/bin/../lib/gcc/mips-elf/4.5.2/soft-float/el/libgcc.a(_eq_sf.o)
                0x000000009d00f5c0                __eqsf2
 .text          0x000000009d00f644       0x84 /home/fazzi/dev/Pinguino-svn/pinguino32/trunk/linux/p32/bin/../lib/gcc/mips-elf/4.5.2/soft-float/el/libgcc.a(_gt_sf.o)
                0x000000009d00f644                __gtsf2
 .text          0x000000009d00f6c8       0x84 /home/fazzi/dev/Pinguino-svn/pinguino32/trunk/linux/p32/bin/../lib/gcc/mips-elf/4.5.2/soft-float/el/libgcc.a(_lt_sf.o)
                0x000000009d00f6c8                __ltsf2
 .text          0x000000009d00f74c       0x84 /home/fazzi/dev/Pinguino-svn/pinguino32/trunk/linux/p32/bin/../lib/gcc/mips-elf/4.5.2/soft-float/el/libgcc.a(_le_sf.o)
                0x000000009d00f74c                __lesf2
 .text          0x000000009d00f7d0       0x98 /home/fazzi/dev/Pinguino-svn/pinguino32/trunk/linux/p32/bin/../lib/gcc/mips-elf/4.5.2/soft-float/el/libgcc.a(_si_to_sf.o)
                0x000000009d00f7d0                __floatsisf
 .text          0x000000009d00f868       0xc4 /home/fazzi/dev/Pinguino-svn/pinguino32/trunk/linux/p32/bin/../lib/gcc/mips-elf/4.5.2/soft-float/el/libgcc.a(_sf_to_si.o)
                0x000000009d00f868                __fixsfsi
 .text          0x000000009d00f92c       0x4c /home/fazzi/dev/Pinguino-svn/pinguino32/trunk/linux/p32/bin/../lib/gcc/mips-elf/4.5.2/soft-float/el/libgcc.a(_sf_to_df.o)
                0x000000009d00f92c                __extendsfdf2
 .text          0x000000009d00f978        0x0 /home/fazzi/dev/Pinguino-svn/pinguino32/trunk/linux/p32/bin/../lib/gcc/mips-elf/4.5.2/soft-float/el/libgcc.a(_thenan_sf.o)
 .text          0x000000009d00f978      0x4ac /home/fazzi/dev/Pinguino-svn/pinguino32/trunk/linux/p32/bin/../lib/gcc/mips-elf/4.5.2/soft-float/el/libgcc.a(_addsub_df.o)
                0x000000009d00fd40                __adddf3
                0x000000009d00fdac                __subdf3
 .text          0x000000009d00fe24      0x33c /home/fazzi/dev/Pinguino-svn/pinguino32/trunk/linux/p32/bin/../lib/gcc/mips-elf/4.5.2/soft-float/el/libgcc.a(_mul_df.o)
                0x000000009d00fe24                __muldf3
 .text          0x000000009d010160      0x234 /home/fazzi/dev/Pinguino-svn/pinguino32/trunk/linux/p32/bin/../lib/gcc/mips-elf/4.5.2/soft-float/el/libgcc.a(_div_df.o)
                0x000000009d010160                __divdf3
 .text          0x000000009d010394       0x8c /home/fazzi/dev/Pinguino-svn/pinguino32/trunk/linux/p32/bin/../lib/gcc/mips-elf/4.5.2/soft-float/el/libgcc.a(_eq_df.o)
                0x000000009d010394                __eqdf2
 .text          0x000000009d010420       0x8c /home/fazzi/dev/Pinguino-svn/pinguino32/trunk/linux/p32/bin/../lib/gcc/mips-elf/4.5.2/soft-float/el/libgcc.a(_ne_df.o)
                0x000000009d010420                __nedf2
 .text          0x000000009d0104ac       0x8c /home/fazzi/dev/Pinguino-svn/pinguino32/trunk/linux/p32/bin/../lib/gcc/mips-elf/4.5.2/soft-float/el/libgcc.a(_gt_df.o)
                0x000000009d0104ac                __gtdf2
 .text          0x000000009d010538       0x8c /home/fazzi/dev/Pinguino-svn/pinguino32/trunk/linux/p32/bin/../lib/gcc/mips-elf/4.5.2/soft-float/el/libgcc.a(_lt_df.o)
                0x000000009d010538                __ltdf2
 .text          0x000000009d0105c4       0xd4 /home/fazzi/dev/Pinguino-svn/pinguino32/trunk/linux/p32/bin/../lib/gcc/mips-elf/4.5.2/soft-float/el/libgcc.a(_si_to_df.o)
                0x000000009d0105c4                __floatsidf
 .text          0x000000009d010698       0xf8 /home/fazzi/dev/Pinguino-svn/pinguino32/trunk/linux/p32/bin/../lib/gcc/mips-elf/4.5.2/soft-float/el/libgcc.a(_df_to_si.o)
                0x000000009d010698                __fixdfsi
 .text          0x000000009d010790       0x3c /home/fazzi/dev/Pinguino-svn/pinguino32/trunk/linux/p32/bin/../lib/gcc/mips-elf/4.5.2/soft-float/el/libgcc.a(_make_df.o)
                0x000000009d010790                __make_dp
 .text          0x000000009d0107cc       0x68 /home/fazzi/dev/Pinguino-svn/pinguino32/trunk/linux/p32/bin/../lib/gcc/mips-elf/4.5.2/soft-float/el/libgcc.a(_df_to_sf.o)
                0x000000009d0107cc                __truncdfsf2
 .text          0x000000009d010834        0x0 /home/fazzi/dev/Pinguino-svn/pinguino32/trunk/linux/p32/bin/../lib/gcc/mips-elf/4.5.2/soft-float/el/libgcc.a(_thenan_df.o)
 .text          0x000000009d010834       0xb0 /home/fazzi/dev/Pinguino-svn/pinguino32/trunk/linux/p32/bin/../lib/gcc/mips-elf/4.5.2/soft-float/el/libgcc.a(_clzsi2.o)
                0x000000009d010834                __clzsi2
 .text          0x000000009d0108e4      0x18c /home/fazzi/dev/Pinguino-svn/pinguino32/trunk/linux/p32/bin/../lib/gcc/mips-elf/4.5.2/soft-float/el/libgcc.a(_pack_sf.o)
                0x000000009d0108e4                __pack_f
 .text          0x000000009d010a70       0xcc /home/fazzi/dev/Pinguino-svn/pinguino32/trunk/linux/p32/bin/../lib/gcc/mips-elf/4.5.2/soft-float/el/libgcc.a(_unpack_sf.o)
                0x000000009d010a70                __unpack_f
 .text          0x000000009d010b3c      0x124 /home/fazzi/dev/Pinguino-svn/pinguino32/trunk/linux/p32/bin/../lib/gcc/mips-elf/4.5.2/soft-float/el/libgcc.a(_fpcmp_parts_sf.o)
                0x000000009d010b3c                __fpcmp_parts_f
 .text          0x000000009d010c60       0x30 /home/fazzi/dev/Pinguino-svn/pinguino32/trunk/linux/p32/bin/../lib/gcc/mips-elf/4.5.2/soft-float/el/libgcc.a(_make_sf.o)
                0x000000009d010c60                __make_fp
 .text          0x000000009d010c90      0x27c /home/fazzi/dev/Pinguino-svn/pinguino32/trunk/linux/p32/bin/../lib/gcc/mips-elf/4.5.2/soft-float/el/libgcc.a(_pack_df.o)
                0x000000009d010c90                __pack_d
 .text          0x000000009d010f0c      0x100 /home/fazzi/dev/Pinguino-svn/pinguino32/trunk/linux/p32/bin/../lib/gcc/mips-elf/4.5.2/soft-float/el/libgcc.a(_unpack_df.o)
                0x000000009d010f0c                __unpack_d
 .text          0x000000009d01100c      0x150 /home/fazzi/dev/Pinguino-svn/pinguino32/trunk/linux/p32/bin/../lib/gcc/mips-elf/4.5.2/soft-float/el/libgcc.a(_fpcmp_parts_df.o)
                0x000000009d01100c                __fpcmp_parts_d
 .text          0x000000009d01115c       0x48 /home/fazzi/dev/Pinguino-svn/pinguino32/trunk/linux/p32/bin/../lib/gcc/mips-elf/4.5.2/soft-float/el/libgcc.a(_lshrdi3.o)
                0x000000009d01115c                __lshrdi3
 .text          0x000000009d0111a4       0x48 /home/fazzi/dev/Pinguino-svn/pinguino32/trunk/linux/p32/bin/../lib/gcc/mips-elf/4.5.2/soft-float/el/libgcc.a(_ashldi3.o)
                0x000000009d0111a4                __ashldi3
 .text          0x000000009d0111ec        0x0 /home/fazzi/dev/Pinguino-svn/pinguino32/trunk/linux/p32/bin/../lib/gcc/mips-elf/4.5.2/soft-float/el/libgcc.a(_clz.o)
 .text          0x000000009d0111ec       0x18 /home/fazzi/dev/Pinguino-svn/pinguino32/trunk/linux/p32/bin/../lib/gcc/mips-elf/4.5.2/../../../../mips-elf/lib/libc.a(lib_a-atoi.o)
                0x000000009d0111ec                _atoi_r
                0x000000009d0111f8                atoi
 .text          0x000000009d011204        0xc /home/fazzi/dev/Pinguino-svn/pinguino32/trunk/linux/p32/bin/../lib/gcc/mips-elf/4.5.2/../../../../mips-elf/lib/libc.a(lib_a-errno.o)
                0x000000009d011204                __errno
 .text          0x000000009d011210        0x0 /home/fazzi/dev/Pinguino-svn/pinguino32/trunk/linux/p32/bin/../lib/gcc/mips-elf/4.5.2/../../../../mips-elf/lib/libc.a(lib_a-impure.o)
 .text          0x000000009d011210       0xf0 /home/fazzi/dev/Pinguino-svn/pinguino32/trunk/linux/p32/bin/../lib/gcc/mips-elf/4.5.2/../../../../mips-elf/lib/libc.a(lib_a-memset.o)
                0x000000009d011210                memset
 .text          0x000000009d011300       0xdc /home/fazzi/dev/Pinguino-svn/pinguino32/trunk/linux/p32/bin/../lib/gcc/mips-elf/4.5.2/../../../../mips-elf/lib/libc.a(lib_a-sprintf.o)
                0x000000009d011300                sprintf
                0x000000009d011374                _sprintf_r
 .text          0x000000009d0113dc       0xb8 /home/fazzi/dev/Pinguino-svn/pinguino32/trunk/linux/p32/bin/../lib/gcc/mips-elf/4.5.2/../../../../mips-elf/lib/libc.a(lib_a-strcat.o)
                0x000000009d0113dc                strcat
 .text          0x000000009d011494       0x88 /home/fazzi/dev/Pinguino-svn/pinguino32/trunk/linux/p32/bin/../lib/gcc/mips-elf/4.5.2/../../../../mips-elf/lib/libc.a(lib_a-strcmp.o)
                0x000000009d011494                strcmp
 .text          0x000000009d01151c       0x90 /home/fazzi/dev/Pinguino-svn/pinguino32/trunk/linux/p32/bin/../lib/gcc/mips-elf/4.5.2/../../../../mips-elf/lib/libc.a(lib_a-strcpy.o)
                0x000000009d01151c                strcpy
 .text          0x000000009d0115ac       0x18 /home/fazzi/dev/Pinguino-svn/pinguino32/trunk/linux/p32/bin/../lib/gcc/mips-elf/4.5.2/../../../../mips-elf/lib/libc.a(lib_a-strlen.o)
                0x000000009d0115ac                strlen
 .text          0x000000009d0115c4      0x1f0 /home/fazzi/dev/Pinguino-svn/pinguino32/trunk/linux/p32/bin/../lib/gcc/mips-elf/4.5.2/../../../../mips-elf/lib/libc.a(lib_a-strncpy.o)
                0x000000009d0115c4                strncpy
 .text          0x000000009d0117b4      0x224 /home/fazzi/dev/Pinguino-svn/pinguino32/trunk/linux/p32/bin/../lib/gcc/mips-elf/4.5.2/../../../../mips-elf/lib/libc.a(lib_a-strtol.o)
                0x000000009d0117b4                _strtol_r
                0x000000009d0119bc                strtol
 .text          0x000000009d0119d8     0x22b0 /home/fazzi/dev/Pinguino-svn/pinguino32/trunk/linux/p32/bin/../lib/gcc/mips-elf/4.5.2/../../../../mips-elf/lib/libc.a(lib_a-svfprintf.o)
                0x000000009d011bc4                _svfprintf_r
 .text          0x000000009d013c88        0x0 /home/fazzi/dev/Pinguino-svn/pinguino32/trunk/linux/p32/bin/../lib/gcc/mips-elf/4.5.2/../../../../mips-elf/lib/libc.a(lib_a-ctype_.o)
 .text          0x000000009d013c88     0x195c /home/fazzi/dev/Pinguino-svn/pinguino32/trunk/linux/p32/bin/../lib/gcc/mips-elf/4.5.2/../../../../mips-elf/lib/libc.a(lib_a-dtoa.o)
                0x000000009d013f0c                _dtoa_r
 .text          0x000000009d0155e4      0x418 /home/fazzi/dev/Pinguino-svn/pinguino32/trunk/linux/p32/bin/../lib/gcc/mips-elf/4.5.2/../../../../mips-elf/lib/libc.a(lib_a-freer.o)
                0x000000009d0155e4                _malloc_trim_r
                0x000000009d015708                _free_r
 .text          0x000000009d0159fc       0xe4 /home/fazzi/dev/Pinguino-svn/pinguino32/trunk/linux/p32/bin/../lib/gcc/mips-elf/4.5.2/../../../../mips-elf/lib/libc.a(lib_a-locale.o)
                0x000000009d0159fc                __locale_charset
                0x000000009d015a08                _localeconv_r
                0x000000009d015a14                localeconv
                0x000000009d015a20                _setlocale_r
                0x000000009d015acc                setlocale
 .text          0x000000009d015ae0      0x854 /home/fazzi/dev/Pinguino-svn/pinguino32/trunk/linux/p32/bin/../lib/gcc/mips-elf/4.5.2/../../../../mips-elf/lib/libc.a(lib_a-mallocr.o)
                0x000000009d015ae0                _malloc_r
 .text          0x000000009d016334      0x114 /home/fazzi/dev/Pinguino-svn/pinguino32/trunk/linux/p32/bin/../lib/gcc/mips-elf/4.5.2/../../../../mips-elf/lib/libc.a(lib_a-memchr.o)
                0x000000009d016334                memchr
 .text          0x000000009d016448      0x194 /home/fazzi/dev/Pinguino-svn/pinguino32/trunk/linux/p32/bin/../lib/gcc/mips-elf/4.5.2/../../../../mips-elf/lib/libc.a(lib_a-memcpy.o)
                0x000000009d016448                memcpy
 .text          0x000000009d0165dc      0x13c /home/fazzi/dev/Pinguino-svn/pinguino32/trunk/linux/p32/bin/../lib/gcc/mips-elf/4.5.2/../../../../mips-elf/lib/libc.a(lib_a-memmove.o)
                0x000000009d0165dc                memmove
 .text          0x000000009d016718       0x10 /home/fazzi/dev/Pinguino-svn/pinguino32/trunk/linux/p32/bin/../lib/gcc/mips-elf/4.5.2/../../../../mips-elf/lib/libc.a(lib_a-mlock.o)
                0x000000009d016718                __malloc_lock
                0x000000009d016720                __malloc_unlock
 .text          0x000000009d016728     0x1270 /home/fazzi/dev/Pinguino-svn/pinguino32/trunk/linux/p32/bin/../lib/gcc/mips-elf/4.5.2/../../../../mips-elf/lib/libc.a(lib_a-mprec.o)
                0x000000009d016728                _Bfree
                0x000000009d016758                __hi0bits
                0x000000009d0167e4                __lo0bits
                0x000000009d0168c0                __mcmp
                0x000000009d01693c                __ulp
                0x000000009d0169b8                __b2d
                0x000000009d016b24                __ratio
                0x000000009d016bcc                _mprec_log10
                0x000000009d016c78                __copybits
                0x000000009d016d0c                __any_on
                0x000000009d016dc0                _Balloc
                0x000000009d016e78                __d2b
                0x000000009d016fe4                __mdiff
                0x000000009d0171ec                __lshift
                0x000000009d017364                __multiply
                0x000000009d0175b8                __i2b
                0x000000009d0175ec                __multadd
                0x000000009d017718                __pow5mult
                0x000000009d01785c                __s2b
 .text          0x000000009d017998      0x5d8 /home/fazzi/dev/Pinguino-svn/pinguino32/trunk/linux/p32/bin/../lib/gcc/mips-elf/4.5.2/../../../../mips-elf/lib/libc.a(lib_a-reallocr.o)
                0x000000009d017998                _realloc_r
 .text          0x000000009d017f70       0x58 /home/fazzi/dev/Pinguino-svn/pinguino32/trunk/linux/p32/bin/../lib/gcc/mips-elf/4.5.2/../../../../mips-elf/lib/libc.a(lib_a-sbrkr.o)
                0x000000009d017f70                _sbrk_r
 .text          0x000000009d017fc8       0x38 /home/fazzi/dev/Pinguino-svn/pinguino32/trunk/linux/p32/bin/../lib/gcc/mips-elf/4.5.2/../../../../mips-elf/lib/libc.a(lib_a-s_isinfd.o)
                0x000000009d017fc8                __isinfd
 .text          0x000000009d018000       0x2c /home/fazzi/dev/Pinguino-svn/pinguino32/trunk/linux/p32/bin/../lib/gcc/mips-elf/4.5.2/../../../../mips-elf/lib/libc.a(lib_a-s_isnand.o)
                0x000000009d018000                __isnand
 .text          0x000000009d01802c       0xbc /home/fazzi/dev/Pinguino-svn/pinguino32/trunk/linux/p32/bin/../lib/gcc/mips-elf/4.5.2/../../../../mips-elf/lib/libc.a(lib_a-callocr.o)
                0x000000009d01802c                _calloc_r
 .text          0x000000009d0180e8      0x258 /home/fazzi/dev/Pinguino-svn/pinguino32/trunk/linux/p32/bin/../lib/gcc/mips-elf/4.5.2/../../../../mips-elf/lib/libc.a(lib_a-reent.o)
                0x000000009d0180e8                _wrapup_reent
                0x000000009d0181b0                cleanup_glue
                0x000000009d0181f4                _reclaim_reent
 .text          0x000000009d018340      0x620 /home/fazzi/dev/Pinguino-svn/pinguino32/trunk/linux/p32/bin/../lib/gcc/mips-elf/4.5.2/soft-float/el/libgcc.a(_udivdi3.o)
                0x000000009d018340                __udivdi3
 .text          0x000000009d018960      0x618 /home/fazzi/dev/Pinguino-svn/pinguino32/trunk/linux/p32/bin/../lib/gcc/mips-elf/4.5.2/soft-float/el/libgcc.a(_umoddi3.o)
                0x000000009d018960                __umoddi3
 .text          0x000000009d018f78       0x8c /home/fazzi/dev/Pinguino-svn/pinguino32/trunk/linux/p32/bin/../lib/gcc/mips-elf/4.5.2/soft-float/el/libgcc.a(_ge_df.o)
                0x000000009d018f78                __gedf2
 .text          0x000000009d019004      0x120 /home/fazzi/dev/Pinguino-svn/pinguino32/trunk/linux/p32/bin/../lib/gcc/mips-elf/4.5.2/soft-float/el/libgcc.a(_usi_to_df.o)
                0x000000009d019004                __floatunsidf
 .text          0x000000009d019124       0x58 /home/fazzi/dev/Pinguino-svn/pinguino32/trunk/linux/p32/bin/../lib/gcc/mips-elf/4.5.2/soft-float/el/crtend.o
 .text          0x000000009d01917c        0x0 /home/fazzi/dev/Pinguino-svn/pinguino32/trunk/linux/p32/bin/../lib/gcc/mips-elf/4.5.2/soft-float/el/crtn.o
 *(.text.*personality*)
 *(.gnu.warning)
 *(.mips16.fn.*)
 *(.mips16.call.*)
                0x000000009d01917c                _text_end = .

.init           0x000000009d01917c       0x38
 .init          0x000000009d01917c        0x8 /home/fazzi/dev/Pinguino-svn/pinguino32/trunk/linux/p32/bin/../lib/gcc/mips-elf/4.5.2/soft-float/el/crti.o
                0x000000009d01917c                _init
 .init          0x000000009d019184       0x10 /home/fazzi/dev/Pinguino-svn/pinguino32/trunk/linux/p32/bin/../lib/gcc/mips-elf/4.5.2/soft-float/el/crtbegin.o
 .init          0x000000009d019194       0x10 /home/fazzi/dev/Pinguino-svn/pinguino32/trunk/linux/p32/bin/../lib/gcc/mips-elf/4.5.2/soft-float/el/crtend.o
 .init          0x000000009d0191a4       0x10 /home/fazzi/dev/Pinguino-svn/pinguino32/trunk/linux/p32/bin/../lib/gcc/mips-elf/4.5.2/soft-float/el/crtn.o

.fini           0x000000009d0191b4       0x28
 .fini          0x000000009d0191b4        0x8 /home/fazzi/dev/Pinguino-svn/pinguino32/trunk/linux/p32/bin/../lib/gcc/mips-elf/4.5.2/soft-float/el/crti.o
                0x000000009d0191b4                _fini
 .fini          0x000000009d0191bc       0x10 /home/fazzi/dev/Pinguino-svn/pinguino32/trunk/linux/p32/bin/../lib/gcc/mips-elf/4.5.2/soft-float/el/crtbegin.o
 .fini          0x000000009d0191cc       0x10 /home/fazzi/dev/Pinguino-svn/pinguino32/trunk/linux/p32/bin/../lib/gcc/mips-elf/4.5.2/soft-float/el/crtn.o

.rodata         0x000000009d0191e0     0x2010
 *(.rodata .rodata.* .gnu.linkonce.r.*)
 .rodata.str1.4
                0x000000009d0191e0      0x3db /tmp/ccASVfed.o
                                        0x3dc (size before relaxing)
 *fill*         0x000000009d0195bb        0x1 00
 .rodata        0x000000009d0195bc     0x14ec /tmp/ccASVfed.o
                0x000000009d019670                portmask
                0x000000009d0197ac                pinmask
                0x000000009d0198e8                sins
                0x000000009d019a54                SmallFont
                0x000000009d019ec8                BigFont
 .rodata.str1.4
                0x000000009d01aaa8        0x5 /home/fazzi/dev/Pinguino-svn/pinguino32/trunk/linux/p32/bin/../lib/gcc/mips-elf/4.5.2/../../../../mips-elf/lib/libm.a(lib_a-wf_pow.o)
                                          0x8 (size before relaxing)
 .rodata.str1.4
                0x0000000000000000        0x5 /home/fazzi/dev/Pinguino-svn/pinguino32/trunk/linux/p32/bin/../lib/gcc/mips-elf/4.5.2/../../../../mips-elf/lib/libm.a(lib_a-ef_pow.o)
                                          0x4 (size before relaxing)
 *fill*         0x000000009d01aaad        0x3 00
 .rodata        0x000000009d01aab0       0x10 /home/fazzi/dev/Pinguino-svn/pinguino32/trunk/linux/p32/bin/../lib/gcc/mips-elf/4.5.2/../../../../mips-elf/lib/libm.a(lib_a-s_rint.o)
 .rodata.cst4   0x000000009d01aac0        0x4 /home/fazzi/dev/Pinguino-svn/pinguino32/trunk/linux/p32/bin/../lib/gcc/mips-elf/4.5.2/soft-float/el/libgcc.a(_si_to_sf.o)
 .rodata        0x000000009d01aac4       0x10 /home/fazzi/dev/Pinguino-svn/pinguino32/trunk/linux/p32/bin/../lib/gcc/mips-elf/4.5.2/soft-float/el/libgcc.a(_thenan_sf.o)
                0x000000009d01aac4                __thenan_sf
 *fill*         0x000000009d01aad4        0x4 00
 .rodata.cst8   0x000000009d01aad8        0x8 /home/fazzi/dev/Pinguino-svn/pinguino32/trunk/linux/p32/bin/../lib/gcc/mips-elf/4.5.2/soft-float/el/libgcc.a(_si_to_df.o)
 .rodata        0x000000009d01aae0       0x18 /home/fazzi/dev/Pinguino-svn/pinguino32/trunk/linux/p32/bin/../lib/gcc/mips-elf/4.5.2/soft-float/el/libgcc.a(_thenan_df.o)
                0x000000009d01aae0                __thenan_df
 .rodata        0x000000009d01aaf8      0x100 /home/fazzi/dev/Pinguino-svn/pinguino32/trunk/linux/p32/bin/../lib/gcc/mips-elf/4.5.2/soft-float/el/libgcc.a(_clz.o)
                0x000000009d01aaf8                __clz_tab
 .rodata.str1.4
                0x000000009d01abf8        0x2 /home/fazzi/dev/Pinguino-svn/pinguino32/trunk/linux/p32/bin/../lib/gcc/mips-elf/4.5.2/../../../../mips-elf/lib/libc.a(lib_a-impure.o)
                                          0x4 (size before relaxing)
 *fill*         0x000000009d01abfa        0x2 00
 .rodata.str1.4
                0x000000009d01abfc       0x56 /home/fazzi/dev/Pinguino-svn/pinguino32/trunk/linux/p32/bin/../lib/gcc/mips-elf/4.5.2/../../../../mips-elf/lib/libc.a(lib_a-svfprintf.o)
                                         0x60 (size before relaxing)
 *fill*         0x000000009d01ac52        0x2 00
 .rodata        0x000000009d01ac54      0x184 /home/fazzi/dev/Pinguino-svn/pinguino32/trunk/linux/p32/bin/../lib/gcc/mips-elf/4.5.2/../../../../mips-elf/lib/libc.a(lib_a-svfprintf.o)
 .rodata        0x000000009d01add8      0x284 /home/fazzi/dev/Pinguino-svn/pinguino32/trunk/linux/p32/bin/../lib/gcc/mips-elf/4.5.2/../../../../mips-elf/lib/libc.a(lib_a-ctype_.o)
                0x000000009d01add8                _ctype_
 .rodata.str1.4
                0x000000009d01b05c       0x10 /home/fazzi/dev/Pinguino-svn/pinguino32/trunk/linux/p32/bin/../lib/gcc/mips-elf/4.5.2/../../../../mips-elf/lib/libc.a(lib_a-dtoa.o)
                                         0x14 (size before relaxing)
 .rodata        0x000000009d01b06c       0x18 /home/fazzi/dev/Pinguino-svn/pinguino32/trunk/linux/p32/bin/../lib/gcc/mips-elf/4.5.2/../../../../mips-elf/lib/libc.a(lib_a-dtoa.o)
 .rodata.str1.4
                0x000000009d01b084       0x10 /home/fazzi/dev/Pinguino-svn/pinguino32/trunk/linux/p32/bin/../lib/gcc/mips-elf/4.5.2/../../../../mips-elf/lib/libc.a(lib_a-locale.o)
                                         0x18 (size before relaxing)
 .rodata        0x000000009d01b094       0x30 /home/fazzi/dev/Pinguino-svn/pinguino32/trunk/linux/p32/bin/../lib/gcc/mips-elf/4.5.2/../../../../mips-elf/lib/libc.a(lib_a-locale.o)
 *fill*         0x000000009d01b0c4        0x4 00
 .rodata        0x000000009d01b0c8      0x128 /home/fazzi/dev/Pinguino-svn/pinguino32/trunk/linux/p32/bin/../lib/gcc/mips-elf/4.5.2/../../../../mips-elf/lib/libc.a(lib_a-mprec.o)
                0x000000009d01b0c8                __mprec_tens
                0x000000009d01b190                __mprec_bigtens
                0x000000009d01b1b8                __mprec_tinytens
 *(.rodata1)
                0x000000009d01b1f0                . = ALIGN (0x4)

.sdata2         0x000000009d01b1f0        0x0
 *(.sdata2 .sdata2.* .gnu.linkonce.s2.*)
                0x000000009d01b1f0                . = ALIGN (0x4)

.sbss2          0x000000009d01b1f0        0x0
 *(.sbss2 .sbss2.* .gnu.linkonce.sb2.*)
                0x000000009d01b1f0                . = ALIGN (0x4)

.eh_frame_hdr
 *(.eh_frame_hdr)

.eh_frame       0x000000009d01b1f0       0x40
 *(.eh_frame)
 .eh_frame      0x000000009d01b1f0        0x0 /home/fazzi/dev/Pinguino-svn/pinguino32/trunk/linux/p32/bin/../lib/gcc/mips-elf/4.5.2/soft-float/el/crtbegin.o
 .eh_frame      0x000000009d01b1f0       0x28 /home/fazzi/dev/Pinguino-svn/pinguino32/trunk/linux/p32/bin/../lib/gcc/mips-elf/4.5.2/soft-float/el/libgcc.a(_udivdi3.o)
 .eh_frame      0x000000009d01b218       0x14 /home/fazzi/dev/Pinguino-svn/pinguino32/trunk/linux/p32/bin/../lib/gcc/mips-elf/4.5.2/soft-float/el/libgcc.a(_umoddi3.o)
                                         0x28 (size before relaxing)
 .eh_frame      0x000000009d01b22c        0x4 /home/fazzi/dev/Pinguino-svn/pinguino32/trunk/linux/p32/bin/../lib/gcc/mips-elf/4.5.2/soft-float/el/crtend.o

.rel.dyn        0x000000009d01b230        0x0
 .rel.dyn       0x0000000000000000        0x0 /home/fazzi/dev/Pinguino-svn/pinguino32/trunk/linux/p32/bin/../lib/gcc/mips-elf/4.5.2/../../../../mips-elf/lib/libc.a(lib_a-mallocr.o)

.dbg_data       0x00000000a0000004        0x0
                0x00000000a0000004                . = (. + DEFINED (_DEBUGGER)?0x200:0x0)

.data           0x00000000a0000008      0x82c load address 0x000000009d01b230
                0x00000000a0000008                _data_begin = .
 *(.data .data.* .gnu.linkonce.d.*)
 .data          0x00000000a0000008        0x0 /home/fazzi/dev/Pinguino-svn/pinguino32/trunk/linux/p32/bin/../lib/gcc/mips-elf/4.5.2/soft-float/el/crti.o
 .data          0x00000000a0000008        0x0 /home/fazzi/dev/Pinguino-svn/pinguino32/trunk/linux/p32/bin/../lib/gcc/mips-elf/4.5.2/soft-float/el/crtbegin.o
 .data          0x00000000a0000008       0x18 /tmp/ccASVfed.o
                0x00000000a0000008                latitude
                0x00000000a0000014                longitude
 .data          0x00000000a0000020        0x0 /tmp/cc359DsA.o
 .data          0x00000000a0000020        0x0 /home/fazzi/dev/Pinguino-svn/pinguino32/trunk/p32/obj/non-free/processor.o
 .data          0x00000000a0000020        0x0 /tmp/ccO5qUJX.o
 .data          0x00000000a0000020        0x0 /home/fazzi/dev/Pinguino-svn/pinguino32/trunk/linux/p32/bin/../lib/gcc/mips-elf/4.5.2/../../../../mips-elf/lib/libm.a(lib_a-wf_pow.o)
 .data          0x00000000a0000020        0x0 /home/fazzi/dev/Pinguino-svn/pinguino32/trunk/linux/p32/bin/../lib/gcc/mips-elf/4.5.2/../../../../mips-elf/lib/libm.a(lib_a-ef_pow.o)
 .data          0x00000000a0000020        0x0 /home/fazzi/dev/Pinguino-svn/pinguino32/trunk/linux/p32/bin/../lib/gcc/mips-elf/4.5.2/../../../../mips-elf/lib/libm.a(lib_a-ef_sqrt.o)
 .data          0x00000000a0000020        0x0 /home/fazzi/dev/Pinguino-svn/pinguino32/trunk/linux/p32/bin/../lib/gcc/mips-elf/4.5.2/../../../../mips-elf/lib/libm.a(lib_a-sf_fabs.o)
 .data          0x00000000a0000020        0x0 /home/fazzi/dev/Pinguino-svn/pinguino32/trunk/linux/p32/bin/../lib/gcc/mips-elf/4.5.2/../../../../mips-elf/lib/libm.a(lib_a-sf_finite.o)
 .data          0x00000000a0000020        0x0 /home/fazzi/dev/Pinguino-svn/pinguino32/trunk/linux/p32/bin/../lib/gcc/mips-elf/4.5.2/../../../../mips-elf/lib/libm.a(lib_a-sf_isnan.o)
 .data          0x00000000a0000020        0x0 /home/fazzi/dev/Pinguino-svn/pinguino32/trunk/linux/p32/bin/../lib/gcc/mips-elf/4.5.2/../../../../mips-elf/lib/libm.a(lib_a-sf_nan.o)
 .data          0x00000000a0000020        0x0 /home/fazzi/dev/Pinguino-svn/pinguino32/trunk/linux/p32/bin/../lib/gcc/mips-elf/4.5.2/../../../../mips-elf/lib/libm.a(lib_a-sf_scalbn.o)
 .data          0x00000000a0000020        0x0 /home/fazzi/dev/Pinguino-svn/pinguino32/trunk/linux/p32/bin/../lib/gcc/mips-elf/4.5.2/../../../../mips-elf/lib/libm.a(lib_a-s_lib_ver.o)
 .data          0x00000000a0000020        0x0 /home/fazzi/dev/Pinguino-svn/pinguino32/trunk/linux/p32/bin/../lib/gcc/mips-elf/4.5.2/../../../../mips-elf/lib/libm.a(lib_a-s_matherr.o)
 .data          0x00000000a0000020        0x0 /home/fazzi/dev/Pinguino-svn/pinguino32/trunk/linux/p32/bin/../lib/gcc/mips-elf/4.5.2/../../../../mips-elf/lib/libm.a(lib_a-s_rint.o)
 .data          0x00000000a0000020        0x0 /home/fazzi/dev/Pinguino-svn/pinguino32/trunk/linux/p32/bin/../lib/gcc/mips-elf/4.5.2/../../../../mips-elf/lib/libm.a(lib_a-sf_copysign.o)
 .data          0x00000000a0000020        0x0 /home/fazzi/dev/Pinguino-svn/pinguino32/trunk/linux/p32/bin/../lib/gcc/mips-elf/4.5.2/soft-float/el/libgcc.a(_addsub_sf.o)
 .data          0x00000000a0000020        0x0 /home/fazzi/dev/Pinguino-svn/pinguino32/trunk/linux/p32/bin/../lib/gcc/mips-elf/4.5.2/soft-float/el/libgcc.a(_mul_sf.o)
 .data          0x00000000a0000020        0x0 /home/fazzi/dev/Pinguino-svn/pinguino32/trunk/linux/p32/bin/../lib/gcc/mips-elf/4.5.2/soft-float/el/libgcc.a(_div_sf.o)
 .data          0x00000000a0000020        0x0 /home/fazzi/dev/Pinguino-svn/pinguino32/trunk/linux/p32/bin/../lib/gcc/mips-elf/4.5.2/soft-float/el/libgcc.a(_eq_sf.o)
 .data          0x00000000a0000020        0x0 /home/fazzi/dev/Pinguino-svn/pinguino32/trunk/linux/p32/bin/../lib/gcc/mips-elf/4.5.2/soft-float/el/libgcc.a(_gt_sf.o)
 .data          0x00000000a0000020        0x0 /home/fazzi/dev/Pinguino-svn/pinguino32/trunk/linux/p32/bin/../lib/gcc/mips-elf/4.5.2/soft-float/el/libgcc.a(_lt_sf.o)
 .data          0x00000000a0000020        0x0 /home/fazzi/dev/Pinguino-svn/pinguino32/trunk/linux/p32/bin/../lib/gcc/mips-elf/4.5.2/soft-float/el/libgcc.a(_le_sf.o)
 .data          0x00000000a0000020        0x0 /home/fazzi/dev/Pinguino-svn/pinguino32/trunk/linux/p32/bin/../lib/gcc/mips-elf/4.5.2/soft-float/el/libgcc.a(_si_to_sf.o)
 .data          0x00000000a0000020        0x0 /home/fazzi/dev/Pinguino-svn/pinguino32/trunk/linux/p32/bin/../lib/gcc/mips-elf/4.5.2/soft-float/el/libgcc.a(_sf_to_si.o)
 .data          0x00000000a0000020        0x0 /home/fazzi/dev/Pinguino-svn/pinguino32/trunk/linux/p32/bin/../lib/gcc/mips-elf/4.5.2/soft-float/el/libgcc.a(_sf_to_df.o)
 .data          0x00000000a0000020        0x0 /home/fazzi/dev/Pinguino-svn/pinguino32/trunk/linux/p32/bin/../lib/gcc/mips-elf/4.5.2/soft-float/el/libgcc.a(_thenan_sf.o)
 .data          0x00000000a0000020        0x0 /home/fazzi/dev/Pinguino-svn/pinguino32/trunk/linux/p32/bin/../lib/gcc/mips-elf/4.5.2/soft-float/el/libgcc.a(_addsub_df.o)
 .data          0x00000000a0000020        0x0 /home/fazzi/dev/Pinguino-svn/pinguino32/trunk/linux/p32/bin/../lib/gcc/mips-elf/4.5.2/soft-float/el/libgcc.a(_mul_df.o)
 .data          0x00000000a0000020        0x0 /home/fazzi/dev/Pinguino-svn/pinguino32/trunk/linux/p32/bin/../lib/gcc/mips-elf/4.5.2/soft-float/el/libgcc.a(_div_df.o)
 .data          0x00000000a0000020        0x0 /home/fazzi/dev/Pinguino-svn/pinguino32/trunk/linux/p32/bin/../lib/gcc/mips-elf/4.5.2/soft-float/el/libgcc.a(_eq_df.o)
 .data          0x00000000a0000020        0x0 /home/fazzi/dev/Pinguino-svn/pinguino32/trunk/linux/p32/bin/../lib/gcc/mips-elf/4.5.2/soft-float/el/libgcc.a(_ne_df.o)
 .data          0x00000000a0000020        0x0 /home/fazzi/dev/Pinguino-svn/pinguino32/trunk/linux/p32/bin/../lib/gcc/mips-elf/4.5.2/soft-float/el/libgcc.a(_gt_df.o)
 .data          0x00000000a0000020        0x0 /home/fazzi/dev/Pinguino-svn/pinguino32/trunk/linux/p32/bin/../lib/gcc/mips-elf/4.5.2/soft-float/el/libgcc.a(_lt_df.o)
 .data          0x00000000a0000020        0x0 /home/fazzi/dev/Pinguino-svn/pinguino32/trunk/linux/p32/bin/../lib/gcc/mips-elf/4.5.2/soft-float/el/libgcc.a(_si_to_df.o)
 .data          0x00000000a0000020        0x0 /home/fazzi/dev/Pinguino-svn/pinguino32/trunk/linux/p32/bin/../lib/gcc/mips-elf/4.5.2/soft-float/el/libgcc.a(_df_to_si.o)
 .data          0x00000000a0000020        0x0 /home/fazzi/dev/Pinguino-svn/pinguino32/trunk/linux/p32/bin/../lib/gcc/mips-elf/4.5.2/soft-float/el/libgcc.a(_make_df.o)
 .data          0x00000000a0000020        0x0 /home/fazzi/dev/Pinguino-svn/pinguino32/trunk/linux/p32/bin/../lib/gcc/mips-elf/4.5.2/soft-float/el/libgcc.a(_df_to_sf.o)
 .data          0x00000000a0000020        0x0 /home/fazzi/dev/Pinguino-svn/pinguino32/trunk/linux/p32/bin/../lib/gcc/mips-elf/4.5.2/soft-float/el/libgcc.a(_thenan_df.o)
 .data          0x00000000a0000020        0x0 /home/fazzi/dev/Pinguino-svn/pinguino32/trunk/linux/p32/bin/../lib/gcc/mips-elf/4.5.2/soft-float/el/libgcc.a(_clzsi2.o)
 .data          0x00000000a0000020        0x0 /home/fazzi/dev/Pinguino-svn/pinguino32/trunk/linux/p32/bin/../lib/gcc/mips-elf/4.5.2/soft-float/el/libgcc.a(_pack_sf.o)
 .data          0x00000000a0000020        0x0 /home/fazzi/dev/Pinguino-svn/pinguino32/trunk/linux/p32/bin/../lib/gcc/mips-elf/4.5.2/soft-float/el/libgcc.a(_unpack_sf.o)
 .data          0x00000000a0000020        0x0 /home/fazzi/dev/Pinguino-svn/pinguino32/trunk/linux/p32/bin/../lib/gcc/mips-elf/4.5.2/soft-float/el/libgcc.a(_fpcmp_parts_sf.o)
 .data          0x00000000a0000020        0x0 /home/fazzi/dev/Pinguino-svn/pinguino32/trunk/linux/p32/bin/../lib/gcc/mips-elf/4.5.2/soft-float/el/libgcc.a(_make_sf.o)
 .data          0x00000000a0000020        0x0 /home/fazzi/dev/Pinguino-svn/pinguino32/trunk/linux/p32/bin/../lib/gcc/mips-elf/4.5.2/soft-float/el/libgcc.a(_pack_df.o)
 .data          0x00000000a0000020        0x0 /home/fazzi/dev/Pinguino-svn/pinguino32/trunk/linux/p32/bin/../lib/gcc/mips-elf/4.5.2/soft-float/el/libgcc.a(_unpack_df.o)
 .data          0x00000000a0000020        0x0 /home/fazzi/dev/Pinguino-svn/pinguino32/trunk/linux/p32/bin/../lib/gcc/mips-elf/4.5.2/soft-float/el/libgcc.a(_fpcmp_parts_df.o)
 .data          0x00000000a0000020        0x0 /home/fazzi/dev/Pinguino-svn/pinguino32/trunk/linux/p32/bin/../lib/gcc/mips-elf/4.5.2/soft-float/el/libgcc.a(_lshrdi3.o)
 .data          0x00000000a0000020        0x0 /home/fazzi/dev/Pinguino-svn/pinguino32/trunk/linux/p32/bin/../lib/gcc/mips-elf/4.5.2/soft-float/el/libgcc.a(_ashldi3.o)
 .data          0x00000000a0000020        0x0 /home/fazzi/dev/Pinguino-svn/pinguino32/trunk/linux/p32/bin/../lib/gcc/mips-elf/4.5.2/soft-float/el/libgcc.a(_clz.o)
 .data          0x00000000a0000020        0x0 /home/fazzi/dev/Pinguino-svn/pinguino32/trunk/linux/p32/bin/../lib/gcc/mips-elf/4.5.2/../../../../mips-elf/lib/libc.a(lib_a-atoi.o)
 .data          0x00000000a0000020        0x0 /home/fazzi/dev/Pinguino-svn/pinguino32/trunk/linux/p32/bin/../lib/gcc/mips-elf/4.5.2/../../../../mips-elf/lib/libc.a(lib_a-errno.o)
 .data          0x00000000a0000020      0x400 /home/fazzi/dev/Pinguino-svn/pinguino32/trunk/linux/p32/bin/../lib/gcc/mips-elf/4.5.2/../../../../mips-elf/lib/libc.a(lib_a-impure.o)
 .data          0x00000000a0000420        0x0 /home/fazzi/dev/Pinguino-svn/pinguino32/trunk/linux/p32/bin/../lib/gcc/mips-elf/4.5.2/../../../../mips-elf/lib/libc.a(lib_a-memset.o)
 .data          0x00000000a0000420        0x0 /home/fazzi/dev/Pinguino-svn/pinguino32/trunk/linux/p32/bin/../lib/gcc/mips-elf/4.5.2/../../../../mips-elf/lib/libc.a(lib_a-sprintf.o)
 .data          0x00000000a0000420        0x0 /home/fazzi/dev/Pinguino-svn/pinguino32/trunk/linux/p32/bin/../lib/gcc/mips-elf/4.5.2/../../../../mips-elf/lib/libc.a(lib_a-strcat.o)
 .data          0x00000000a0000420        0x0 /home/fazzi/dev/Pinguino-svn/pinguino32/trunk/linux/p32/bin/../lib/gcc/mips-elf/4.5.2/../../../../mips-elf/lib/libc.a(lib_a-strcmp.o)
 .data          0x00000000a0000420        0x0 /home/fazzi/dev/Pinguino-svn/pinguino32/trunk/linux/p32/bin/../lib/gcc/mips-elf/4.5.2/../../../../mips-elf/lib/libc.a(lib_a-strcpy.o)
 .data          0x00000000a0000420        0x0 /home/fazzi/dev/Pinguino-svn/pinguino32/trunk/linux/p32/bin/../lib/gcc/mips-elf/4.5.2/../../../../mips-elf/lib/libc.a(lib_a-strlen.o)
 .data          0x00000000a0000420        0x0 /home/fazzi/dev/Pinguino-svn/pinguino32/trunk/linux/p32/bin/../lib/gcc/mips-elf/4.5.2/../../../../mips-elf/lib/libc.a(lib_a-strncpy.o)
 .data          0x00000000a0000420        0x0 /home/fazzi/dev/Pinguino-svn/pinguino32/trunk/linux/p32/bin/../lib/gcc/mips-elf/4.5.2/../../../../mips-elf/lib/libc.a(lib_a-strtol.o)
 .data          0x00000000a0000420        0x0 /home/fazzi/dev/Pinguino-svn/pinguino32/trunk/linux/p32/bin/../lib/gcc/mips-elf/4.5.2/../../../../mips-elf/lib/libc.a(lib_a-svfprintf.o)
 .data          0x00000000a0000420        0x0 /home/fazzi/dev/Pinguino-svn/pinguino32/trunk/linux/p32/bin/../lib/gcc/mips-elf/4.5.2/../../../../mips-elf/lib/libc.a(lib_a-ctype_.o)
 .data          0x00000000a0000420        0x0 /home/fazzi/dev/Pinguino-svn/pinguino32/trunk/linux/p32/bin/../lib/gcc/mips-elf/4.5.2/../../../../mips-elf/lib/libc.a(lib_a-dtoa.o)
 .data          0x00000000a0000420        0x0 /home/fazzi/dev/Pinguino-svn/pinguino32/trunk/linux/p32/bin/../lib/gcc/mips-elf/4.5.2/../../../../mips-elf/lib/libc.a(lib_a-freer.o)
 .data          0x00000000a0000420        0xc /home/fazzi/dev/Pinguino-svn/pinguino32/trunk/linux/p32/bin/../lib/gcc/mips-elf/4.5.2/../../../../mips-elf/lib/libc.a(lib_a-locale.o)
                0x00000000a0000420                __lc_ctype
 .data          0x00000000a000042c      0x408 /home/fazzi/dev/Pinguino-svn/pinguino32/trunk/linux/p32/bin/../lib/gcc/mips-elf/4.5.2/../../../../mips-elf/lib/libc.a(lib_a-mallocr.o)
                0x00000000a000042c                __malloc_av_
 .data          0x00000000a0000834        0x0 /home/fazzi/dev/Pinguino-svn/pinguino32/trunk/linux/p32/bin/../lib/gcc/mips-elf/4.5.2/../../../../mips-elf/lib/libc.a(lib_a-memchr.o)
 .data          0x00000000a0000834        0x0 /home/fazzi/dev/Pinguino-svn/pinguino32/trunk/linux/p32/bin/../lib/gcc/mips-elf/4.5.2/../../../../mips-elf/lib/libc.a(lib_a-memcpy.o)
 .data          0x00000000a0000834        0x0 /home/fazzi/dev/Pinguino-svn/pinguino32/trunk/linux/p32/bin/../lib/gcc/mips-elf/4.5.2/../../../../mips-elf/lib/libc.a(lib_a-memmove.o)
 .data          0x00000000a0000834        0x0 /home/fazzi/dev/Pinguino-svn/pinguino32/trunk/linux/p32/bin/../lib/gcc/mips-elf/4.5.2/../../../../mips-elf/lib/libc.a(lib_a-mlock.o)
 .data          0x00000000a0000834        0x0 /home/fazzi/dev/Pinguino-svn/pinguino32/trunk/linux/p32/bin/../lib/gcc/mips-elf/4.5.2/../../../../mips-elf/lib/libc.a(lib_a-mprec.o)
 .data          0x00000000a0000834        0x0 /home/fazzi/dev/Pinguino-svn/pinguino32/trunk/linux/p32/bin/../lib/gcc/mips-elf/4.5.2/../../../../mips-elf/lib/libc.a(lib_a-reallocr.o)
 .data          0x00000000a0000834        0x0 /home/fazzi/dev/Pinguino-svn/pinguino32/trunk/linux/p32/bin/../lib/gcc/mips-elf/4.5.2/../../../../mips-elf/lib/libc.a(lib_a-sbrkr.o)
 .data          0x00000000a0000834        0x0 /home/fazzi/dev/Pinguino-svn/pinguino32/trunk/linux/p32/bin/../lib/gcc/mips-elf/4.5.2/../../../../mips-elf/lib/libc.a(lib_a-s_isinfd.o)
 .data          0x00000000a0000834        0x0 /home/fazzi/dev/Pinguino-svn/pinguino32/trunk/linux/p32/bin/../lib/gcc/mips-elf/4.5.2/../../../../mips-elf/lib/libc.a(lib_a-s_isnand.o)
 .data          0x00000000a0000834        0x0 /home/fazzi/dev/Pinguino-svn/pinguino32/trunk/linux/p32/bin/../lib/gcc/mips-elf/4.5.2/../../../../mips-elf/lib/libc.a(lib_a-callocr.o)
 .data          0x00000000a0000834        0x0 /home/fazzi/dev/Pinguino-svn/pinguino32/trunk/linux/p32/bin/../lib/gcc/mips-elf/4.5.2/../../../../mips-elf/lib/libc.a(lib_a-reent.o)
 .data          0x00000000a0000834        0x0 /home/fazzi/dev/Pinguino-svn/pinguino32/trunk/linux/p32/bin/../lib/gcc/mips-elf/4.5.2/soft-float/el/libgcc.a(_udivdi3.o)
 .data          0x00000000a0000834        0x0 /home/fazzi/dev/Pinguino-svn/pinguino32/trunk/linux/p32/bin/../lib/gcc/mips-elf/4.5.2/soft-float/el/libgcc.a(_umoddi3.o)
 .data          0x00000000a0000834        0x0 /home/fazzi/dev/Pinguino-svn/pinguino32/trunk/linux/p32/bin/../lib/gcc/mips-elf/4.5.2/soft-float/el/libgcc.a(_ge_df.o)
 .data          0x00000000a0000834        0x0 /home/fazzi/dev/Pinguino-svn/pinguino32/trunk/linux/p32/bin/../lib/gcc/mips-elf/4.5.2/soft-float/el/libgcc.a(_usi_to_df.o)
 .data          0x00000000a0000834        0x0 /home/fazzi/dev/Pinguino-svn/pinguino32/trunk/linux/p32/bin/../lib/gcc/mips-elf/4.5.2/soft-float/el/crtend.o
 .data          0x00000000a0000834        0x0 /home/fazzi/dev/Pinguino-svn/pinguino32/trunk/linux/p32/bin/../lib/gcc/mips-elf/4.5.2/soft-float/el/crtn.o
 *(.gnu.linkonce.d.*personality*)
 *(.data1)
                0x000000009d01b230                _data_image_begin = LOADADDR (.data)

.ctors          0x00000000a0000834        0x8 load address 0x000000009d01ba5c
 .ctors         0x00000000a0000834        0x4 /home/fazzi/dev/Pinguino-svn/pinguino32/trunk/linux/p32/bin/../lib/gcc/mips-elf/4.5.2/soft-float/el/crtbegin.o
 .ctors         0x00000000a0000838        0x4 /home/fazzi/dev/Pinguino-svn/pinguino32/trunk/linux/p32/bin/../lib/gcc/mips-elf/4.5.2/soft-float/el/crtend.o

.dtors          0x00000000a000083c        0x8 load address 0x000000009d01ba64
 .dtors         0x00000000a000083c        0x4 /home/fazzi/dev/Pinguino-svn/pinguino32/trunk/linux/p32/bin/../lib/gcc/mips-elf/4.5.2/soft-float/el/crtbegin.o
 .dtors         0x00000000a0000840        0x4 /home/fazzi/dev/Pinguino-svn/pinguino32/trunk/linux/p32/bin/../lib/gcc/mips-elf/4.5.2/soft-float/el/crtend.o
                0x00000000a0000840                __DTOR_END__

.jcr            0x00000000a0000844        0x4 load address 0x000000009d01ba6c
 .jcr           0x00000000a0000844        0x0 /home/fazzi/dev/Pinguino-svn/pinguino32/trunk/linux/p32/bin/../lib/gcc/mips-elf/4.5.2/soft-float/el/crtbegin.o
 .jcr           0x00000000a0000844        0x4 /home/fazzi/dev/Pinguino-svn/pinguino32/trunk/linux/p32/bin/../lib/gcc/mips-elf/4.5.2/soft-float/el/crtend.o

.eh_frame
 *(.eh_frame)
                0x00000000a0008840                _gp = (ALIGN (0x10) + 0x7ff0)

.got
 *(.got.plt)
 *(.got)

.sdata          0x00000000a0000848      0x178 load address 0x000000009d01ba70
                0x00000000a0000848                _sdata_begin = .
 *(.sdata .sdata.* .gnu.linkonce.s.*)
 .sdata         0x00000000a0000848        0x4 /home/fazzi/dev/Pinguino-svn/pinguino32/trunk/linux/p32/bin/../lib/gcc/mips-elf/4.5.2/soft-float/el/crtbegin.o
                0x00000000a0000848                __dso_handle
 *fill*         0x00000000a000084c        0x4 00
 .sdata         0x00000000a0000850       0x20 /tmp/ccASVfed.o
                0x00000000a0000850                linha
                0x00000000a0000851                NorteSul
                0x00000000a0000852                LesteOeste
 .sdata         0x00000000a0000870       0x30 /home/fazzi/dev/Pinguino-svn/pinguino32/trunk/linux/p32/bin/../lib/gcc/mips-elf/4.5.2/../../../../mips-elf/lib/libm.a(lib_a-wf_pow.o)
 .sdata         0x00000000a00008a0       0x90 /home/fazzi/dev/Pinguino-svn/pinguino32/trunk/linux/p32/bin/../lib/gcc/mips-elf/4.5.2/../../../../mips-elf/lib/libm.a(lib_a-ef_pow.o)
 .sdata         0x00000000a0000930       0x10 /home/fazzi/dev/Pinguino-svn/pinguino32/trunk/linux/p32/bin/../lib/gcc/mips-elf/4.5.2/../../../../mips-elf/lib/libm.a(lib_a-sf_scalbn.o)
 .sdata         0x00000000a0000940        0x4 /home/fazzi/dev/Pinguino-svn/pinguino32/trunk/linux/p32/bin/../lib/gcc/mips-elf/4.5.2/../../../../mips-elf/lib/libm.a(lib_a-s_lib_ver.o)
                0x00000000a0000940                __fdlib_version
 .sdata         0x00000000a0000944        0x8 /home/fazzi/dev/Pinguino-svn/pinguino32/trunk/linux/p32/bin/../lib/gcc/mips-elf/4.5.2/../../../../mips-elf/lib/libc.a(lib_a-impure.o)
                0x00000000a0000944                _impure_ptr
                0x00000000a0000948                _global_impure_ptr
 .sdata         0x00000000a000094c        0x8 /home/fazzi/dev/Pinguino-svn/pinguino32/trunk/linux/p32/bin/../lib/gcc/mips-elf/4.5.2/../../../../mips-elf/lib/libc.a(lib_a-ctype_.o)
                0x00000000a000094c                __ctype_ptr
                0x00000000a0000950                __ctype_ptr__
 *fill*         0x00000000a0000954        0x4 00
 .sdata         0x00000000a0000958       0x48 /home/fazzi/dev/Pinguino-svn/pinguino32/trunk/linux/p32/bin/../lib/gcc/mips-elf/4.5.2/../../../../mips-elf/lib/libc.a(lib_a-dtoa.o)
 .sdata         0x00000000a00009a0        0x8 /home/fazzi/dev/Pinguino-svn/pinguino32/trunk/linux/p32/bin/../lib/gcc/mips-elf/4.5.2/../../../../mips-elf/lib/libc.a(lib_a-locale.o)
                0x00000000a00009a0                __mb_cur_max
 .sdata         0x00000000a00009a8        0x8 /home/fazzi/dev/Pinguino-svn/pinguino32/trunk/linux/p32/bin/../lib/gcc/mips-elf/4.5.2/../../../../mips-elf/lib/libc.a(lib_a-mallocr.o)
                0x00000000a00009a8                __malloc_trim_threshold
                0x00000000a00009ac                __malloc_sbrk_base
 .sdata         0x00000000a00009b0       0x10 /home/fazzi/dev/Pinguino-svn/pinguino32/trunk/linux/p32/bin/../lib/gcc/mips-elf/4.5.2/../../../../mips-elf/lib/libc.a(lib_a-mprec.o)
                0x00000000a00009c0                _sdata_end = .

.lit8
 *(.lit8)

.lit4
 *(.lit4)
                0x00000000a00009c0                . = ALIGN (0x4)
                0x00000000a00009c0                _data_end = .
                0x00000000a00009c0                _bss_begin = .

.sbss           0x00000000a00009c0       0x70 load address 0x000000009d01bbe8
                0x00000000a00009c0                _sbss_begin = .
 *(.dynsbss)
 *(.sbss .sbss.* .gnu.linkonce.sb.*)
 .sbss          0x00000000a00009c0        0xc /tmp/ccASVfed.o
                0x00000000a00009c0                tipo_dado
                0x00000000a00009c1                fixed
                0x00000000a00009c2                conectado
                0x00000000a00009c4                inicio
 .sbss          0x00000000a00009cc        0xc /home/fazzi/dev/Pinguino-svn/pinguino32/trunk/linux/p32/bin/../lib/gcc/mips-elf/4.5.2/../../../../mips-elf/lib/libc.a(lib_a-locale.o)
                0x00000000a00009cc                __nlocale_changed
                0x00000000a00009d0                __mlocale_changed
                0x00000000a00009d4                _PathLocale
 .sbss          0x00000000a00009d8        0xc /home/fazzi/dev/Pinguino-svn/pinguino32/trunk/linux/p32/bin/../lib/gcc/mips-elf/4.5.2/../../../../mips-elf/lib/libc.a(lib_a-mallocr.o)
                0x00000000a00009d8                __malloc_top_pad
                0x00000000a00009dc                __malloc_max_sbrked_mem
                0x00000000a00009e0                __malloc_max_total_mem
 *(.scommon)
 .scommon       0x00000000a00009e4       0x47 /tmp/ccASVfed.o
                0x00000000a00009e4                UART2rpointer
                0x00000000a00009e8                T_CS
                0x00000000a00009ec                TP_X
                0x00000000a00009f0                fcolorg
                0x00000000a00009f1                bcolorg
                0x00000000a00009f2                fsize
                0x00000000a00009f4                UART1wpointer
                0x00000000a00009f8                UART1rpointer
                0x00000000a00009fc                orient_t
                0x00000000a0000a00                _millis
                0x00000000a0000a04                bcolorr
                0x00000000a0000a05                prec
                0x00000000a0000a06                orient
                0x00000000a0000a08                UART3wpointer
                0x00000000a0000a0c                bcolorb
                0x00000000a0000a10                UART2wpointer
                0x00000000a0000a14                T_IRQ
                0x00000000a0000a18                heap_ptr
                0x00000000a0000a1c                TP_Y
                0x00000000a0000a20                T_DIN
                0x00000000a0000a21                fcolorb
                0x00000000a0000a24                UART3rpointer
                0x00000000a0000a28                fcolorr
                0x00000000a0000a29                T_CLK
                0x00000000a0000a2a                T_DOUT
 *fill*         0x00000000a0000a2b        0x1 00
 .scommon       0x00000000a0000a2c        0x4 /home/fazzi/dev/Pinguino-svn/pinguino32/trunk/linux/p32/bin/../lib/gcc/mips-elf/4.5.2/../../../../mips-elf/lib/libc.a(lib_a-reent.o)
                0x00000000a0000a2c                errno
                0x00000000a0000a30                _sbss_end = .

.bss            0x00000000a0000a30      0x218 load address 0x000000009d01bbe8
 *(.dynbss)
 *(.bss .bss.* .gnu.linkonce.b.*)
 .bss           0x00000000a0000a30        0x0 /home/fazzi/dev/Pinguino-svn/pinguino32/trunk/linux/p32/bin/../lib/gcc/mips-elf/4.5.2/soft-float/el/crti.o
 .bss           0x00000000a0000a30       0x20 /home/fazzi/dev/Pinguino-svn/pinguino32/trunk/linux/p32/bin/../lib/gcc/mips-elf/4.5.2/soft-float/el/crtbegin.o
 .bss           0x00000000a0000a50       0x50 /tmp/ccASVfed.o
 .bss           0x00000000a0000aa0        0x0 /tmp/cc359DsA.o
 .bss           0x00000000a0000aa0        0x0 /home/fazzi/dev/Pinguino-svn/pinguino32/trunk/p32/obj/non-free/processor.o
 .bss           0x00000000a0000aa0        0x0 /tmp/ccO5qUJX.o
 .bss           0x00000000a0000aa0        0x0 /home/fazzi/dev/Pinguino-svn/pinguino32/trunk/linux/p32/bin/../lib/gcc/mips-elf/4.5.2/../../../../mips-elf/lib/libm.a(lib_a-wf_pow.o)
 .bss           0x00000000a0000aa0        0x0 /home/fazzi/dev/Pinguino-svn/pinguino32/trunk/linux/p32/bin/../lib/gcc/mips-elf/4.5.2/../../../../mips-elf/lib/libm.a(lib_a-ef_pow.o)
 .bss           0x00000000a0000aa0        0x0 /home/fazzi/dev/Pinguino-svn/pinguino32/trunk/linux/p32/bin/../lib/gcc/mips-elf/4.5.2/../../../../mips-elf/lib/libm.a(lib_a-ef_sqrt.o)
 .bss           0x00000000a0000aa0        0x0 /home/fazzi/dev/Pinguino-svn/pinguino32/trunk/linux/p32/bin/../lib/gcc/mips-elf/4.5.2/../../../../mips-elf/lib/libm.a(lib_a-sf_fabs.o)
 .bss           0x00000000a0000aa0        0x0 /home/fazzi/dev/Pinguino-svn/pinguino32/trunk/linux/p32/bin/../lib/gcc/mips-elf/4.5.2/../../../../mips-elf/lib/libm.a(lib_a-sf_finite.o)
 .bss           0x00000000a0000aa0        0x0 /home/fazzi/dev/Pinguino-svn/pinguino32/trunk/linux/p32/bin/../lib/gcc/mips-elf/4.5.2/../../../../mips-elf/lib/libm.a(lib_a-sf_isnan.o)
 .bss           0x00000000a0000aa0        0x0 /home/fazzi/dev/Pinguino-svn/pinguino32/trunk/linux/p32/bin/../lib/gcc/mips-elf/4.5.2/../../../../mips-elf/lib/libm.a(lib_a-sf_nan.o)
 .bss           0x00000000a0000aa0        0x0 /home/fazzi/dev/Pinguino-svn/pinguino32/trunk/linux/p32/bin/../lib/gcc/mips-elf/4.5.2/../../../../mips-elf/lib/libm.a(lib_a-sf_scalbn.o)
 .bss           0x00000000a0000aa0        0x0 /home/fazzi/dev/Pinguino-svn/pinguino32/trunk/linux/p32/bin/../lib/gcc/mips-elf/4.5.2/../../../../mips-elf/lib/libm.a(lib_a-s_lib_ver.o)
 .bss           0x00000000a0000aa0        0x0 /home/fazzi/dev/Pinguino-svn/pinguino32/trunk/linux/p32/bin/../lib/gcc/mips-elf/4.5.2/../../../../mips-elf/lib/libm.a(lib_a-s_matherr.o)
 .bss           0x00000000a0000aa0        0x0 /home/fazzi/dev/Pinguino-svn/pinguino32/trunk/linux/p32/bin/../lib/gcc/mips-elf/4.5.2/../../../../mips-elf/lib/libm.a(lib_a-s_rint.o)
 .bss           0x00000000a0000aa0        0x0 /home/fazzi/dev/Pinguino-svn/pinguino32/trunk/linux/p32/bin/../lib/gcc/mips-elf/4.5.2/../../../../mips-elf/lib/libm.a(lib_a-sf_copysign.o)
 .bss           0x00000000a0000aa0        0x0 /home/fazzi/dev/Pinguino-svn/pinguino32/trunk/linux/p32/bin/../lib/gcc/mips-elf/4.5.2/soft-float/el/libgcc.a(_addsub_sf.o)
 .bss           0x00000000a0000aa0        0x0 /home/fazzi/dev/Pinguino-svn/pinguino32/trunk/linux/p32/bin/../lib/gcc/mips-elf/4.5.2/soft-float/el/libgcc.a(_mul_sf.o)
 .bss           0x00000000a0000aa0        0x0 /home/fazzi/dev/Pinguino-svn/pinguino32/trunk/linux/p32/bin/../lib/gcc/mips-elf/4.5.2/soft-float/el/libgcc.a(_div_sf.o)
 .bss           0x00000000a0000aa0        0x0 /home/fazzi/dev/Pinguino-svn/pinguino32/trunk/linux/p32/bin/../lib/gcc/mips-elf/4.5.2/soft-float/el/libgcc.a(_eq_sf.o)
 .bss           0x00000000a0000aa0        0x0 /home/fazzi/dev/Pinguino-svn/pinguino32/trunk/linux/p32/bin/../lib/gcc/mips-elf/4.5.2/soft-float/el/libgcc.a(_gt_sf.o)
 .bss           0x00000000a0000aa0        0x0 /home/fazzi/dev/Pinguino-svn/pinguino32/trunk/linux/p32/bin/../lib/gcc/mips-elf/4.5.2/soft-float/el/libgcc.a(_lt_sf.o)
 .bss           0x00000000a0000aa0        0x0 /home/fazzi/dev/Pinguino-svn/pinguino32/trunk/linux/p32/bin/../lib/gcc/mips-elf/4.5.2/soft-float/el/libgcc.a(_le_sf.o)
 .bss           0x00000000a0000aa0        0x0 /home/fazzi/dev/Pinguino-svn/pinguino32/trunk/linux/p32/bin/../lib/gcc/mips-elf/4.5.2/soft-float/el/libgcc.a(_si_to_sf.o)
 .bss           0x00000000a0000aa0        0x0 /home/fazzi/dev/Pinguino-svn/pinguino32/trunk/linux/p32/bin/../lib/gcc/mips-elf/4.5.2/soft-float/el/libgcc.a(_sf_to_si.o)
 .bss           0x00000000a0000aa0        0x0 /home/fazzi/dev/Pinguino-svn/pinguino32/trunk/linux/p32/bin/../lib/gcc/mips-elf/4.5.2/soft-float/el/libgcc.a(_sf_to_df.o)
 .bss           0x00000000a0000aa0        0x0 /home/fazzi/dev/Pinguino-svn/pinguino32/trunk/linux/p32/bin/../lib/gcc/mips-elf/4.5.2/soft-float/el/libgcc.a(_thenan_sf.o)
 .bss           0x00000000a0000aa0        0x0 /home/fazzi/dev/Pinguino-svn/pinguino32/trunk/linux/p32/bin/../lib/gcc/mips-elf/4.5.2/soft-float/el/libgcc.a(_addsub_df.o)
 .bss           0x00000000a0000aa0        0x0 /home/fazzi/dev/Pinguino-svn/pinguino32/trunk/linux/p32/bin/../lib/gcc/mips-elf/4.5.2/soft-float/el/libgcc.a(_mul_df.o)
 .bss           0x00000000a0000aa0        0x0 /home/fazzi/dev/Pinguino-svn/pinguino32/trunk/linux/p32/bin/../lib/gcc/mips-elf/4.5.2/soft-float/el/libgcc.a(_div_df.o)
 .bss           0x00000000a0000aa0        0x0 /home/fazzi/dev/Pinguino-svn/pinguino32/trunk/linux/p32/bin/../lib/gcc/mips-elf/4.5.2/soft-float/el/libgcc.a(_eq_df.o)
 .bss           0x00000000a0000aa0        0x0 /home/fazzi/dev/Pinguino-svn/pinguino32/trunk/linux/p32/bin/../lib/gcc/mips-elf/4.5.2/soft-float/el/libgcc.a(_ne_df.o)
 .bss           0x00000000a0000aa0        0x0 /home/fazzi/dev/Pinguino-svn/pinguino32/trunk/linux/p32/bin/../lib/gcc/mips-elf/4.5.2/soft-float/el/libgcc.a(_gt_df.o)
 .bss           0x00000000a0000aa0        0x0 /home/fazzi/dev/Pinguino-svn/pinguino32/trunk/linux/p32/bin/../lib/gcc/mips-elf/4.5.2/soft-float/el/libgcc.a(_lt_df.o)
 .bss           0x00000000a0000aa0        0x0 /home/fazzi/dev/Pinguino-svn/pinguino32/trunk/linux/p32/bin/../lib/gcc/mips-elf/4.5.2/soft-float/el/libgcc.a(_si_to_df.o)
 .bss           0x00000000a0000aa0        0x0 /home/fazzi/dev/Pinguino-svn/pinguino32/trunk/linux/p32/bin/../lib/gcc/mips-elf/4.5.2/soft-float/el/libgcc.a(_df_to_si.o)
 .bss           0x00000000a0000aa0        0x0 /home/fazzi/dev/Pinguino-svn/pinguino32/trunk/linux/p32/bin/../lib/gcc/mips-elf/4.5.2/soft-float/el/libgcc.a(_make_df.o)
 .bss           0x00000000a0000aa0        0x0 /home/fazzi/dev/Pinguino-svn/pinguino32/trunk/linux/p32/bin/../lib/gcc/mips-elf/4.5.2/soft-float/el/libgcc.a(_df_to_sf.o)
 .bss           0x00000000a0000aa0        0x0 /home/fazzi/dev/Pinguino-svn/pinguino32/trunk/linux/p32/bin/../lib/gcc/mips-elf/4.5.2/soft-float/el/libgcc.a(_thenan_df.o)
 .bss           0x00000000a0000aa0        0x0 /home/fazzi/dev/Pinguino-svn/pinguino32/trunk/linux/p32/bin/../lib/gcc/mips-elf/4.5.2/soft-float/el/libgcc.a(_clzsi2.o)
 .bss           0x00000000a0000aa0        0x0 /home/fazzi/dev/Pinguino-svn/pinguino32/trunk/linux/p32/bin/../lib/gcc/mips-elf/4.5.2/soft-float/el/libgcc.a(_pack_sf.o)
 .bss           0x00000000a0000aa0        0x0 /home/fazzi/dev/Pinguino-svn/pinguino32/trunk/linux/p32/bin/../lib/gcc/mips-elf/4.5.2/soft-float/el/libgcc.a(_unpack_sf.o)
 .bss           0x00000000a0000aa0        0x0 /home/fazzi/dev/Pinguino-svn/pinguino32/trunk/linux/p32/bin/../lib/gcc/mips-elf/4.5.2/soft-float/el/libgcc.a(_fpcmp_parts_sf.o)
 .bss           0x00000000a0000aa0        0x0 /home/fazzi/dev/Pinguino-svn/pinguino32/trunk/linux/p32/bin/../lib/gcc/mips-elf/4.5.2/soft-float/el/libgcc.a(_make_sf.o)
 .bss           0x00000000a0000aa0        0x0 /home/fazzi/dev/Pinguino-svn/pinguino32/trunk/linux/p32/bin/../lib/gcc/mips-elf/4.5.2/soft-float/el/libgcc.a(_pack_df.o)
 .bss           0x00000000a0000aa0        0x0 /home/fazzi/dev/Pinguino-svn/pinguino32/trunk/linux/p32/bin/../lib/gcc/mips-elf/4.5.2/soft-float/el/libgcc.a(_unpack_df.o)
 .bss           0x00000000a0000aa0        0x0 /home/fazzi/dev/Pinguino-svn/pinguino32/trunk/linux/p32/bin/../lib/gcc/mips-elf/4.5.2/soft-float/el/libgcc.a(_fpcmp_parts_df.o)
 .bss           0x00000000a0000aa0        0x0 /home/fazzi/dev/Pinguino-svn/pinguino32/trunk/linux/p32/bin/../lib/gcc/mips-elf/4.5.2/soft-float/el/libgcc.a(_lshrdi3.o)
 .bss           0x00000000a0000aa0        0x0 /home/fazzi/dev/Pinguino-svn/pinguino32/trunk/linux/p32/bin/../lib/gcc/mips-elf/4.5.2/soft-float/el/libgcc.a(_ashldi3.o)
 .bss           0x00000000a0000aa0        0x0 /home/fazzi/dev/Pinguino-svn/pinguino32/trunk/linux/p32/bin/../lib/gcc/mips-elf/4.5.2/soft-float/el/libgcc.a(_clz.o)
 .bss           0x00000000a0000aa0        0x0 /home/fazzi/dev/Pinguino-svn/pinguino32/trunk/linux/p32/bin/../lib/gcc/mips-elf/4.5.2/../../../../mips-elf/lib/libc.a(lib_a-atoi.o)
 .bss           0x00000000a0000aa0        0x0 /home/fazzi/dev/Pinguino-svn/pinguino32/trunk/linux/p32/bin/../lib/gcc/mips-elf/4.5.2/../../../../mips-elf/lib/libc.a(lib_a-errno.o)
 .bss           0x00000000a0000aa0        0x0 /home/fazzi/dev/Pinguino-svn/pinguino32/trunk/linux/p32/bin/../lib/gcc/mips-elf/4.5.2/../../../../mips-elf/lib/libc.a(lib_a-impure.o)
 .bss           0x00000000a0000aa0        0x0 /home/fazzi/dev/Pinguino-svn/pinguino32/trunk/linux/p32/bin/../lib/gcc/mips-elf/4.5.2/../../../../mips-elf/lib/libc.a(lib_a-memset.o)
 .bss           0x00000000a0000aa0        0x0 /home/fazzi/dev/Pinguino-svn/pinguino32/trunk/linux/p32/bin/../lib/gcc/mips-elf/4.5.2/../../../../mips-elf/lib/libc.a(lib_a-sprintf.o)
 .bss           0x00000000a0000aa0        0x0 /home/fazzi/dev/Pinguino-svn/pinguino32/trunk/linux/p32/bin/../lib/gcc/mips-elf/4.5.2/../../../../mips-elf/lib/libc.a(lib_a-strcat.o)
 .bss           0x00000000a0000aa0        0x0 /home/fazzi/dev/Pinguino-svn/pinguino32/trunk/linux/p32/bin/../lib/gcc/mips-elf/4.5.2/../../../../mips-elf/lib/libc.a(lib_a-strcmp.o)
 .bss           0x00000000a0000aa0        0x0 /home/fazzi/dev/Pinguino-svn/pinguino32/trunk/linux/p32/bin/../lib/gcc/mips-elf/4.5.2/../../../../mips-elf/lib/libc.a(lib_a-strcpy.o)
 .bss           0x00000000a0000aa0        0x0 /home/fazzi/dev/Pinguino-svn/pinguino32/trunk/linux/p32/bin/../lib/gcc/mips-elf/4.5.2/../../../../mips-elf/lib/libc.a(lib_a-strlen.o)
 .bss           0x00000000a0000aa0        0x0 /home/fazzi/dev/Pinguino-svn/pinguino32/trunk/linux/p32/bin/../lib/gcc/mips-elf/4.5.2/../../../../mips-elf/lib/libc.a(lib_a-strncpy.o)
 .bss           0x00000000a0000aa0        0x0 /home/fazzi/dev/Pinguino-svn/pinguino32/trunk/linux/p32/bin/../lib/gcc/mips-elf/4.5.2/../../../../mips-elf/lib/libc.a(lib_a-strtol.o)
 .bss           0x00000000a0000aa0        0x0 /home/fazzi/dev/Pinguino-svn/pinguino32/trunk/linux/p32/bin/../lib/gcc/mips-elf/4.5.2/../../../../mips-elf/lib/libc.a(lib_a-svfprintf.o)
 .bss           0x00000000a0000aa0        0x0 /home/fazzi/dev/Pinguino-svn/pinguino32/trunk/linux/p32/bin/../lib/gcc/mips-elf/4.5.2/../../../../mips-elf/lib/libc.a(lib_a-ctype_.o)
 .bss           0x00000000a0000aa0        0x0 /home/fazzi/dev/Pinguino-svn/pinguino32/trunk/linux/p32/bin/../lib/gcc/mips-elf/4.5.2/../../../../mips-elf/lib/libc.a(lib_a-dtoa.o)
 .bss           0x00000000a0000aa0        0x0 /home/fazzi/dev/Pinguino-svn/pinguino32/trunk/linux/p32/bin/../lib/gcc/mips-elf/4.5.2/../../../../mips-elf/lib/libc.a(lib_a-freer.o)
 .bss           0x00000000a0000aa0        0x0 /home/fazzi/dev/Pinguino-svn/pinguino32/trunk/linux/p32/bin/../lib/gcc/mips-elf/4.5.2/../../../../mips-elf/lib/libc.a(lib_a-locale.o)
 .bss           0x00000000a0000aa0       0x28 /home/fazzi/dev/Pinguino-svn/pinguino32/trunk/linux/p32/bin/../lib/gcc/mips-elf/4.5.2/../../../../mips-elf/lib/libc.a(lib_a-mallocr.o)
                0x00000000a0000aa0                __malloc_current_mallinfo
 .bss           0x00000000a0000ac8        0x0 /home/fazzi/dev/Pinguino-svn/pinguino32/trunk/linux/p32/bin/../lib/gcc/mips-elf/4.5.2/../../../../mips-elf/lib/libc.a(lib_a-memchr.o)
 .bss           0x00000000a0000ac8        0x0 /home/fazzi/dev/Pinguino-svn/pinguino32/trunk/linux/p32/bin/../lib/gcc/mips-elf/4.5.2/../../../../mips-elf/lib/libc.a(lib_a-memcpy.o)
 .bss           0x00000000a0000ac8        0x0 /home/fazzi/dev/Pinguino-svn/pinguino32/trunk/linux/p32/bin/../lib/gcc/mips-elf/4.5.2/../../../../mips-elf/lib/libc.a(lib_a-memmove.o)
 .bss           0x00000000a0000ac8        0x0 /home/fazzi/dev/Pinguino-svn/pinguino32/trunk/linux/p32/bin/../lib/gcc/mips-elf/4.5.2/../../../../mips-elf/lib/libc.a(lib_a-mlock.o)
 .bss           0x00000000a0000ac8        0x0 /home/fazzi/dev/Pinguino-svn/pinguino32/trunk/linux/p32/bin/../lib/gcc/mips-elf/4.5.2/../../../../mips-elf/lib/libc.a(lib_a-mprec.o)
 .bss           0x00000000a0000ac8        0x0 /home/fazzi/dev/Pinguino-svn/pinguino32/trunk/linux/p32/bin/../lib/gcc/mips-elf/4.5.2/../../../../mips-elf/lib/libc.a(lib_a-reallocr.o)
 .bss           0x00000000a0000ac8        0x0 /home/fazzi/dev/Pinguino-svn/pinguino32/trunk/linux/p32/bin/../lib/gcc/mips-elf/4.5.2/../../../../mips-elf/lib/libc.a(lib_a-sbrkr.o)
 .bss           0x00000000a0000ac8        0x0 /home/fazzi/dev/Pinguino-svn/pinguino32/trunk/linux/p32/bin/../lib/gcc/mips-elf/4.5.2/../../../../mips-elf/lib/libc.a(lib_a-s_isinfd.o)
 .bss           0x00000000a0000ac8        0x0 /home/fazzi/dev/Pinguino-svn/pinguino32/trunk/linux/p32/bin/../lib/gcc/mips-elf/4.5.2/../../../../mips-elf/lib/libc.a(lib_a-s_isnand.o)
 .bss           0x00000000a0000ac8        0x0 /home/fazzi/dev/Pinguino-svn/pinguino32/trunk/linux/p32/bin/../lib/gcc/mips-elf/4.5.2/../../../../mips-elf/lib/libc.a(lib_a-callocr.o)
 .bss           0x00000000a0000ac8        0x0 /home/fazzi/dev/Pinguino-svn/pinguino32/trunk/linux/p32/bin/../lib/gcc/mips-elf/4.5.2/../../../../mips-elf/lib/libc.a(lib_a-reent.o)
 .bss           0x00000000a0000ac8        0x0 /home/fazzi/dev/Pinguino-svn/pinguino32/trunk/linux/p32/bin/../lib/gcc/mips-elf/4.5.2/soft-float/el/libgcc.a(_udivdi3.o)
 .bss           0x00000000a0000ac8        0x0 /home/fazzi/dev/Pinguino-svn/pinguino32/trunk/linux/p32/bin/../lib/gcc/mips-elf/4.5.2/soft-float/el/libgcc.a(_umoddi3.o)
 .bss           0x00000000a0000ac8        0x0 /home/fazzi/dev/Pinguino-svn/pinguino32/trunk/linux/p32/bin/../lib/gcc/mips-elf/4.5.2/soft-float/el/libgcc.a(_ge_df.o)
 .bss           0x00000000a0000ac8        0x0 /home/fazzi/dev/Pinguino-svn/pinguino32/trunk/linux/p32/bin/../lib/gcc/mips-elf/4.5.2/soft-float/el/libgcc.a(_usi_to_df.o)
 .bss           0x00000000a0000ac8        0x0 /home/fazzi/dev/Pinguino-svn/pinguino32/trunk/linux/p32/bin/../lib/gcc/mips-elf/4.5.2/soft-float/el/crtend.o